Archive member included because of file (symbol)

c:/program files (x86)/atmel/avr tools/avr toolchain/bin/../lib/gcc/avr/4.5.1/avr51\libgcc.a(_mulsi3.o)
                              ../../../../LUFA/Drivers/USB/Class/Host/MassStorage.o (__mulsi3)
c:/program files (x86)/atmel/avr tools/avr toolchain/bin/../lib/gcc/avr/4.5.1/avr51\libgcc.a(_exit.o)
                              c:/program files (x86)/atmel/avr tools/avr toolchain/bin/../lib/gcc/avr/4.5.1/../../../../avr/lib/avr51/crtusb1286.o (exit)
c:/program files (x86)/atmel/avr tools/avr toolchain/bin/../lib/gcc/avr/4.5.1/avr51\libgcc.a(_copy_data.o)
                              StillImageHost.o (__do_copy_data)
c:/program files (x86)/atmel/avr tools/avr toolchain/bin/../lib/gcc/avr/4.5.1/avr51\libgcc.a(_clear_bss.o)
                              ../../../../LUFA/Drivers/USB/Core/AVR8/Host_AVR8.o (__do_clear_bss)
c:/program files (x86)/atmel/avr tools/avr toolchain/bin/../lib/gcc/avr/4.5.1/../../../../avr/lib/avr51\libc.a(memcpy.o)
                              ../../../../LUFA/Drivers/USB/Class/Host/RNDIS.o (memcpy)
c:/program files (x86)/atmel/avr tools/avr toolchain/bin/../lib/gcc/avr/4.5.1/../../../../avr/lib/avr51\libc.a(memmove.o)
                              ../../../../LUFA/Drivers/USB/Class/Host/Printer.o (memmove)
c:/program files (x86)/atmel/avr tools/avr toolchain/bin/../lib/gcc/avr/4.5.1/../../../../avr/lib/avr51\libc.a(iob.o)
                              StillImageHost.o (__iob)
c:/program files (x86)/atmel/avr tools/avr toolchain/bin/../lib/gcc/avr/4.5.1/../../../../avr/lib/avr51\libc.a(printf_p.o)
                              StillImageHost.o (printf_P)
c:/program files (x86)/atmel/avr tools/avr toolchain/bin/../lib/gcc/avr/4.5.1/../../../../avr/lib/avr51\libc.a(puts_p.o)
                              StillImageHost.o (puts_P)
c:/program files (x86)/atmel/avr tools/avr toolchain/bin/../lib/gcc/avr/4.5.1/../../../../avr/lib/avr51\libc.a(vfprintf_std.o)
                              c:/program files (x86)/atmel/avr tools/avr toolchain/bin/../lib/gcc/avr/4.5.1/../../../../avr/lib/avr51\libc.a(printf_p.o) (vfprintf)
c:/program files (x86)/atmel/avr tools/avr toolchain/bin/../lib/gcc/avr/4.5.1/../../../../avr/lib/avr51\libc.a(eerd_byte_at90usb1287.o)
                              ../../../../LUFA/Drivers/USB/Core/AVR8/PipeStream_AVR8.o (__eerd_byte_usb1287)
c:/program files (x86)/atmel/avr tools/avr toolchain/bin/../lib/gcc/avr/4.5.1/../../../../avr/lib/avr51\libc.a(eeupd_byte_at90usb1287.o)
                              ../../../../LUFA/Drivers/USB/Core/AVR8/PipeStream_AVR8.o (__eeupd_byte_usb1287)
c:/program files (x86)/atmel/avr tools/avr toolchain/bin/../lib/gcc/avr/4.5.1/../../../../avr/lib/avr51\libc.a(strnlen_P.o)
                              c:/program files (x86)/atmel/avr tools/avr toolchain/bin/../lib/gcc/avr/4.5.1/../../../../avr/lib/avr51\libc.a(vfprintf_std.o) (strnlen_P)
c:/program files (x86)/atmel/avr tools/avr toolchain/bin/../lib/gcc/avr/4.5.1/../../../../avr/lib/avr51\libc.a(strnlen.o)
                              c:/program files (x86)/atmel/avr tools/avr toolchain/bin/../lib/gcc/avr/4.5.1/../../../../avr/lib/avr51\libc.a(vfprintf_std.o) (strnlen)
c:/program files (x86)/atmel/avr tools/avr toolchain/bin/../lib/gcc/avr/4.5.1/../../../../avr/lib/avr51\libc.a(fputc.o)
                              c:/program files (x86)/atmel/avr tools/avr toolchain/bin/../lib/gcc/avr/4.5.1/../../../../avr/lib/avr51\libc.a(vfprintf_std.o) (fputc)
c:/program files (x86)/atmel/avr tools/avr toolchain/bin/../lib/gcc/avr/4.5.1/../../../../avr/lib/avr51\libc.a(ultoa_invert.o)
                              c:/program files (x86)/atmel/avr tools/avr toolchain/bin/../lib/gcc/avr/4.5.1/../../../../avr/lib/avr51\libc.a(vfprintf_std.o) (__ultoa_invert)

Allocating common symbols
Common symbol       size              file

USB_IsInitialized   0x1               ../../../../LUFA/Drivers/USB/Core/USBTask.o
USB_Host_ConfigurationNumber
                    0x1               ../../../../LUFA/Drivers/USB/Core/HostStandardReq.o
USARTSerialStream   0xe               ../../../../LUFA/Drivers/Peripheral/AVR8/Serial_AVR8.o
USB_ControlRequest  0x8               ../../../../LUFA/Drivers/USB/Core/USBTask.o
USB_HostState       0x1               ../../../../LUFA/Drivers/USB/Core/USBTask.o
__iob               0x6               c:/program files (x86)/atmel/avr tools/avr toolchain/bin/../lib/gcc/avr/4.5.1/../../../../avr/lib/avr51\libc.a(iob.o)

Discarded input sections

 .data          0x00000000        0x0 c:/program files (x86)/atmel/avr tools/avr toolchain/bin/../lib/gcc/avr/4.5.1/../../../../avr/lib/avr51/crtusb1286.o
 .bss           0x00000000        0x0 c:/program files (x86)/atmel/avr tools/avr toolchain/bin/../lib/gcc/avr/4.5.1/../../../../avr/lib/avr51/crtusb1286.o
 .text          0x00000000        0x0 StillImageHost.o
 .bss           0x00000000        0x0 StillImageHost.o
[...]
Memory Configuration

Name             Origin             Length             Attributes
text             0x00000000         0x00020000         xr
data             0x00800100         0x0000ff00         rw !x
eeprom           0x00810000         0x00010000         rw !x
fuse             0x00820000         0x00000400         rw !x
lock             0x00830000         0x00000400         rw !x
signature        0x00840000         0x00000400         rw !x
*default*        0x00000000         0xffffffff

Linker script and memory map

Address of section .data set to 0x800100
LOAD c:/program files (x86)/atmel/avr tools/avr toolchain/bin/../lib/gcc/avr/4.5.1/../../../../avr/lib/avr51/crtusb1286.o
LOAD StillImageHost.o
LOAD ../../../../LUFA/Drivers/USB/Core/AVR8/Device_AVR8.o
LOAD ../../../../LUFA/Drivers/USB/Core/AVR8/Endpoint_AVR8.o
LOAD ../../../../LUFA/Drivers/USB/Core/AVR8/Host_AVR8.o
LOAD ../../../../LUFA/Drivers/USB/Core/AVR8/Pipe_AVR8.o
LOAD ../../../../LUFA/Drivers/USB/Core/AVR8/USBController_AVR8.o
LOAD ../../../../LUFA/Drivers/USB/Core/AVR8/USBInterrupt_AVR8.o
LOAD ../../../../LUFA/Drivers/USB/Core/AVR8/EndpointStream_AVR8.o
LOAD ../../../../LUFA/Drivers/USB/Core/AVR8/PipeStream_AVR8.o
LOAD ../../../../LUFA/Drivers/USB/Core/ConfigDescriptor.o
LOAD ../../../../LUFA/Drivers/USB/Core/DeviceStandardReq.o
LOAD ../../../../LUFA/Drivers/USB/Core/Events.o
LOAD ../../../../LUFA/Drivers/USB/Core/HostStandardReq.o
LOAD ../../../../LUFA/Drivers/USB/Core/USBTask.o
LOAD ../../../../LUFA/Drivers/USB/Class/Common/HIDParser.o
LOAD ../../../../LUFA/Drivers/USB/Class/Device/Audio.o
LOAD ../../../../LUFA/Drivers/USB/Class/Device/CDC.o
LOAD ../../../../LUFA/Drivers/USB/Class/Device/HID.o
LOAD ../../../../LUFA/Drivers/USB/Class/Device/MassStorage.o
LOAD ../../../../LUFA/Drivers/USB/Class/Device/MIDI.o
LOAD ../../../../LUFA/Drivers/USB/Class/Device/RNDIS.o
LOAD ../../../../LUFA/Drivers/USB/Class/Host/Audio.o
LOAD ../../../../LUFA/Drivers/USB/Class/Host/CDC.o
LOAD ../../../../LUFA/Drivers/USB/Class/Host/HID.o
LOAD ../../../../LUFA/Drivers/USB/Class/Host/MassStorage.o
LOAD ../../../../LUFA/Drivers/USB/Class/Host/MIDI.o
LOAD ../../../../LUFA/Drivers/USB/Class/Host/Printer.o
LOAD ../../../../LUFA/Drivers/USB/Class/Host/RNDIS.o
LOAD ../../../../LUFA/Drivers/USB/Class/Host/StillImage.o
LOAD ../../../../LUFA/Drivers/Peripheral/AVR8/Serial_AVR8.o
LOAD c:/program files (x86)/atmel/avr tools/avr toolchain/bin/../lib/gcc/avr/4.5.1/../../../../avr/lib/avr51\libm.a
LOAD c:/program files (x86)/atmel/avr tools/avr toolchain/bin/../lib/gcc/avr/4.5.1/avr51\libgcc.a
LOAD c:/program files (x86)/atmel/avr tools/avr toolchain/bin/../lib/gcc/avr/4.5.1/../../../../avr/lib/avr51\libc.a
LOAD c:/program files (x86)/atmel/avr tools/avr toolchain/bin/../lib/gcc/avr/4.5.1/avr51\libgcc.a

.hash
 *(.hash)

.dynsym
 *(.dynsym)

.dynstr
 *(.dynstr)

.gnu.version
 *(.gnu.version)

.gnu.version_d
 *(.gnu.version_d)

.gnu.version_r
 *(.gnu.version_r)

.rel.init
 *(.rel.init)

.rela.init
 *(.rela.init)

.rel.text
 *(.rel.text)
 *(.rel.text.*)
 *(.rel.gnu.linkonce.t*)

.rela.text
 *(.rela.text)
 *(.rela.text.*)
 *(.rela.gnu.linkonce.t*)

.rel.fini
 *(.rel.fini)

.rela.fini
 *(.rela.fini)

.rel.rodata
 *(.rel.rodata)
 *(.rel.rodata.*)
 *(.rel.gnu.linkonce.r*)

.rela.rodata
 *(.rela.rodata)
 *(.rela.rodata.*)
 *(.rela.gnu.linkonce.r*)

.rel.data
 *(.rel.data)
 *(.rel.data.*)
 *(.rel.gnu.linkonce.d*)

.rela.data
 *(.rela.data)
 *(.rela.data.*)
 *(.rela.gnu.linkonce.d*)

.rel.ctors
 *(.rel.ctors)

.rela.ctors
 *(.rela.ctors)

.rel.dtors
 *(.rel.dtors)

.rela.dtors
 *(.rela.dtors)

.rel.got
 *(.rel.got)

.rela.got
 *(.rela.got)

.rel.bss
 *(.rel.bss)

.rela.bss
 *(.rela.bss)

.rel.plt
 *(.rel.plt)

.rela.plt
 *(.rela.plt)

.text           0x00000000     0x1ede
 *(.vectors)
 .vectors       0x00000000       0x98 c:/program files (x86)/atmel/avr tools/avr toolchain/bin/../lib/gcc/avr/4.5.1/../../../../avr/lib/avr51/crtusb1286.o
                0x00000000                __vector_default
                0x00000000                __vectors
 *(.vectors)
 *(.progmem.gcc*)
 *(.progmem*)
 .progmem.data  0x00000098      0x232 StillImageHost.o
                0x000002ca                . = ALIGN (0x2)
                0x000002ca                __trampolines_start = .
 *(.trampolines)
 .trampolines   0x000002ca        0x0 linker stubs
 *(.trampolines*)
                0x000002ca                __trampolines_end = .
 *(.jumptables)
 *(.jumptables*)
 *(.lowtext)
 *(.lowtext*)
                0x000002ca                __ctors_start = .
 *(.ctors)
                0x000002ca                __ctors_end = .
                0x000002ca                __dtors_start = .
 *(.dtors)
                0x000002ca                __dtors_end = .
 SORT(*)(.ctors)
 SORT(*)(.dtors)
 *(.init0)
 .init0         0x000002ca        0x0 c:/program files (x86)/atmel/avr tools/avr toolchain/bin/../lib/gcc/avr/4.5.1/../../../../avr/lib/avr51/crtusb1286.o
                0x000002ca                __init
 *(.init0)
 *(.init1)
 *(.init1)
 *(.init2)
 .init2         0x000002ca        0xc c:/program files (x86)/atmel/avr tools/avr toolchain/bin/../lib/gcc/avr/4.5.1/../../../../avr/lib/avr51/crtusb1286.o
 *(.init2)
 *(.init3)
 *(.init3)
 *(.init4)
 .init4         0x000002d6       0x1a c:/program files (x86)/atmel/avr tools/avr toolchain/bin/../lib/gcc/avr/4.5.1/avr51\libgcc.a(_copy_data.o)
                0x000002d6                __do_copy_data
 .init4         0x000002f0       0x10 c:/program files (x86)/atmel/avr tools/avr toolchain/bin/../lib/gcc/avr/4.5.1/avr51\libgcc.a(_clear_bss.o)
                0x000002f0                __do_clear_bss
 *(.init4)
 *(.init5)
 *(.init5)
 *(.init6)
 *(.init6)
 *(.init7)
 *(.init7)
 *(.init8)
 *(.init8)
 *(.init9)
 .init9         0x00000300        0x6 c:/program files (x86)/atmel/avr tools/avr toolchain/bin/../lib/gcc/avr/4.5.1/../../../../avr/lib/avr51/crtusb1286.o
 *(.init9)
 *(.text)
 .text          0x00000306        0x2 c:/program files (x86)/atmel/avr tools/avr toolchain/bin/../lib/gcc/avr/4.5.1/../../../../avr/lib/avr51/crtusb1286.o
                0x00000306                __vector_22
                0x00000306                __vector_28
                0x00000306                __vector_1
                0x00000306                __vector_32
                0x00000306                __vector_34
                0x00000306                __vector_24
                0x00000306                __vector_12
                0x00000306                __bad_interrupt
                0x00000306                __vector_6
                0x00000306                __vector_31
                0x00000306                __vector_35
                0x00000306                __vector_3
                0x00000306                __vector_23
                0x00000306                __vector_30
                0x00000306                __vector_25
                0x00000306                __vector_11
                0x00000306                __vector_13
                0x00000306                __vector_17
                0x00000306                __vector_19
                0x00000306                __vector_7
                0x00000306                __vector_27
                0x00000306                __vector_5
                0x00000306                __vector_33
                0x00000306                __vector_37
                0x00000306                __vector_4
                0x00000306                __vector_9
                0x00000306                __vector_2
                0x00000306                __vector_21
                0x00000306                __vector_15
                0x00000306                __vector_36
                0x00000306                __vector_29
                0x00000306                __vector_8
                0x00000306                __vector_26
                0x00000306                __vector_14
                0x00000306                __vector_16
                0x00000306                __vector_18
                0x00000306                __vector_20
                0x00000308                . = ALIGN (0x2)
 *(.text.*)
 .text.SetupHardware
                0x00000308       0x86 StillImageHost.o
                0x00000308                SetupHardware
 .text.StillImageHost_Task
                0x0000038e       0x7c StillImageHost.o
                0x0000038e                StillImageHost_Task
 .text.main     0x0000040a       0x12 StillImageHost.o
                0x0000040a                main
 .text.EVENT_USB_Host_DeviceAttached
                0x0000041c        0x8 StillImageHost.o
                0x0000041c                EVENT_USB_Host_DeviceAttached
 .text.EVENT_USB_Host_DeviceUnattached
                0x00000424        0x8 StillImageHost.o
                0x00000424                EVENT_USB_Host_DeviceUnattached
 .text.EVENT_USB_Host_DeviceEnumerationComplete
                0x0000042c       0x7e StillImageHost.o
                0x0000042c                EVENT_USB_Host_DeviceEnumerationComplete
 .text.EVENT_USB_Host_HostError
                0x000004aa       0x3c StillImageHost.o
                0x000004aa                EVENT_USB_Host_HostError
 .text.EVENT_USB_Host_DeviceEnumerationFailed
                0x000004e6       0x50 StillImageHost.o
                0x000004e6                EVENT_USB_Host_DeviceEnumerationFailed
 .text.USB_Host_ResetDevice
                0x00000536       0xac ../../../../LUFA/Drivers/USB/Core/AVR8/Host_AVR8.o
 .text.USB_Host_WaitMS
                0x000005e2       0xaa ../../../../LUFA/Drivers/USB/Core/AVR8/Host_AVR8.o
                0x000005e2                USB_Host_WaitMS
 .text.USB_Host_ProcessNextHostState
                0x0000068c      0x25e ../../../../LUFA/Drivers/USB/Core/AVR8/Host_AVR8.o
                0x0000068c                USB_Host_ProcessNextHostState
 .text.Pipe_ConfigurePipe
                0x000008ea       0xba ../../../../LUFA/Drivers/USB/Core/AVR8/Pipe_AVR8.o
                0x000008ea                Pipe_ConfigurePipe
 .text.Pipe_ClearPipes
                0x000009a4       0x28 ../../../../LUFA/Drivers/USB/Core/AVR8/Pipe_AVR8.o
                0x000009a4                Pipe_ClearPipes
 .text.Pipe_IsEndpointBound
                0x000009cc       0x44 ../../../../LUFA/Drivers/USB/Core/AVR8/Pipe_AVR8.o
                0x000009cc                Pipe_IsEndpointBound
 .text.Pipe_WaitUntilReady
                0x00000a10       0x5e ../../../../LUFA/Drivers/USB/Core/AVR8/Pipe_AVR8.o
                0x00000a10                Pipe_WaitUntilReady
 .text.USB_Disable
                0x00000a6e       0x30 ../../../../LUFA/Drivers/USB/Core/AVR8/USBController_AVR8.o
                0x00000a6e                USB_Disable
 .text.USB_ResetInterface
                0x00000a9e       0xa0 ../../../../LUFA/Drivers/USB/Core/AVR8/USBController_AVR8.o
                0x00000a9e                USB_ResetInterface
 .text.USB_Init
                0x00000b3e       0x12 ../../../../LUFA/Drivers/USB/Core/AVR8/USBController_AVR8.o
                0x00000b3e                USB_Init
 .text.USB_INT_DisableAllInterrupts
                0x00000b50       0x10 ../../../../LUFA/Drivers/USB/Core/AVR8/USBInterrupt_AVR8.o
                0x00000b50                USB_INT_DisableAllInterrupts
 .text.USB_INT_ClearAllInterrupts
                0x00000b60        0xa ../../../../LUFA/Drivers/USB/Core/AVR8/USBInterrupt_AVR8.o
                0x00000b60                USB_INT_ClearAllInterrupts
 .text.__vector_10
                0x00000b6a      0x126 ../../../../LUFA/Drivers/USB/Core/AVR8/USBInterrupt_AVR8.o
                0x00000b6a                __vector_10
 .text.Pipe_Write_Stream_LE
                0x00000c90       0xc6 ../../../../LUFA/Drivers/USB/Core/AVR8/PipeStream_AVR8.o
                0x00000c90                Pipe_Write_Stream_LE
 .text.Pipe_Read_Stream_LE
                0x00000d56       0xc6 ../../../../LUFA/Drivers/USB/Core/AVR8/PipeStream_AVR8.o
                0x00000d56                Pipe_Read_Stream_LE
 .text.USB_Host_GetDeviceConfigDescriptor
                0x00000e1c       0xae ../../../../LUFA/Drivers/USB/Core/ConfigDescriptor.o
                0x00000e1c                USB_Host_GetDeviceConfigDescriptor
 .text.USB_GetNextDescriptorComp
                0x00000eca       0x86 ../../../../LUFA/Drivers/USB/Core/ConfigDescriptor.o
                0x00000eca                USB_GetNextDescriptorComp
 .text.USB_Event_Stub
                0x00000f50        0x2 ../../../../LUFA/Drivers/USB/Core/Events.o
                0x00000f50                EVENT_USB_Host_StartOfFrame
                0x00000f50                USB_Event_Stub
 .text.USB_Host_WaitForIOS
                0x00000f52       0x52 ../../../../LUFA/Drivers/USB/Core/HostStandardReq.o
 .text.USB_Host_SendControlRequest
                0x00000fa4      0x1fe ../../../../LUFA/Drivers/USB/Core/HostStandardReq.o
                0x00000fa4                USB_Host_SendControlRequest
 .text.USB_Host_SetDeviceConfiguration
                0x000011a2       0x4a ../../../../LUFA/Drivers/USB/Core/HostStandardReq.o
                0x000011a2                USB_Host_SetDeviceConfiguration
 .text.USB_Host_ClearEndpointStall
                0x000011ec       0x2e ../../../../LUFA/Drivers/USB/Core/HostStandardReq.o
                0x000011ec                USB_Host_ClearEndpointStall
 .text.USB_USBTask
                0x0000121a       0x1c ../../../../LUFA/Drivers/USB/Core/USBTask.o
                0x0000121a                USB_USBTask
 .text.DCOMP_SI_Host_NextSIInterface
                0x00001236       0x22 ../../../../LUFA/Drivers/USB/Class/Host/StillImage.o
 .text.DCOMP_SI_Host_NextSIInterfaceEndpoint
                0x00001258       0x2c ../../../../LUFA/Drivers/USB/Class/Host/StillImage.o
 .text.SI_Host_ConfigurePipes
                0x00001284      0x1c2 ../../../../LUFA/Drivers/USB/Class/Host/StillImage.o
                0x00001284                SI_Host_ConfigurePipes
 .text.SI_Host_SendBlockHeader
                0x00001446       0x9e ../../../../LUFA/Drivers/USB/Class/Host/StillImage.o
                0x00001446                SI_Host_SendBlockHeader
 .text.SI_Host_ReceiveBlockHeader
                0x000014e4      0x10e ../../../../LUFA/Drivers/USB/Class/Host/StillImage.o
                0x000014e4                SI_Host_ReceiveBlockHeader
 .text.SI_Host_OpenSession
                0x000015f2       0xd0 ../../../../LUFA/Drivers/USB/Class/Host/StillImage.o
                0x000015f2                SI_Host_OpenSession
 .text.SI_Host_CloseSession
                0x000016c2       0xc2 ../../../../LUFA/Drivers/USB/Class/Host/StillImage.o
                0x000016c2                SI_Host_CloseSession
 .text.SI_Host_SendCommand
                0x00001784       0xb8 ../../../../LUFA/Drivers/USB/Class/Host/StillImage.o
                0x00001784                SI_Host_SendCommand
 .text.SI_Host_ReceiveResponse
                0x0000183c       0x60 ../../../../LUFA/Drivers/USB/Class/Host/StillImage.o
                0x0000183c                SI_Host_ReceiveResponse
 .text.Serial_putchar
                0x0000189c       0x12 ../../../../LUFA/Drivers/Peripheral/AVR8/Serial_AVR8.o
                0x0000189c                Serial_putchar
 .text.Serial_getchar
                0x000018ae       0x26 ../../../../LUFA/Drivers/Peripheral/AVR8/Serial_AVR8.o
                0x000018ae                Serial_getchar
 .text.avr-libc
                0x000018d4       0x12 c:/program files (x86)/atmel/avr tools/avr toolchain/bin/../lib/gcc/avr/4.5.1/../../../../avr/lib/avr51\libc.a(memcpy.o)
                0x000018d4                memcpy
 .text.avr-libc
                0x000018e6       0x3e c:/program files (x86)/atmel/avr tools/avr toolchain/bin/../lib/gcc/avr/4.5.1/../../../../avr/lib/avr51\libc.a(printf_p.o)
                0x000018e6                printf_P
 .text.avr-libc
                0x00001924       0x70 c:/program files (x86)/atmel/avr tools/avr toolchain/bin/../lib/gcc/avr/4.5.1/../../../../avr/lib/avr51\libc.a(puts_p.o)
                0x00001924                puts_P
 .text.avr-libc
                0x00001994      0x406 c:/program files (x86)/atmel/avr tools/avr toolchain/bin/../lib/gcc/avr/4.5.1/../../../../avr/lib/avr51\libc.a(vfprintf_std.o)
                0x00001994                vfprintf
 .text.avr-libc
                0x00001d9a       0x16 c:/program files (x86)/atmel/avr tools/avr toolchain/bin/../lib/gcc/avr/4.5.1/../../../../avr/lib/avr51\libc.a(strnlen_P.o)
                0x00001d9a                strnlen_P
 .text.avr-libc
                0x00001db0       0x16 c:/program files (x86)/atmel/avr tools/avr toolchain/bin/../lib/gcc/avr/4.5.1/../../../../avr/lib/avr51\libc.a(strnlen.o)
                0x00001db0                strnlen
 .text.avr-libc
                0x00001dc6       0x58 c:/program files (x86)/atmel/avr tools/avr toolchain/bin/../lib/gcc/avr/4.5.1/../../../../avr/lib/avr51\libc.a(fputc.o)
                0x00001dc6                fputc
 .text.avr-libc
                0x00001e1e       0xbc c:/program files (x86)/atmel/avr tools/avr toolchain/bin/../lib/gcc/avr/4.5.1/../../../../avr/lib/avr51\libc.a(ultoa_invert.o)
                0x00001e1e                __ultoa_invert
                0x00001eda                . = ALIGN (0x2)
 *(.fini9)
 .fini9         0x00001eda        0x0 c:/program files (x86)/atmel/avr tools/avr toolchain/bin/../lib/gcc/avr/4.5.1/avr51\libgcc.a(_exit.o)
                0x00001eda                _exit
                0x00001eda                exit
 *(.fini9)
 *(.fini8)
 *(.fini8)
 *(.fini7)
 *(.fini7)
 *(.fini6)
 *(.fini6)
 *(.fini5)
 *(.fini5)
 *(.fini4)
 *(.fini4)
 *(.fini3)
 *(.fini3)
 *(.fini2)
 *(.fini2)
 *(.fini1)
 *(.fini1)
 *(.fini0)
 .fini0         0x00001eda        0x4 c:/program files (x86)/atmel/avr tools/avr toolchain/bin/../lib/gcc/avr/4.5.1/avr51\libgcc.a(_exit.o)
 *(.fini0)
                0x00001ede                _etext = .

.data           0x00800100       0x24 load address 0x00001ede
                0x00800100                PROVIDE (__data_start, .)
 *(.data)
 .data          0x00800100       0x13 StillImageHost.o
                0x00800100                DigitalCamera_SI_Interface
 .data          0x00800113       0x10 ../../../../LUFA/Drivers/USB/Core/AVR8/Host_AVR8.o
 .data          0x00800123        0x1 ../../../../LUFA/Drivers/USB/Core/AVR8/Pipe_AVR8.o
                0x00800123                USB_Host_ControlPipeSize
 *(.data*)
 *(.rodata)
 *(.rodata*)
 *(.gnu.linkonce.d*)
                0x00800124                . = ALIGN (0x2)
                0x00800124                _edata = .
                0x00800124                PROVIDE (__data_end, .)

.bss            0x00800124       0x22
                0x00800124                PROVIDE (__bss_start, .)
 *(.bss)
 .bss           0x00800124        0x3 ../../../../LUFA/Drivers/USB/Core/AVR8/Host_AVR8.o
 *(.bss*)
 *(COMMON)
 COMMON         0x00800127        0x1 ../../../../LUFA/Drivers/USB/Core/HostStandardReq.o
                0x00800127                USB_Host_ConfigurationNumber
 COMMON         0x00800128        0xa ../../../../LUFA/Drivers/USB/Core/USBTask.o
                0x00800128                USB_IsInitialized
                0x00800129                USB_ControlRequest
                0x00800131                USB_HostState
 COMMON         0x00800132        0xe ../../../../LUFA/Drivers/Peripheral/AVR8/Serial_AVR8.o
                0x00800132                USARTSerialStream
 COMMON         0x00800140        0x6 c:/program files (x86)/atmel/avr tools/avr toolchain/bin/../lib/gcc/avr/4.5.1/../../../../avr/lib/avr51\libc.a(iob.o)
                0x00800140                __iob
                0x00800146                PROVIDE (__bss_end, .)
                0x00001ede                __data_load_start = LOADADDR (.data)
                0x00001f02                __data_load_end = (__data_load_start + SIZEOF (.data))

.noinit         0x00800146        0x0
                0x00800146                PROVIDE (__noinit_start, .)
 *(.noinit*)
                0x00800146                PROVIDE (__noinit_end, .)
                0x00800146                _end = .
                0x00800146                PROVIDE (__heap_start, .)

.eeprom         0x00810000        0x0
 *(.eeprom*)
                0x00810000                __eeprom_end = .

.fuse
 *(.fuse)
 *(.lfuse)
 *(.hfuse)
 *(.efuse)

.lock
 *(.lock*)

.signature
 *(.signature*)

.stab           0x00000000      0xf90
 *(.stab)
 .stab          0x00000000      0x6cc c:/program files (x86)/atmel/avr tools/avr toolchain/bin/../lib/gcc/avr/4.5.1/../../../../avr/lib/avr51/crtusb1286.o
 .stab          0x000006cc       0x84 c:/program files (x86)/atmel/avr tools/avr toolchain/bin/../lib/gcc/avr/4.5.1/../../../../avr/lib/avr51\libc.a(memcpy.o)
                                 0x90 (size before relaxing)
 .stab          0x00000750       0xe4 c:/program files (x86)/atmel/avr tools/avr toolchain/bin/../lib/gcc/avr/4.5.1/../../../../avr/lib/avr51\libc.a(memmove.o)
                                 0xf0 (size before relaxing)
 .stab          0x00000834       0x90 c:/program files (x86)/atmel/avr tools/avr toolchain/bin/../lib/gcc/avr/4.5.1/../../../../avr/lib/avr51\libc.a(eerd_byte_at90usb1287.o)
                                 0x9c (size before relaxing)
 .stab          0x000008c4      0x114 c:/program files (x86)/atmel/avr tools/avr toolchain/bin/../lib/gcc/avr/4.5.1/../../../../avr/lib/avr51\libc.a(eeupd_byte_at90usb1287.o)
                                0x120 (size before relaxing)
 .stab          0x000009d8       0x9c c:/program files (x86)/atmel/avr tools/avr toolchain/bin/../lib/gcc/avr/4.5.1/../../../../avr/lib/avr51\libc.a(strnlen_P.o)
                                 0xa8 (size before relaxing)
 .stab          0x00000a74       0x9c c:/program files (x86)/atmel/avr tools/avr toolchain/bin/../lib/gcc/avr/4.5.1/../../../../avr/lib/avr51\libc.a(strnlen.o)
                                 0xa8 (size before relaxing)
 .stab          0x00000b10      0x480 c:/program files (x86)/atmel/avr tools/avr toolchain/bin/../lib/gcc/avr/4.5.1/../../../../avr/lib/avr51\libc.a(ultoa_invert.o)
                                0x48c (size before relaxing)

.stabstr        0x00000000      0x342
 *(.stabstr)
 .stabstr       0x00000000      0x342 c:/program files (x86)/atmel/avr tools/avr toolchain/bin/../lib/gcc/avr/4.5.1/../../../../avr/lib/avr51/crtusb1286.o

.stab.excl
 *(.stab.excl)

.stab.exclstr
 *(.stab.exclstr)

.stab.index
 *(.stab.index)

.stab.indexstr
 *(.stab.indexstr)

.comment
 *(.comment)

.debug
 *(.debug)

.line
 *(.line)

.debug_srcinfo
 *(.debug_srcinfo)

.debug_sfnames
 *(.debug_sfnames)

.debug_aranges  0x00000000      0x748
 *(.debug_aranges)
 .debug_aranges
                0x00000000       0x58 StillImageHost.o
 .debug_aranges
                0x00000058       0x30 ../../../../LUFA/Drivers/USB/Core/AVR8/Host_AVR8.o
 .debug_aranges
                0x00000088       0x38 ../../../../LUFA/Drivers/USB/Core/AVR8/Pipe_AVR8.o
 .debug_aranges
                0x000000c0       0x30 ../../../../LUFA/Drivers/USB/Core/AVR8/USBController_AVR8.o
 .debug_aranges
                0x000000f0       0x30 ../../../../LUFA/Drivers/USB/Core/AVR8/USBInterrupt_AVR8.o
 .debug_aranges
                0x00000120       0x78 ../../../../LUFA/Drivers/USB/Core/AVR8/PipeStream_AVR8.o
 .debug_aranges
                0x00000198       0x40 ../../../../LUFA/Drivers/USB/Core/ConfigDescriptor.o
 .debug_aranges
                0x000001d8       0x20 ../../../../LUFA/Drivers/USB/Core/Events.o
 .debug_aranges
                0x000001f8       0x58 ../../../../LUFA/Drivers/USB/Core/HostStandardReq.o
 .debug_aranges
                0x00000250       0x20 ../../../../LUFA/Drivers/USB/Core/USBTask.o
 .debug_aranges
                0x00000270       0x38 ../../../../LUFA/Drivers/USB/Class/Common/HIDParser.o
 .debug_aranges
                0x000002a8       0x48 ../../../../LUFA/Drivers/USB/Class/Host/Audio.o
 .debug_aranges
                0x000002f0       0xb8 ../../../../LUFA/Drivers/USB/Class/Host/CDC.o
 .debug_aranges
                0x000003a8       0x70 ../../../../LUFA/Drivers/USB/Class/Host/HID.o
 .debug_aranges
                0x00000418       0x90 ../../../../LUFA/Drivers/USB/Class/Host/MassStorage.o
 .debug_aranges
                0x000004a8       0x50 ../../../../LUFA/Drivers/USB/Class/Host/MIDI.o
 .debug_aranges
                0x000004f8       0x88 ../../../../LUFA/Drivers/USB/Class/Host/Printer.o
 .debug_aranges
                0x00000580       0x80 ../../../../LUFA/Drivers/USB/Class/Host/RNDIS.o
 .debug_aranges
                0x00000600       0x80 ../../../../LUFA/Drivers/USB/Class/Host/StillImage.o
 .debug_aranges
                0x00000680       0x48 ../../../../LUFA/Drivers/Peripheral/AVR8/Serial_AVR8.o
 .debug_aranges
                0x000006c8       0x20 c:/program files (x86)/atmel/avr tools/avr toolchain/bin/../lib/gcc/avr/4.5.1/../../../../avr/lib/avr51\libc.a(printf_p.o)
 .debug_aranges
                0x000006e8       0x20 c:/program files (x86)/atmel/avr tools/avr toolchain/bin/../lib/gcc/avr/4.5.1/../../../../avr/lib/avr51\libc.a(puts_p.o)
 .debug_aranges
                0x00000708       0x20 c:/program files (x86)/atmel/avr tools/avr toolchain/bin/../lib/gcc/avr/4.5.1/../../../../avr/lib/avr51\libc.a(vfprintf_std.o)
 .debug_aranges
                0x00000728       0x20 c:/program files (x86)/atmel/avr tools/avr toolchain/bin/../lib/gcc/avr/4.5.1/../../../../avr/lib/avr51\libc.a(fputc.o)

.debug_pubnames
                0x00000000     0x102b
 *(.debug_pubnames)
 .debug_pubnames
                0x00000000      0x11f StillImageHost.o
 .debug_pubnames
                0x0000011f       0x48 ../../../../LUFA/Drivers/USB/Core/AVR8/Host_AVR8.o
 .debug_pubnames
                0x00000167       0x8b ../../../../LUFA/Drivers/USB/Core/AVR8/Pipe_AVR8.o
 .debug_pubnames
                0x000001f2       0x46 ../../../../LUFA/Drivers/USB/Core/AVR8/USBController_AVR8.o
 .debug_pubnames
                0x00000238       0x62 ../../../../LUFA/Drivers/USB/Core/AVR8/USBInterrupt_AVR8.o
 .debug_pubnames
                0x0000029a      0x13b ../../../../LUFA/Drivers/USB/Core/AVR8/PipeStream_AVR8.o
 .debug_pubnames
                0x000003d5       0xc2 ../../../../LUFA/Drivers/USB/Core/ConfigDescriptor.o
 .debug_pubnames
                0x00000497       0x25 ../../../../LUFA/Drivers/USB/Core/Events.o
 .debug_pubnames
                0x000004bc      0x120 ../../../../LUFA/Drivers/USB/Core/HostStandardReq.o
 .debug_pubnames
                0x000005dc       0x61 ../../../../LUFA/Drivers/USB/Core/USBTask.o
 .debug_pubnames
                0x0000063d       0x7e ../../../../LUFA/Drivers/USB/Class/Common/HIDParser.o
 .debug_pubnames
                0x000006bb       0x78 ../../../../LUFA/Drivers/USB/Class/Host/Audio.o
 .debug_pubnames
                0x00000733      0x17e ../../../../LUFA/Drivers/USB/Class/Host/CDC.o
 .debug_pubnames
                0x000008b1       0xf9 ../../../../LUFA/Drivers/USB/Class/Host/HID.o
 .debug_pubnames
                0x000009aa      0x12e ../../../../LUFA/Drivers/USB/Class/Host/MassStorage.o
 .debug_pubnames
                0x00000ad8       0x98 ../../../../LUFA/Drivers/USB/Class/Host/MIDI.o
 .debug_pubnames
                0x00000b70      0x147 ../../../../LUFA/Drivers/USB/Class/Host/Printer.o
 .debug_pubnames
                0x00000cb7      0x103 ../../../../LUFA/Drivers/USB/Class/Host/RNDIS.o
 .debug_pubnames
                0x00000dba      0x132 ../../../../LUFA/Drivers/USB/Class/Host/StillImage.o
 .debug_pubnames
                0x00000eec       0xac ../../../../LUFA/Drivers/Peripheral/AVR8/Serial_AVR8.o
 .debug_pubnames
                0x00000f98       0x1c c:/program files (x86)/atmel/avr tools/avr toolchain/bin/../lib/gcc/avr/4.5.1/../../../../avr/lib/avr51\libc.a(iob.o)
 .debug_pubnames
                0x00000fb4       0x1f c:/program files (x86)/atmel/avr tools/avr toolchain/bin/../lib/gcc/avr/4.5.1/../../../../avr/lib/avr51\libc.a(printf_p.o)
 .debug_pubnames
                0x00000fd3       0x1d c:/program files (x86)/atmel/avr tools/avr toolchain/bin/../lib/gcc/avr/4.5.1/../../../../avr/lib/avr51\libc.a(puts_p.o)
 .debug_pubnames
                0x00000ff0       0x1f c:/program files (x86)/atmel/avr tools/avr toolchain/bin/../lib/gcc/avr/4.5.1/../../../../avr/lib/avr51\libc.a(vfprintf_std.o)
 .debug_pubnames
                0x0000100f       0x1c c:/program files (x86)/atmel/avr tools/avr toolchain/bin/../lib/gcc/avr/4.5.1/../../../../avr/lib/avr51\libc.a(fputc.o)

.debug_info     0x00000000     0xc37a
 *(.debug_info)
 .debug_info    0x00000000      0x675 StillImageHost.o
 .debug_info    0x00000675        0x0 ../../../../LUFA/Drivers/USB/Core/AVR8/Device_AVR8.o
 .debug_info    0x00000675        0x0 ../../../../LUFA/Drivers/USB/Core/AVR8/Endpoint_AVR8.o
 .debug_info    0x00000675      0xa57 ../../../../LUFA/Drivers/USB/Core/AVR8/Host_AVR8.o
 .debug_info    0x000010cc      0x56b ../../../../LUFA/Drivers/USB/Core/AVR8/Pipe_AVR8.o
 .debug_info    0x00001637      0x3f1 ../../../../LUFA/Drivers/USB/Core/AVR8/USBController_AVR8.o
 .debug_info    0x00001a28      0x489 ../../../../LUFA/Drivers/USB/Core/AVR8/USBInterrupt_AVR8.o
 .debug_info    0x00001eb1        0x0 ../../../../LUFA/Drivers/USB/Core/AVR8/EndpointStream_AVR8.o
 .debug_info    0x00001eb1      0xac6 ../../../../LUFA/Drivers/USB/Core/AVR8/PipeStream_AVR8.o
 .debug_info    0x00002977      0x63f ../../../../LUFA/Drivers/USB/Core/ConfigDescriptor.o
 .debug_info    0x00002fb6        0x0 ../../../../LUFA/Drivers/USB/Core/DeviceStandardReq.o
 .debug_info    0x00002fb6       0x85 ../../../../LUFA/Drivers/USB/Core/Events.o
 .debug_info    0x0000303b      0x914 ../../../../LUFA/Drivers/USB/Core/HostStandardReq.o
 .debug_info    0x0000394f      0x1e8 ../../../../LUFA/Drivers/USB/Core/USBTask.o
 .debug_info    0x00003b37      0x6f9 ../../../../LUFA/Drivers/USB/Class/Common/HIDParser.o
 .debug_info    0x00004230        0x0 ../../../../LUFA/Drivers/USB/Class/Device/Audio.o
 .debug_info    0x00004230        0x0 ../../../../LUFA/Drivers/USB/Class/Device/CDC.o
 .debug_info    0x00004230        0x0 ../../../../LUFA/Drivers/USB/Class/Device/HID.o
 .debug_info    0x00004230        0x0 ../../../../LUFA/Drivers/USB/Class/Device/MassStorage.o
 .debug_info    0x00004230        0x0 ../../../../LUFA/Drivers/USB/Class/Device/MIDI.o
 .debug_info    0x00004230        0x0 ../../../../LUFA/Drivers/USB/Class/Device/RNDIS.o
 .debug_info    0x00004230      0x799 ../../../../LUFA/Drivers/USB/Class/Host/Audio.o
 .debug_info    0x000049c9     0x10a0 ../../../../LUFA/Drivers/USB/Class/Host/CDC.o
 .debug_info    0x00005a69     0x101c ../../../../LUFA/Drivers/USB/Class/Host/HID.o
 .debug_info    0x00006a85     0x14db ../../../../LUFA/Drivers/USB/Class/Host/MassStorage.o
 .debug_info    0x00007f60      0x875 ../../../../LUFA/Drivers/USB/Class/Host/MIDI.o
 .debug_info    0x000087d5      0xdd5 ../../../../LUFA/Drivers/USB/Class/Host/Printer.o
 .debug_info    0x000095aa     0x1228 ../../../../LUFA/Drivers/USB/Class/Host/RNDIS.o
 .debug_info    0x0000a7d2      0xddd ../../../../LUFA/Drivers/USB/Class/Host/StillImage.o
 .debug_info    0x0000b5af      0x413 ../../../../LUFA/Drivers/Peripheral/AVR8/Serial_AVR8.o
 .debug_info    0x0000b9c2      0x14f c:/program files (x86)/atmel/avr tools/avr toolchain/bin/../lib/gcc/avr/4.5.1/../../../../avr/lib/avr51\libc.a(iob.o)
 .debug_info    0x0000bb11      0x1c6 c:/program files (x86)/atmel/avr tools/avr toolchain/bin/../lib/gcc/avr/4.5.1/../../../../avr/lib/avr51\libc.a(printf_p.o)
 .debug_info    0x0000bcd7      0x1ec c:/program files (x86)/atmel/avr tools/avr toolchain/bin/../lib/gcc/avr/4.5.1/../../../../avr/lib/avr51\libc.a(puts_p.o)
 .debug_info    0x0000bec3      0x350 c:/program files (x86)/atmel/avr tools/avr toolchain/bin/../lib/gcc/avr/4.5.1/../../../../avr/lib/avr51\libc.a(vfprintf_std.o)
 .debug_info    0x0000c213      0x167 c:/program files (x86)/atmel/avr tools/avr toolchain/bin/../lib/gcc/avr/4.5.1/../../../../avr/lib/avr51\libc.a(fputc.o)
 *(.gnu.linkonce.wi.*)

.debug_abbrev   0x00000000     0x2ce3
 *(.debug_abbrev)
 .debug_abbrev  0x00000000      0x24e StillImageHost.o
 .debug_abbrev  0x0000024e        0x1 ../../../../LUFA/Drivers/USB/Core/AVR8/Device_AVR8.o
 .debug_abbrev  0x0000024f        0x1 ../../../../LUFA/Drivers/USB/Core/AVR8/Endpoint_AVR8.o
 .debug_abbrev  0x00000250      0x2c7 ../../../../LUFA/Drivers/USB/Core/AVR8/Host_AVR8.o
 .debug_abbrev  0x00000517      0x1e8 ../../../../LUFA/Drivers/USB/Core/AVR8/Pipe_AVR8.o
 .debug_abbrev  0x000006ff      0x13d ../../../../LUFA/Drivers/USB/Core/AVR8/USBController_AVR8.o
 .debug_abbrev  0x0000083c      0x12a ../../../../LUFA/Drivers/USB/Core/AVR8/USBInterrupt_AVR8.o
 .debug_abbrev  0x00000966        0x1 ../../../../LUFA/Drivers/USB/Core/AVR8/EndpointStream_AVR8.o
 .debug_abbrev  0x00000967      0x164 ../../../../LUFA/Drivers/USB/Core/AVR8/PipeStream_AVR8.o
 .debug_abbrev  0x00000acb      0x1ca ../../../../LUFA/Drivers/USB/Core/ConfigDescriptor.o
 .debug_abbrev  0x00000c95        0x1 ../../../../LUFA/Drivers/USB/Core/DeviceStandardReq.o
 .debug_abbrev  0x00000c96       0x41 ../../../../LUFA/Drivers/USB/Core/Events.o
 .debug_abbrev  0x00000cd7      0x24c ../../../../LUFA/Drivers/USB/Core/HostStandardReq.o
 .debug_abbrev  0x00000f23      0x11a ../../../../LUFA/Drivers/USB/Core/USBTask.o
 .debug_abbrev  0x0000103d      0x1ec ../../../../LUFA/Drivers/USB/Class/Common/HIDParser.o
 .debug_abbrev  0x00001229        0x1 ../../../../LUFA/Drivers/USB/Class/Device/Audio.o
 .debug_abbrev  0x0000122a        0x1 ../../../../LUFA/Drivers/USB/Class/Device/CDC.o
 .debug_abbrev  0x0000122b        0x1 ../../../../LUFA/Drivers/USB/Class/Device/HID.o
 .debug_abbrev  0x0000122c        0x1 ../../../../LUFA/Drivers/USB/Class/Device/MassStorage.o
 .debug_abbrev  0x0000122d        0x1 ../../../../LUFA/Drivers/USB/Class/Device/MIDI.o
 .debug_abbrev  0x0000122e        0x1 ../../../../LUFA/Drivers/USB/Class/Device/RNDIS.o
 .debug_abbrev  0x0000122f      0x1b1 ../../../../LUFA/Drivers/USB/Class/Host/Audio.o
 .debug_abbrev  0x000013e0      0x311 ../../../../LUFA/Drivers/USB/Class/Host/CDC.o
 .debug_abbrev  0x000016f1      0x2be ../../../../LUFA/Drivers/USB/Class/Host/HID.o
 .debug_abbrev  0x000019af      0x2ce ../../../../LUFA/Drivers/USB/Class/Host/MassStorage.o
 .debug_abbrev  0x00001c7d      0x1d0 ../../../../LUFA/Drivers/USB/Class/Host/MIDI.o
 .debug_abbrev  0x00001e4d      0x2b9 ../../../../LUFA/Drivers/USB/Class/Host/Printer.o
 .debug_abbrev  0x00002106      0x277 ../../../../LUFA/Drivers/USB/Class/Host/RNDIS.o
 .debug_abbrev  0x0000237d      0x263 ../../../../LUFA/Drivers/USB/Class/Host/StillImage.o
 .debug_abbrev  0x000025e0      0x1d1 ../../../../LUFA/Drivers/Peripheral/AVR8/Serial_AVR8.o
 .debug_abbrev  0x000027b1       0xc5 c:/program files (x86)/atmel/avr tools/avr toolchain/bin/../lib/gcc/avr/4.5.1/../../../../avr/lib/avr51\libc.a(iob.o)
 .debug_abbrev  0x00002876      0x11c c:/program files (x86)/atmel/avr tools/avr toolchain/bin/../lib/gcc/avr/4.5.1/../../../../avr/lib/avr51\libc.a(printf_p.o)
 .debug_abbrev  0x00002992      0x119 c:/program files (x86)/atmel/avr tools/avr toolchain/bin/../lib/gcc/avr/4.5.1/../../../../avr/lib/avr51\libc.a(puts_p.o)
 .debug_abbrev  0x00002aab      0x15f c:/program files (x86)/atmel/avr tools/avr toolchain/bin/../lib/gcc/avr/4.5.1/../../../../avr/lib/avr51\libc.a(vfprintf_std.o)
 .debug_abbrev  0x00002c0a       0xd9 c:/program files (x86)/atmel/avr tools/avr toolchain/bin/../lib/gcc/avr/4.5.1/../../../../avr/lib/avr51\libc.a(fputc.o)

.debug_line     0x00000000     0x9f39
 *(.debug_line)
 .debug_line    0x00000000      0x50b StillImageHost.o
 .debug_line    0x0000050b       0x24 ../../../../LUFA/Drivers/USB/Core/AVR8/Device_AVR8.o
 .debug_line    0x0000052f       0x24 ../../../../LUFA/Drivers/USB/Core/AVR8/Endpoint_AVR8.o
 .debug_line    0x00000553      0x925 ../../../../LUFA/Drivers/USB/Core/AVR8/Host_AVR8.o
 .debug_line    0x00000e78      0x596 ../../../../LUFA/Drivers/USB/Core/AVR8/Pipe_AVR8.o
 .debug_line    0x0000140e      0x403 ../../../../LUFA/Drivers/USB/Core/AVR8/USBController_AVR8.o
 .debug_line    0x00001811      0x454 ../../../../LUFA/Drivers/USB/Core/AVR8/USBInterrupt_AVR8.o
 .debug_line    0x00001c65       0x24 ../../../../LUFA/Drivers/USB/Core/AVR8/EndpointStream_AVR8.o
 .debug_line    0x00001c89      0xce7 ../../../../LUFA/Drivers/USB/Core/AVR8/PipeStream_AVR8.o
 .debug_line    0x00002970      0x3d0 ../../../../LUFA/Drivers/USB/Core/ConfigDescriptor.o
 .debug_line    0x00002d40       0x24 ../../../../LUFA/Drivers/USB/Core/DeviceStandardReq.o
 .debug_line    0x00002d64       0x89 ../../../../LUFA/Drivers/USB/Core/Events.o
 .debug_line    0x00002ded      0x727 ../../../../LUFA/Drivers/USB/Core/HostStandardReq.o
 .debug_line    0x00003514      0x1d1 ../../../../LUFA/Drivers/USB/Core/USBTask.o
 .debug_line    0x000036e5      0x7a2 ../../../../LUFA/Drivers/USB/Class/Common/HIDParser.o
 .debug_line    0x00003e87       0x24 ../../../../LUFA/Drivers/USB/Class/Device/Audio.o
 .debug_line    0x00003eab       0x24 ../../../../LUFA/Drivers/USB/Class/Device/CDC.o
 .debug_line    0x00003ecf       0x24 ../../../../LUFA/Drivers/USB/Class/Device/HID.o
 .debug_line    0x00003ef3       0x24 ../../../../LUFA/Drivers/USB/Class/Device/MassStorage.o
 .debug_line    0x00003f17       0x24 ../../../../LUFA/Drivers/USB/Class/Device/MIDI.o
 .debug_line    0x00003f3b       0x24 ../../../../LUFA/Drivers/USB/Class/Device/RNDIS.o
 .debug_line    0x00003f5f      0x664 ../../../../LUFA/Drivers/USB/Class/Host/Audio.o
 .debug_line    0x000045c3      0xc4d ../../../../LUFA/Drivers/USB/Class/Host/CDC.o
 .debug_line    0x00005210      0x96c ../../../../LUFA/Drivers/USB/Class/Host/HID.o
 .debug_line    0x00005b7c      0xc59 ../../../../LUFA/Drivers/USB/Class/Host/MassStorage.o
 .debug_line    0x000067d5      0x70c ../../../../LUFA/Drivers/USB/Class/Host/MIDI.o
 .debug_line    0x00006ee1      0xad7 ../../../../LUFA/Drivers/USB/Class/Host/Printer.o
 .debug_line    0x000079b8      0xb3c ../../../../LUFA/Drivers/USB/Class/Host/RNDIS.o
 .debug_line    0x000084f4      0xbd6 ../../../../LUFA/Drivers/USB/Class/Host/StillImage.o
 .debug_line    0x000090ca      0x310 ../../../../LUFA/Drivers/Peripheral/AVR8/Serial_AVR8.o
 .debug_line    0x000093da       0xeb c:/program files (x86)/atmel/avr tools/avr toolchain/bin/../lib/gcc/avr/4.5.1/../../../../avr/lib/avr51\libc.a(iob.o)
 .debug_line    0x000094c5      0x198 c:/program files (x86)/atmel/avr tools/avr toolchain/bin/../lib/gcc/avr/4.5.1/../../../../avr/lib/avr51\libc.a(printf_p.o)
 .debug_line    0x0000965d      0x148 c:/program files (x86)/atmel/avr tools/avr toolchain/bin/../lib/gcc/avr/4.5.1/../../../../avr/lib/avr51\libc.a(puts_p.o)
 .debug_line    0x000097a5      0x64d c:/program files (x86)/atmel/avr tools/avr toolchain/bin/../lib/gcc/avr/4.5.1/../../../../avr/lib/avr51\libc.a(vfprintf_std.o)
 .debug_line    0x00009df2      0x147 c:/program files (x86)/atmel/avr tools/avr toolchain/bin/../lib/gcc/avr/4.5.1/../../../../avr/lib/avr51\libc.a(fputc.o)

.debug_frame    0x00000000      0xb90
 *(.debug_frame)
 .debug_frame   0x00000000       0x90 StillImageHost.o
 .debug_frame   0x00000090       0x40 ../../../../LUFA/Drivers/USB/Core/AVR8/Host_AVR8.o
 .debug_frame   0x000000d0       0x50 ../../../../LUFA/Drivers/USB/Core/AVR8/Pipe_AVR8.o
 .debug_frame   0x00000120       0x40 ../../../../LUFA/Drivers/USB/Core/AVR8/USBController_AVR8.o
 .debug_frame   0x00000160       0x40 ../../../../LUFA/Drivers/USB/Core/AVR8/USBInterrupt_AVR8.o
 .debug_frame   0x000001a0       0xd0 ../../../../LUFA/Drivers/USB/Core/AVR8/PipeStream_AVR8.o
 .debug_frame   0x00000270       0x60 ../../../../LUFA/Drivers/USB/Core/ConfigDescriptor.o
 .debug_frame   0x000002d0       0x20 ../../../../LUFA/Drivers/USB/Core/Events.o
 .debug_frame   0x000002f0       0x90 ../../../../LUFA/Drivers/USB/Core/HostStandardReq.o
 .debug_frame   0x00000380       0x20 ../../../../LUFA/Drivers/USB/Core/USBTask.o
 .debug_frame   0x000003a0       0x50 ../../../../LUFA/Drivers/USB/Class/Common/HIDParser.o
 .debug_frame   0x000003f0       0x70 ../../../../LUFA/Drivers/USB/Class/Host/Audio.o
 .debug_frame   0x00000460      0x150 ../../../../LUFA/Drivers/USB/Class/Host/CDC.o
 .debug_frame   0x000005b0       0xc0 ../../../../LUFA/Drivers/USB/Class/Host/HID.o
 .debug_frame   0x00000670      0x100 ../../../../LUFA/Drivers/USB/Class/Host/MassStorage.o
 .debug_frame   0x00000770       0x80 ../../../../LUFA/Drivers/USB/Class/Host/MIDI.o
 .debug_frame   0x000007f0       0xf0 ../../../../LUFA/Drivers/USB/Class/Host/Printer.o
 .debug_frame   0x000008e0       0xe0 ../../../../LUFA/Drivers/USB/Class/Host/RNDIS.o
 .debug_frame   0x000009c0       0xe0 ../../../../LUFA/Drivers/USB/Class/Host/StillImage.o
 .debug_frame   0x00000aa0       0x70 ../../../../LUFA/Drivers/Peripheral/AVR8/Serial_AVR8.o
 .debug_frame   0x00000b10       0x20 c:/program files (x86)/atmel/avr tools/avr toolchain/bin/../lib/gcc/avr/4.5.1/../../../../avr/lib/avr51\libc.a(printf_p.o)
 .debug_frame   0x00000b30       0x20 c:/program files (x86)/atmel/avr tools/avr toolchain/bin/../lib/gcc/avr/4.5.1/../../../../avr/lib/avr51\libc.a(puts_p.o)
 .debug_frame   0x00000b50       0x20 c:/program files (x86)/atmel/avr tools/avr toolchain/bin/../lib/gcc/avr/4.5.1/../../../../avr/lib/avr51\libc.a(vfprintf_std.o)
 .debug_frame   0x00000b70       0x20 c:/program files (x86)/atmel/avr tools/avr toolchain/bin/../lib/gcc/avr/4.5.1/../../../../avr/lib/avr51\libc.a(fputc.o)

.debug_str      0x00000000     0x486a
 *(.debug_str)
 .debug_str     0x00000000      0x87f StillImageHost.o
                                0x8df (size before relaxing)
 .debug_str     0x0000087f      0x70d ../../../../LUFA/Drivers/USB/Core/AVR8/Host_AVR8.o
                                0xa00 (size before relaxing)
 .debug_str     0x00000f8c      0x28d ../../../../LUFA/Drivers/USB/Core/AVR8/Pipe_AVR8.o
                                0x51b (size before relaxing)
 .debug_str     0x00001219      0x170 ../../../../LUFA/Drivers/USB/Core/AVR8/USBController_AVR8.o
                                0x4c0 (size before relaxing)
 .debug_str     0x00001389       0xb2 ../../../../LUFA/Drivers/USB/Core/AVR8/USBInterrupt_AVR8.o
                                0x482 (size before relaxing)
 .debug_str     0x0000143b      0x1e4 ../../../../LUFA/Drivers/USB/Core/AVR8/PipeStream_AVR8.o
                                0x366 (size before relaxing)
 .debug_str     0x0000161f      0x32f ../../../../LUFA/Drivers/USB/Core/ConfigDescriptor.o
                                0x7e0 (size before relaxing)
 .debug_str     0x0000194e       0x3d ../../../../LUFA/Drivers/USB/Core/Events.o
                                 0xe1 (size before relaxing)
 .debug_str     0x0000198b      0x2ca ../../../../LUFA/Drivers/USB/Core/HostStandardReq.o
                                0x9ac (size before relaxing)
 .debug_str     0x00001c55       0x51 ../../../../LUFA/Drivers/USB/Core/USBTask.o
                                0x1b0 (size before relaxing)
 .debug_str     0x00001ca6      0x479 ../../../../LUFA/Drivers/USB/Class/Common/HIDParser.o
                                0x5cf (size before relaxing)
 .debug_str     0x0000211f      0x444 ../../../../LUFA/Drivers/USB/Class/Host/Audio.o
                                0x96c (size before relaxing)
 .debug_str     0x00002563      0x5f1 ../../../../LUFA/Drivers/USB/Class/Host/CDC.o
                                0xe10 (size before relaxing)
 .debug_str     0x00002b54      0x496 ../../../../LUFA/Drivers/USB/Class/Host/HID.o
                               0x11e6 (size before relaxing)
 .debug_str     0x00002fea      0x695 ../../../../LUFA/Drivers/USB/Class/Host/MassStorage.o
                                0xfb9 (size before relaxing)
 .debug_str     0x0000367f      0x227 ../../../../LUFA/Drivers/USB/Class/Host/MIDI.o
                                0xb50 (size before relaxing)
 .debug_str     0x000038a6      0x380 ../../../../LUFA/Drivers/USB/Class/Host/Printer.o
                                0xcbf (size before relaxing)
 .debug_str     0x00003c26      0x63f ../../../../LUFA/Drivers/USB/Class/Host/RNDIS.o
                               0x11cb (size before relaxing)
 .debug_str     0x00004265      0x2e8 ../../../../LUFA/Drivers/USB/Class/Host/StillImage.o
                                0xc25 (size before relaxing)
 .debug_str     0x0000454d      0x100 ../../../../LUFA/Drivers/Peripheral/AVR8/Serial_AVR8.o
                                0x22f (size before relaxing)
 .debug_str     0x0000464d       0x4e c:/program files (x86)/atmel/avr tools/avr toolchain/bin/../lib/gcc/avr/4.5.1/../../../../avr/lib/avr51\libc.a(iob.o)
                                 0xf2 (size before relaxing)
 .debug_str     0x0000469b       0x7d c:/program files (x86)/atmel/avr tools/avr toolchain/bin/../lib/gcc/avr/4.5.1/../../../../avr/lib/avr51\libc.a(printf_p.o)
                                0x129 (size before relaxing)
 .debug_str     0x00004718       0x58 c:/program files (x86)/atmel/avr tools/avr toolchain/bin/../lib/gcc/avr/4.5.1/../../../../avr/lib/avr51\libc.a(puts_p.o)
                                0x123 (size before relaxing)
 .debug_str     0x00004770       0xa4 c:/program files (x86)/atmel/avr tools/avr toolchain/bin/../lib/gcc/avr/4.5.1/../../../../avr/lib/avr51\libc.a(vfprintf_std.o)
                                0x177 (size before relaxing)
 .debug_str     0x00004814       0x56 c:/program files (x86)/atmel/avr tools/avr toolchain/bin/../lib/gcc/avr/4.5.1/../../../../avr/lib/avr51\libc.a(fputc.o)
                                 0xfb (size before relaxing)

.debug_loc      0x00000000     0x7bf7
 *(.debug_loc)
 .debug_loc     0x00000000       0x39 StillImageHost.o
 .debug_loc     0x00000039      0x348 ../../../../LUFA/Drivers/USB/Core/AVR8/Host_AVR8.o
 .debug_loc     0x00000381      0x36d ../../../../LUFA/Drivers/USB/Core/AVR8/Pipe_AVR8.o
 .debug_loc     0x000006ee      0x118 ../../../../LUFA/Drivers/USB/Core/AVR8/USBInterrupt_AVR8.o
 .debug_loc     0x00000806      0xfe0 ../../../../LUFA/Drivers/USB/Core/AVR8/PipeStream_AVR8.o
 .debug_loc     0x000017e6      0x365 ../../../../LUFA/Drivers/USB/Core/ConfigDescriptor.o
 .debug_loc     0x00001b4b      0x3ca ../../../../LUFA/Drivers/USB/Core/HostStandardReq.o
 .debug_loc     0x00001f15       0x1f ../../../../LUFA/Drivers/USB/Core/USBTask.o
 .debug_loc     0x00001f34      0x912 ../../../../LUFA/Drivers/USB/Class/Common/HIDParser.o
 .debug_loc     0x00002846      0x6b8 ../../../../LUFA/Drivers/USB/Class/Host/Audio.o
 .debug_loc     0x00002efe      0xa0a ../../../../LUFA/Drivers/USB/Class/Host/CDC.o
 .debug_loc     0x00003908      0x899 ../../../../LUFA/Drivers/USB/Class/Host/HID.o
 .debug_loc     0x000041a1      0xd67 ../../../../LUFA/Drivers/USB/Class/Host/MassStorage.o
 .debug_loc     0x00004f08      0x55a ../../../../LUFA/Drivers/USB/Class/Host/MIDI.o
 .debug_loc     0x00005462      0x8c9 ../../../../LUFA/Drivers/USB/Class/Host/Printer.o
 .debug_loc     0x00005d2b      0x9fe ../../../../LUFA/Drivers/USB/Class/Host/RNDIS.o
 .debug_loc     0x00006729      0xb8f ../../../../LUFA/Drivers/USB/Class/Host/StillImage.o
 .debug_loc     0x000072b8      0x15e ../../../../LUFA/Drivers/Peripheral/AVR8/Serial_AVR8.o
 .debug_loc     0x00007416       0xe0 c:/program files (x86)/atmel/avr tools/avr toolchain/bin/../lib/gcc/avr/4.5.1/../../../../avr/lib/avr51\libc.a(puts_p.o)
 .debug_loc     0x000074f6      0x6b1 c:/program files (x86)/atmel/avr tools/avr toolchain/bin/../lib/gcc/avr/4.5.1/../../../../avr/lib/avr51\libc.a(vfprintf_std.o)
 .debug_loc     0x00007ba7       0x50 c:/program files (x86)/atmel/avr tools/avr toolchain/bin/../lib/gcc/avr/4.5.1/../../../../avr/lib/avr51\libc.a(fputc.o)

.debug_macinfo
 *(.debug_macinfo)
OUTPUT(StillImageHost.elf elf32-avr)
LOAD linker stubs

.debug_pubtypes
                0x00000000     0x1c3a
 .debug_pubtypes
                0x00000000      0x133 StillImageHost.o
 .debug_pubtypes
                0x00000133      0x12a ../../../../LUFA/Drivers/USB/Core/AVR8/Host_AVR8.o
 .debug_pubtypes
                0x0000025d       0x66 ../../../../LUFA/Drivers/USB/Core/AVR8/Pipe_AVR8.o
 .debug_pubtypes
                0x000002c3       0x59 ../../../../LUFA/Drivers/USB/Core/AVR8/USBController_AVR8.o
 .debug_pubtypes
                0x0000031c       0x88 ../../../../LUFA/Drivers/USB/Core/AVR8/USBInterrupt_AVR8.o
 .debug_pubtypes
                0x000003a4       0x4b ../../../../LUFA/Drivers/USB/Core/AVR8/PipeStream_AVR8.o
 .debug_pubtypes
                0x000003ef      0x17e ../../../../LUFA/Drivers/USB/Core/ConfigDescriptor.o
 .debug_pubtypes
                0x0000056d       0x12 ../../../../LUFA/Drivers/USB/Core/Events.o
 .debug_pubtypes
                0x0000057f      0x106 ../../../../LUFA/Drivers/USB/Core/HostStandardReq.o
 .debug_pubtypes
                0x00000685       0x44 ../../../../LUFA/Drivers/USB/Core/USBTask.o
 .debug_pubtypes
                0x000006c9      0x145 ../../../../LUFA/Drivers/USB/Class/Common/HIDParser.o
 .debug_pubtypes
                0x0000080e      0x19c ../../../../LUFA/Drivers/USB/Class/Host/Audio.o
 .debug_pubtypes
                0x000009aa      0x21c ../../../../LUFA/Drivers/USB/Class/Host/CDC.o
 .debug_pubtypes
                0x00000bc6      0x35f ../../../../LUFA/Drivers/USB/Class/Host/HID.o
 .debug_pubtypes
                0x00000f25      0x296 ../../../../LUFA/Drivers/USB/Class/Host/MassStorage.o
 .debug_pubtypes
                0x000011bb      0x1f3 ../../../../LUFA/Drivers/USB/Class/Host/MIDI.o
 .debug_pubtypes
                0x000013ae      0x219 ../../../../LUFA/Drivers/USB/Class/Host/Printer.o
 .debug_pubtypes
                0x000015c7      0x346 ../../../../LUFA/Drivers/USB/Class/Host/RNDIS.o
 .debug_pubtypes
                0x0000190d      0x1c8 ../../../../LUFA/Drivers/USB/Class/Host/StillImage.o
 .debug_pubtypes
                0x00001ad5       0x42 ../../../../LUFA/Drivers/Peripheral/AVR8/Serial_AVR8.o
 .debug_pubtypes
                0x00001b17       0x29 c:/program files (x86)/atmel/avr tools/avr toolchain/bin/../lib/gcc/avr/4.5.1/../../../../avr/lib/avr51\libc.a(iob.o)
 .debug_pubtypes
                0x00001b40       0x48 c:/program files (x86)/atmel/avr tools/avr toolchain/bin/../lib/gcc/avr/4.5.1/../../../../avr/lib/avr51\libc.a(printf_p.o)
 .debug_pubtypes
                0x00001b88       0x36 c:/program files (x86)/atmel/avr tools/avr toolchain/bin/../lib/gcc/avr/4.5.1/../../../../avr/lib/avr51\libc.a(puts_p.o)
 .debug_pubtypes
                0x00001bbe       0x53 c:/program files (x86)/atmel/avr tools/avr toolchain/bin/../lib/gcc/avr/4.5.1/../../../../avr/lib/avr51\libc.a(vfprintf_std.o)
 .debug_pubtypes
                0x00001c11       0x29 c:/program files (x86)/atmel/avr tools/avr toolchain/bin/../lib/gcc/avr/4.5.1/../../../../avr/lib/avr51\libc.a(fputc.o)

.debug_ranges   0x00000000      0xae8
 .debug_ranges  0x00000000       0x48 StillImageHost.o
 .debug_ranges  0x00000048       0x38 ../../../../LUFA/Drivers/USB/Core/AVR8/Host_AVR8.o
 .debug_ranges  0x00000080       0x98 ../../../../LUFA/Drivers/USB/Core/AVR8/Pipe_AVR8.o
 .debug_ranges  0x00000118       0x20 ../../../../LUFA/Drivers/USB/Core/AVR8/USBController_AVR8.o
 .debug_ranges  0x00000138       0x20 ../../../../LUFA/Drivers/USB/Core/AVR8/USBInterrupt_AVR8.o
 .debug_ranges  0x00000158       0x68 ../../../../LUFA/Drivers/USB/Core/AVR8/PipeStream_AVR8.o
 .debug_ranges  0x000001c0       0x30 ../../../../LUFA/Drivers/USB/Core/ConfigDescriptor.o
 .debug_ranges  0x000001f0       0x10 ../../../../LUFA/Drivers/USB/Core/Events.o
 .debug_ranges  0x00000200       0x60 ../../../../LUFA/Drivers/USB/Core/HostStandardReq.o
 .debug_ranges  0x00000260       0x10 ../../../../LUFA/Drivers/USB/Core/USBTask.o
 .debug_ranges  0x00000270      0x100 ../../../../LUFA/Drivers/USB/Class/Common/HIDParser.o
 .debug_ranges  0x00000370       0xc0 ../../../../LUFA/Drivers/USB/Class/Host/Audio.o
 .debug_ranges  0x00000430      0x108 ../../../../LUFA/Drivers/USB/Class/Host/CDC.o
 .debug_ranges  0x00000538       0xe0 ../../../../LUFA/Drivers/USB/Class/Host/HID.o
 .debug_ranges  0x00000618       0xf8 ../../../../LUFA/Drivers/USB/Class/Host/MassStorage.o
 .debug_ranges  0x00000710       0xa0 ../../../../LUFA/Drivers/USB/Class/Host/MIDI.o
 .debug_ranges  0x000007b0       0xd8 ../../../../LUFA/Drivers/USB/Class/Host/Printer.o
 .debug_ranges  0x00000888       0xd0 ../../../../LUFA/Drivers/USB/Class/Host/RNDIS.o
 .debug_ranges  0x00000958       0xe8 ../../../../LUFA/Drivers/USB/Class/Host/StillImage.o
 .debug_ranges  0x00000a40       0x50 ../../../../LUFA/Drivers/Peripheral/AVR8/Serial_AVR8.o
 .debug_ranges  0x00000a90       0x10 c:/program files (x86)/atmel/avr tools/avr toolchain/bin/../lib/gcc/avr/4.5.1/../../../../avr/lib/avr51\libc.a(printf_p.o)
 .debug_ranges  0x00000aa0       0x10 c:/program files (x86)/atmel/avr tools/avr toolchain/bin/../lib/gcc/avr/4.5.1/../../../../avr/lib/avr51\libc.a(puts_p.o)
 .debug_ranges  0x00000ab0       0x28 c:/program files (x86)/atmel/avr tools/avr toolchain/bin/../lib/gcc/avr/4.5.1/../../../../avr/lib/avr51\libc.a(vfprintf_std.o)
 .debug_ranges  0x00000ad8       0x10 c:/program files (x86)/atmel/avr tools/avr toolchain/bin/../lib/gcc/avr/4.5.1/../../../../avr/lib/avr51\libc.a(fputc.o)

Cross Reference Table

Symbol                                            File
Audio_Host_ConfigurePipes                         ../../../../LUFA/Drivers/USB/Class/Host/Audio.o
Audio_Host_GetSetEndpointProperty                 ../../../../LUFA/Drivers/USB/Class/Host/Audio.o
Audio_Host_StartStopStreaming                     ../../../../LUFA/Drivers/USB/Class/Host/Audio.o
CALLBACK_HIDParser_FilterHIDReportItem            ../../../../LUFA/Drivers/USB/Class/Common/HIDParser.o
CDC_Host_BytesReceived                            ../../../../LUFA/Drivers/USB/Class/Host/CDC.o
CDC_Host_ConfigurePipes                           ../../../../LUFA/Drivers/USB/Class/Host/CDC.o
CDC_Host_CreateBlockingStream                     ../../../../LUFA/Drivers/USB/Class/Host/CDC.o
CDC_Host_CreateStream                             ../../../../LUFA/Drivers/USB/Class/Host/CDC.o
CDC_Host_Event_Stub                               ../../../../LUFA/Drivers/USB/Class/Host/CDC.o
CDC_Host_Flush                                    ../../../../LUFA/Drivers/USB/Class/Host/CDC.o
CDC_Host_ReceiveByte                              ../../../../LUFA/Drivers/USB/Class/Host/CDC.o
CDC_Host_SendBreak                                ../../../../LUFA/Drivers/USB/Class/Host/CDC.o
CDC_Host_SendByte                                 ../../../../LUFA/Drivers/USB/Class/Host/CDC.o
CDC_Host_SendControlLineStateChange               ../../../../LUFA/Drivers/USB/Class/Host/CDC.o
CDC_Host_SendData                                 ../../../../LUFA/Drivers/USB/Class/Host/CDC.o
CDC_Host_SendString                               ../../../../LUFA/Drivers/USB/Class/Host/CDC.o
CDC_Host_SetLineEncoding                          ../../../../LUFA/Drivers/USB/Class/Host/CDC.o
CDC_Host_USBTask                                  ../../../../LUFA/Drivers/USB/Class/Host/CDC.o
DigitalCamera_SI_Interface                        StillImageHost.o
EVENT_CDC_Host_ControLineStateChanged             ../../../../LUFA/Drivers/USB/Class/Host/CDC.o
EVENT_USB_Host_DeviceAttached                     StillImageHost.o
                                                  ../../../../LUFA/Drivers/USB/Core/AVR8/USBInterrupt_AVR8.o
EVENT_USB_Host_DeviceEnumerationComplete          StillImageHost.o
                                                  ../../../../LUFA/Drivers/USB/Core/AVR8/Host_AVR8.o
EVENT_USB_Host_DeviceEnumerationFailed            StillImageHost.o
                                                  ../../../../LUFA/Drivers/USB/Core/AVR8/USBInterrupt_AVR8.o
                                                  ../../../../LUFA/Drivers/USB/Core/AVR8/Host_AVR8.o
EVENT_USB_Host_DeviceUnattached                   StillImageHost.o
                                                  ../../../../LUFA/Drivers/USB/Core/AVR8/USBInterrupt_AVR8.o
                                                  ../../../../LUFA/Drivers/USB/Core/AVR8/Host_AVR8.o
EVENT_USB_Host_HostError                          StillImageHost.o
                                                  ../../../../LUFA/Drivers/USB/Core/AVR8/USBInterrupt_AVR8.o
EVENT_USB_Host_StartOfFrame                       ../../../../LUFA/Drivers/USB/Core/Events.o
                                                  ../../../../LUFA/Drivers/USB/Core/AVR8/USBInterrupt_AVR8.o
HID_Host_ConfigurePipes                           ../../../../LUFA/Drivers/USB/Class/Host/HID.o
HID_Host_IsReportReceived                         ../../../../LUFA/Drivers/USB/Class/Host/HID.o
HID_Host_ReceiveReport                            ../../../../LUFA/Drivers/USB/Class/Host/HID.o
HID_Host_ReceiveReportByID                        ../../../../LUFA/Drivers/USB/Class/Host/HID.o
HID_Host_SendReportByID                           ../../../../LUFA/Drivers/USB/Class/Host/HID.o
HID_Host_SetBootProtocol                          ../../../../LUFA/Drivers/USB/Class/Host/HID.o
HID_Host_SetIdlePeriod                            ../../../../LUFA/Drivers/USB/Class/Host/HID.o
HID_Host_SetReportProtocol                        ../../../../LUFA/Drivers/USB/Class/Host/HID.o
MIDI_Host_ConfigurePipes                          ../../../../LUFA/Drivers/USB/Class/Host/MIDI.o
MIDI_Host_Flush                                   ../../../../LUFA/Drivers/USB/Class/Host/MIDI.o
MIDI_Host_ReceiveEventPacket                      ../../../../LUFA/Drivers/USB/Class/Host/MIDI.o
MIDI_Host_SendEventPacket                         ../../../../LUFA/Drivers/USB/Class/Host/MIDI.o
MIDI_Host_USBTask                                 ../../../../LUFA/Drivers/USB/Class/Host/MIDI.o
MS_Host_ConfigurePipes                            ../../../../LUFA/Drivers/USB/Class/Host/MassStorage.o
MS_Host_GetInquiryData                            ../../../../LUFA/Drivers/USB/Class/Host/MassStorage.o
MS_Host_GetMaxLUN                                 ../../../../LUFA/Drivers/USB/Class/Host/MassStorage.o
MS_Host_PreventAllowMediumRemoval                 ../../../../LUFA/Drivers/USB/Class/Host/MassStorage.o
MS_Host_ReadDeviceBlocks                          ../../../../LUFA/Drivers/USB/Class/Host/MassStorage.o
MS_Host_ReadDeviceCapacity                        ../../../../LUFA/Drivers/USB/Class/Host/MassStorage.o
MS_Host_RequestSense                              ../../../../LUFA/Drivers/USB/Class/Host/MassStorage.o
MS_Host_ResetMSInterface                          ../../../../LUFA/Drivers/USB/Class/Host/MassStorage.o
MS_Host_TestUnitReady                             ../../../../LUFA/Drivers/USB/Class/Host/MassStorage.o
MS_Host_WriteDeviceBlocks                         ../../../../LUFA/Drivers/USB/Class/Host/MassStorage.o
PRNT_Host_BytesReceived                           ../../../../LUFA/Drivers/USB/Class/Host/Printer.o
PRNT_Host_ConfigurePipes                          ../../../../LUFA/Drivers/USB/Class/Host/Printer.o
PRNT_Host_Flush                                   ../../../../LUFA/Drivers/USB/Class/Host/Printer.o
PRNT_Host_GetDeviceID                             ../../../../LUFA/Drivers/USB/Class/Host/Printer.o
PRNT_Host_GetPortStatus                           ../../../../LUFA/Drivers/USB/Class/Host/Printer.o
PRNT_Host_ReceiveByte                             ../../../../LUFA/Drivers/USB/Class/Host/Printer.o
PRNT_Host_SendByte                                ../../../../LUFA/Drivers/USB/Class/Host/Printer.o
PRNT_Host_SendData                                ../../../../LUFA/Drivers/USB/Class/Host/Printer.o
PRNT_Host_SendString                              ../../../../LUFA/Drivers/USB/Class/Host/Printer.o
PRNT_Host_SetBidirectionalMode                    ../../../../LUFA/Drivers/USB/Class/Host/Printer.o
PRNT_Host_SoftReset                               ../../../../LUFA/Drivers/USB/Class/Host/Printer.o
PRNT_Host_USBTask                                 ../../../../LUFA/Drivers/USB/Class/Host/Printer.o
Pipe_ClearPipes                                   ../../../../LUFA/Drivers/USB/Core/AVR8/Pipe_AVR8.o
                                                  ../../../../LUFA/Drivers/USB/Core/AVR8/Host_AVR8.o
Pipe_ConfigurePipe                                ../../../../LUFA/Drivers/USB/Core/AVR8/Pipe_AVR8.o
                                                  ../../../../LUFA/Drivers/USB/Class/Host/StillImage.o
                                                  ../../../../LUFA/Drivers/USB/Class/Host/RNDIS.o
                                                  ../../../../LUFA/Drivers/USB/Class/Host/Printer.o
                                                  ../../../../LUFA/Drivers/USB/Class/Host/MIDI.o
                                                  ../../../../LUFA/Drivers/USB/Class/Host/MassStorage.o
                                                  ../../../../LUFA/Drivers/USB/Class/Host/HID.o
                                                  ../../../../LUFA/Drivers/USB/Class/Host/CDC.o
                                                  ../../../../LUFA/Drivers/USB/Class/Host/Audio.o
                                                  ../../../../LUFA/Drivers/USB/Core/AVR8/Host_AVR8.o
Pipe_Discard_Stream                               ../../../../LUFA/Drivers/USB/Core/AVR8/PipeStream_AVR8.o
                                                  ../../../../LUFA/Drivers/USB/Class/Host/RNDIS.o
Pipe_IsEndpointBound                              ../../../../LUFA/Drivers/USB/Core/AVR8/Pipe_AVR8.o
                                                  ../../../../LUFA/Drivers/USB/Class/Host/StillImage.o
                                                  ../../../../LUFA/Drivers/USB/Class/Host/RNDIS.o
                                                  ../../../../LUFA/Drivers/USB/Class/Host/MIDI.o
                                                  ../../../../LUFA/Drivers/USB/Class/Host/MassStorage.o
                                                  ../../../../LUFA/Drivers/USB/Class/Host/HID.o
                                                  ../../../../LUFA/Drivers/USB/Class/Host/CDC.o
Pipe_Null_Stream                                  ../../../../LUFA/Drivers/USB/Core/AVR8/PipeStream_AVR8.o
Pipe_Read_EStream_BE                              ../../../../LUFA/Drivers/USB/Core/AVR8/PipeStream_AVR8.o
Pipe_Read_EStream_LE                              ../../../../LUFA/Drivers/USB/Core/AVR8/PipeStream_AVR8.o
Pipe_Read_Stream_BE                               ../../../../LUFA/Drivers/USB/Core/AVR8/PipeStream_AVR8.o
Pipe_Read_Stream_LE                               ../../../../LUFA/Drivers/USB/Core/AVR8/PipeStream_AVR8.o
                                                  ../../../../LUFA/Drivers/USB/Class/Host/StillImage.o
                                                  ../../../../LUFA/Drivers/USB/Class/Host/RNDIS.o
                                                  ../../../../LUFA/Drivers/USB/Class/Host/MIDI.o
                                                  ../../../../LUFA/Drivers/USB/Class/Host/MassStorage.o
                                                  ../../../../LUFA/Drivers/USB/Class/Host/HID.o
                                                  ../../../../LUFA/Drivers/USB/Class/Host/CDC.o
Pipe_WaitUntilReady                               ../../../../LUFA/Drivers/USB/Core/AVR8/Pipe_AVR8.o
                                                  ../../../../LUFA/Drivers/USB/Class/Host/Printer.o
                                                  ../../../../LUFA/Drivers/USB/Class/Host/MIDI.o
                                                  ../../../../LUFA/Drivers/USB/Class/Host/MassStorage.o
                                                  ../../../../LUFA/Drivers/USB/Class/Host/CDC.o
                                                  ../../../../LUFA/Drivers/USB/Core/AVR8/PipeStream_AVR8.o
Pipe_Write_EStream_BE                             ../../../../LUFA/Drivers/USB/Core/AVR8/PipeStream_AVR8.o
Pipe_Write_EStream_LE                             ../../../../LUFA/Drivers/USB/Core/AVR8/PipeStream_AVR8.o
Pipe_Write_PStream_BE                             ../../../../LUFA/Drivers/USB/Core/AVR8/PipeStream_AVR8.o
Pipe_Write_PStream_LE                             ../../../../LUFA/Drivers/USB/Core/AVR8/PipeStream_AVR8.o
Pipe_Write_Stream_BE                              ../../../../LUFA/Drivers/USB/Core/AVR8/PipeStream_AVR8.o
Pipe_Write_Stream_LE                              ../../../../LUFA/Drivers/USB/Core/AVR8/PipeStream_AVR8.o
                                                  ../../../../LUFA/Drivers/USB/Class/Host/StillImage.o
                                                  ../../../../LUFA/Drivers/USB/Class/Host/RNDIS.o
                                                  ../../../../LUFA/Drivers/USB/Class/Host/Printer.o
                                                  ../../../../LUFA/Drivers/USB/Class/Host/MIDI.o
                                                  ../../../../LUFA/Drivers/USB/Class/Host/MassStorage.o
                                                  ../../../../LUFA/Drivers/USB/Class/Host/HID.o
                                                  ../../../../LUFA/Drivers/USB/Class/Host/CDC.o
RNDIS_Host_ConfigurePipes                         ../../../../LUFA/Drivers/USB/Class/Host/RNDIS.o
RNDIS_Host_InitializeDevice                       ../../../../LUFA/Drivers/USB/Class/Host/RNDIS.o
RNDIS_Host_IsPacketReceived                       ../../../../LUFA/Drivers/USB/Class/Host/RNDIS.o
RNDIS_Host_QueryRNDISProperty                     ../../../../LUFA/Drivers/USB/Class/Host/RNDIS.o
RNDIS_Host_ReadPacket                             ../../../../LUFA/Drivers/USB/Class/Host/RNDIS.o
RNDIS_Host_SendKeepAlive                          ../../../../LUFA/Drivers/USB/Class/Host/RNDIS.o
RNDIS_Host_SendPacket                             ../../../../LUFA/Drivers/USB/Class/Host/RNDIS.o
RNDIS_Host_SetRNDISProperty                       ../../../../LUFA/Drivers/USB/Class/Host/RNDIS.o
SI_Host_CloseSession                              ../../../../LUFA/Drivers/USB/Class/Host/StillImage.o
                                                  StillImageHost.o
SI_Host_ConfigurePipes                            ../../../../LUFA/Drivers/USB/Class/Host/StillImage.o
                                                  StillImageHost.o
SI_Host_IsEventReceived                           ../../../../LUFA/Drivers/USB/Class/Host/StillImage.o
SI_Host_OpenSession                               ../../../../LUFA/Drivers/USB/Class/Host/StillImage.o
                                                  StillImageHost.o
SI_Host_ReadData                                  ../../../../LUFA/Drivers/USB/Class/Host/StillImage.o
SI_Host_ReceiveBlockHeader                        ../../../../LUFA/Drivers/USB/Class/Host/StillImage.o
SI_Host_ReceiveEventHeader                        ../../../../LUFA/Drivers/USB/Class/Host/StillImage.o
SI_Host_ReceiveResponse                           ../../../../LUFA/Drivers/USB/Class/Host/StillImage.o
                                                  StillImageHost.o
SI_Host_SendBlockHeader                           ../../../../LUFA/Drivers/USB/Class/Host/StillImage.o
SI_Host_SendCommand                               ../../../../LUFA/Drivers/USB/Class/Host/StillImage.o
                                                  StillImageHost.o
SI_Host_SendData                                  ../../../../LUFA/Drivers/USB/Class/Host/StillImage.o
Serial_SendData                                   ../../../../LUFA/Drivers/Peripheral/AVR8/Serial_AVR8.o
Serial_SendString                                 ../../../../LUFA/Drivers/Peripheral/AVR8/Serial_AVR8.o
Serial_SendString_P                               ../../../../LUFA/Drivers/Peripheral/AVR8/Serial_AVR8.o
Serial_getchar                                    ../../../../LUFA/Drivers/Peripheral/AVR8/Serial_AVR8.o
                                                  StillImageHost.o
Serial_getchar_Blocking                           ../../../../LUFA/Drivers/Peripheral/AVR8/Serial_AVR8.o
Serial_putchar                                    ../../../../LUFA/Drivers/Peripheral/AVR8/Serial_AVR8.o
                                                  StillImageHost.o
SetupHardware                                     StillImageHost.o
StillImageHost_Task                               StillImageHost.o
USARTSerialStream                                 ../../../../LUFA/Drivers/Peripheral/AVR8/Serial_AVR8.o
                                                  StillImageHost.o
USB_ControlRequest                                ../../../../LUFA/Drivers/USB/Class/Host/RNDIS.o
                                                  ../../../../LUFA/Drivers/USB/Class/Host/Printer.o
                                                  ../../../../LUFA/Drivers/USB/Class/Host/MassStorage.o
                                                  ../../../../LUFA/Drivers/USB/Class/Host/HID.o
                                                  ../../../../LUFA/Drivers/USB/Class/Host/CDC.o
                                                  ../../../../LUFA/Drivers/USB/Class/Host/Audio.o
                                                  ../../../../LUFA/Drivers/USB/Core/USBTask.o
                                                  ../../../../LUFA/Drivers/USB/Core/HostStandardReq.o
                                                  ../../../../LUFA/Drivers/USB/Core/ConfigDescriptor.o
                                                  ../../../../LUFA/Drivers/USB/Core/AVR8/Host_AVR8.o
USB_Disable                                       ../../../../LUFA/Drivers/USB/Core/AVR8/USBController_AVR8.o
                                                  StillImageHost.o
USB_Event_Stub                                    ../../../../LUFA/Drivers/USB/Core/Events.o
USB_GetHIDReportItemInfo                          ../../../../LUFA/Drivers/USB/Class/Common/HIDParser.o
USB_GetHIDReportSize                              ../../../../LUFA/Drivers/USB/Class/Common/HIDParser.o
                                                  ../../../../LUFA/Drivers/USB/Class/Host/HID.o
USB_GetNextDescriptorComp                         ../../../../LUFA/Drivers/USB/Core/ConfigDescriptor.o
                                                  ../../../../LUFA/Drivers/USB/Class/Host/StillImage.o
                                                  ../../../../LUFA/Drivers/USB/Class/Host/RNDIS.o
                                                  ../../../../LUFA/Drivers/USB/Class/Host/Printer.o
                                                  ../../../../LUFA/Drivers/USB/Class/Host/MIDI.o
                                                  ../../../../LUFA/Drivers/USB/Class/Host/MassStorage.o
                                                  ../../../../LUFA/Drivers/USB/Class/Host/HID.o
                                                  ../../../../LUFA/Drivers/USB/Class/Host/CDC.o
                                                  ../../../../LUFA/Drivers/USB/Class/Host/Audio.o
USB_GetNextDescriptorOfType                       ../../../../LUFA/Drivers/USB/Core/ConfigDescriptor.o
USB_GetNextDescriptorOfTypeAfter                  ../../../../LUFA/Drivers/USB/Core/ConfigDescriptor.o
USB_GetNextDescriptorOfTypeBefore                 ../../../../LUFA/Drivers/USB/Core/ConfigDescriptor.o
USB_HostState                                     ../../../../LUFA/Drivers/USB/Class/Host/StillImage.o
                                                  ../../../../LUFA/Drivers/USB/Class/Host/RNDIS.o
                                                  ../../../../LUFA/Drivers/USB/Class/Host/Printer.o
                                                  ../../../../LUFA/Drivers/USB/Class/Host/MIDI.o
                                                  ../../../../LUFA/Drivers/USB/Class/Host/MassStorage.o
                                                  ../../../../LUFA/Drivers/USB/Class/Host/HID.o
                                                  ../../../../LUFA/Drivers/USB/Class/Host/CDC.o
                                                  ../../../../LUFA/Drivers/USB/Core/USBTask.o
                                                  ../../../../LUFA/Drivers/USB/Core/HostStandardReq.o
                                                  ../../../../LUFA/Drivers/USB/Core/AVR8/USBInterrupt_AVR8.o
                                                  ../../../../LUFA/Drivers/USB/Core/AVR8/USBController_AVR8.o
                                                  ../../../../LUFA/Drivers/USB/Core/AVR8/Pipe_AVR8.o
                                                  ../../../../LUFA/Drivers/USB/Core/AVR8/Host_AVR8.o
                                                  StillImageHost.o
USB_Host_ClearEndpointStall                       ../../../../LUFA/Drivers/USB/Core/HostStandardReq.o
                                                  ../../../../LUFA/Drivers/USB/Class/Host/StillImage.o
                                                  ../../../../LUFA/Drivers/USB/Class/Host/MassStorage.o
USB_Host_ConfigurationNumber                      ../../../../LUFA/Drivers/USB/Core/HostStandardReq.o
                                                  ../../../../LUFA/Drivers/USB/Core/AVR8/USBController_AVR8.o
                                                  ../../../../LUFA/Drivers/USB/Core/AVR8/Host_AVR8.o
USB_Host_ControlPipeSize                          ../../../../LUFA/Drivers/USB/Core/AVR8/Pipe_AVR8.o
                                                  ../../../../LUFA/Drivers/USB/Core/HostStandardReq.o
                                                  ../../../../LUFA/Drivers/USB/Core/AVR8/USBController_AVR8.o
                                                  ../../../../LUFA/Drivers/USB/Core/AVR8/Host_AVR8.o
USB_Host_GetDeviceConfigDescriptor                ../../../../LUFA/Drivers/USB/Core/ConfigDescriptor.o
                                                  StillImageHost.o
USB_Host_GetDeviceDescriptor                      ../../../../LUFA/Drivers/USB/Core/HostStandardReq.o
USB_Host_GetDeviceStatus                          ../../../../LUFA/Drivers/USB/Core/HostStandardReq.o
USB_Host_GetDeviceStringDescriptor                ../../../../LUFA/Drivers/USB/Core/HostStandardReq.o
USB_Host_ProcessNextHostState                     ../../../../LUFA/Drivers/USB/Core/AVR8/Host_AVR8.o
                                                  ../../../../LUFA/Drivers/USB/Core/USBTask.o
USB_Host_SendControlRequest                       ../../../../LUFA/Drivers/USB/Core/HostStandardReq.o
                                                  ../../../../LUFA/Drivers/USB/Class/Host/RNDIS.o
                                                  ../../../../LUFA/Drivers/USB/Class/Host/Printer.o
                                                  ../../../../LUFA/Drivers/USB/Class/Host/MassStorage.o
                                                  ../../../../LUFA/Drivers/USB/Class/Host/HID.o
                                                  ../../../../LUFA/Drivers/USB/Class/Host/CDC.o
                                                  ../../../../LUFA/Drivers/USB/Class/Host/Audio.o
                                                  ../../../../LUFA/Drivers/USB/Core/ConfigDescriptor.o
                                                  ../../../../LUFA/Drivers/USB/Core/AVR8/Host_AVR8.o
USB_Host_SetDeviceConfiguration                   ../../../../LUFA/Drivers/USB/Core/HostStandardReq.o
                                                  StillImageHost.o
USB_Host_SetInterfaceAltSetting                   ../../../../LUFA/Drivers/USB/Core/HostStandardReq.o
                                                  ../../../../LUFA/Drivers/USB/Class/Host/Printer.o
                                                  ../../../../LUFA/Drivers/USB/Class/Host/Audio.o
USB_Host_WaitMS                                   ../../../../LUFA/Drivers/USB/Core/AVR8/Host_AVR8.o
                                                  ../../../../LUFA/Drivers/USB/Core/HostStandardReq.o
USB_INT_ClearAllInterrupts                        ../../../../LUFA/Drivers/USB/Core/AVR8/USBInterrupt_AVR8.o
                                                  ../../../../LUFA/Drivers/USB/Core/AVR8/USBController_AVR8.o
USB_INT_DisableAllInterrupts                      ../../../../LUFA/Drivers/USB/Core/AVR8/USBInterrupt_AVR8.o
                                                  ../../../../LUFA/Drivers/USB/Core/AVR8/USBController_AVR8.o
USB_Init                                          ../../../../LUFA/Drivers/USB/Core/AVR8/USBController_AVR8.o
                                                  StillImageHost.o
USB_IsInitialized                                 ../../../../LUFA/Drivers/USB/Core/USBTask.o
                                                  ../../../../LUFA/Drivers/USB/Core/AVR8/USBController_AVR8.o
USB_ProcessHIDReport                              ../../../../LUFA/Drivers/USB/Class/Common/HIDParser.o
                                                  ../../../../LUFA/Drivers/USB/Class/Host/HID.o
USB_ResetInterface                                ../../../../LUFA/Drivers/USB/Core/AVR8/USBController_AVR8.o
                                                  ../../../../LUFA/Drivers/USB/Core/AVR8/USBInterrupt_AVR8.o
                                                  ../../../../LUFA/Drivers/USB/Core/AVR8/Host_AVR8.o
USB_SetHIDReportItemInfo                          ../../../../LUFA/Drivers/USB/Class/Common/HIDParser.o
USB_USBTask                                       ../../../../LUFA/Drivers/USB/Core/USBTask.o
                                                  ../../../../LUFA/Drivers/USB/Class/Host/CDC.o
                                                  ../../../../LUFA/Drivers/USB/Core/AVR8/PipeStream_AVR8.o
                                                  StillImageHost.o
__bad_interrupt                                   c:/program files (x86)/atmel/avr tools/avr toolchain/bin/../lib/gcc/avr/4.5.1/../../../../avr/lib/avr51/crtusb1286.o
__bss_end                                         c:/program files (x86)/atmel/avr tools/avr toolchain/bin/../lib/gcc/avr/4.5.1/avr51\libgcc.a(_clear_bss.o)
__bss_start                                       c:/program files (x86)/atmel/avr tools/avr toolchain/bin/../lib/gcc/avr/4.5.1/avr51\libgcc.a(_clear_bss.o)
__data_end                                        c:/program files (x86)/atmel/avr tools/avr toolchain/bin/../lib/gcc/avr/4.5.1/avr51\libgcc.a(_copy_data.o)
__data_load_start                                 c:/program files (x86)/atmel/avr tools/avr toolchain/bin/../lib/gcc/avr/4.5.1/avr51\libgcc.a(_copy_data.o)
__data_start                                      c:/program files (x86)/atmel/avr tools/avr toolchain/bin/../lib/gcc/avr/4.5.1/avr51\libgcc.a(_copy_data.o)
__do_clear_bss                                    c:/program files (x86)/atmel/avr tools/avr toolchain/bin/../lib/gcc/avr/4.5.1/avr51\libgcc.a(_clear_bss.o)
                                                  c:/program files (x86)/atmel/avr tools/avr toolchain/bin/../lib/gcc/avr/4.5.1/../../../../avr/lib/avr51\libc.a(iob.o)
                                                  ../../../../LUFA/Drivers/Peripheral/AVR8/Serial_AVR8.o
                                                  ../../../../LUFA/Drivers/USB/Core/USBTask.o
                                                  ../../../../LUFA/Drivers/USB/Core/HostStandardReq.o
                                                  ../../../../LUFA/Drivers/USB/Core/AVR8/Host_AVR8.o
__do_copy_data                                    c:/program files (x86)/atmel/avr tools/avr toolchain/bin/../lib/gcc/avr/4.5.1/avr51\libgcc.a(_copy_data.o)
                                                  ../../../../LUFA/Drivers/USB/Core/HostStandardReq.o
                                                  ../../../../LUFA/Drivers/USB/Core/AVR8/Pipe_AVR8.o
                                                  ../../../../LUFA/Drivers/USB/Core/AVR8/Host_AVR8.o
                                                  StillImageHost.o
__eerd_byte_usb1287                               c:/program files (x86)/atmel/avr tools/avr toolchain/bin/../lib/gcc/avr/4.5.1/../../../../avr/lib/avr51\libc.a(eerd_byte_at90usb1287.o)
                                                  ../../../../LUFA/Drivers/USB/Core/AVR8/PipeStream_AVR8.o
__eeupd_byte_usb1287                              c:/program files (x86)/atmel/avr tools/avr toolchain/bin/../lib/gcc/avr/4.5.1/../../../../avr/lib/avr51\libc.a(eeupd_byte_at90usb1287.o)
                                                  ../../../../LUFA/Drivers/USB/Core/AVR8/PipeStream_AVR8.o
__eeupd_r18_usb1287                               c:/program files (x86)/atmel/avr tools/avr toolchain/bin/../lib/gcc/avr/4.5.1/../../../../avr/lib/avr51\libc.a(eeupd_byte_at90usb1287.o)
__heap_end                                        c:/program files (x86)/atmel/avr tools/avr toolchain/bin/../lib/gcc/avr/4.5.1/../../../../avr/lib/avr51/crtusb1286.o
__init                                            c:/program files (x86)/atmel/avr tools/avr toolchain/bin/../lib/gcc/avr/4.5.1/../../../../avr/lib/avr51/crtusb1286.o
__iob                                             c:/program files (x86)/atmel/avr tools/avr toolchain/bin/../lib/gcc/avr/4.5.1/../../../../avr/lib/avr51\libc.a(puts_p.o)
                                                  c:/program files (x86)/atmel/avr tools/avr toolchain/bin/../lib/gcc/avr/4.5.1/../../../../avr/lib/avr51\libc.a(printf_p.o)
                                                  c:/program files (x86)/atmel/avr tools/avr toolchain/bin/../lib/gcc/avr/4.5.1/../../../../avr/lib/avr51\libc.a(iob.o)
                                                  StillImageHost.o
__mulsi3                                          c:/program files (x86)/atmel/avr tools/avr toolchain/bin/../lib/gcc/avr/4.5.1/avr51\libgcc.a(_mulsi3.o)
                                                  ../../../../LUFA/Drivers/USB/Class/Host/MassStorage.o
__stack                                           c:/program files (x86)/atmel/avr tools/avr toolchain/bin/../lib/gcc/avr/4.5.1/../../../../avr/lib/avr51/crtusb1286.o
__ultoa_invert                                    c:/program files (x86)/atmel/avr tools/avr toolchain/bin/../lib/gcc/avr/4.5.1/../../../../avr/lib/avr51\libc.a(ultoa_invert.o)
                                                  c:/program files (x86)/atmel/avr tools/avr toolchain/bin/../lib/gcc/avr/4.5.1/../../../../avr/lib/avr51\libc.a(vfprintf_std.o)
__vector_1                                        c:/program files (x86)/atmel/avr tools/avr toolchain/bin/../lib/gcc/avr/4.5.1/../../../../avr/lib/avr51/crtusb1286.o
__vector_10                                       ../../../../LUFA/Drivers/USB/Core/AVR8/USBInterrupt_AVR8.o
                                                  c:/program files (x86)/atmel/avr tools/avr toolchain/bin/../lib/gcc/avr/4.5.1/../../../../avr/lib/avr51/crtusb1286.o
__vector_11                                       c:/program files (x86)/atmel/avr tools/avr toolchain/bin/../lib/gcc/avr/4.5.1/../../../../avr/lib/avr51/crtusb1286.o
__vector_12                                       c:/program files (x86)/atmel/avr tools/avr toolchain/bin/../lib/gcc/avr/4.5.1/../../../../avr/lib/avr51/crtusb1286.o
__vector_13                                       c:/program files (x86)/atmel/avr tools/avr toolchain/bin/../lib/gcc/avr/4.5.1/../../../../avr/lib/avr51/crtusb1286.o
__vector_14                                       c:/program files (x86)/atmel/avr tools/avr toolchain/bin/../lib/gcc/avr/4.5.1/../../../../avr/lib/avr51/crtusb1286.o
__vector_15                                       c:/program files (x86)/atmel/avr tools/avr toolchain/bin/../lib/gcc/avr/4.5.1/../../../../avr/lib/avr51/crtusb1286.o
__vector_16                                       c:/program files (x86)/atmel/avr tools/avr toolchain/bin/../lib/gcc/avr/4.5.1/../../../../avr/lib/avr51/crtusb1286.o
__vector_17                                       c:/program files (x86)/atmel/avr tools/avr toolchain/bin/../lib/gcc/avr/4.5.1/../../../../avr/lib/avr51/crtusb1286.o
__vector_18                                       c:/program files (x86)/atmel/avr tools/avr toolchain/bin/../lib/gcc/avr/4.5.1/../../../../avr/lib/avr51/crtusb1286.o
__vector_19                                       c:/program files (x86)/atmel/avr tools/avr toolchain/bin/../lib/gcc/avr/4.5.1/../../../../avr/lib/avr51/crtusb1286.o
__vector_2                                        c:/program files (x86)/atmel/avr tools/avr toolchain/bin/../lib/gcc/avr/4.5.1/../../../../avr/lib/avr51/crtusb1286.o
__vector_20                                       c:/program files (x86)/atmel/avr tools/avr toolchain/bin/../lib/gcc/avr/4.5.1/../../../../avr/lib/avr51/crtusb1286.o
__vector_21                                       c:/program files (x86)/atmel/avr tools/avr toolchain/bin/../lib/gcc/avr/4.5.1/../../../../avr/lib/avr51/crtusb1286.o
__vector_22                                       c:/program files (x86)/atmel/avr tools/avr toolchain/bin/../lib/gcc/avr/4.5.1/../../../../avr/lib/avr51/crtusb1286.o
__vector_23                                       c:/program files (x86)/atmel/avr tools/avr toolchain/bin/../lib/gcc/avr/4.5.1/../../../../avr/lib/avr51/crtusb1286.o
__vector_24                                       c:/program files (x86)/atmel/avr tools/avr toolchain/bin/../lib/gcc/avr/4.5.1/../../../../avr/lib/avr51/crtusb1286.o
__vector_25                                       c:/program files (x86)/atmel/avr tools/avr toolchain/bin/../lib/gcc/avr/4.5.1/../../../../avr/lib/avr51/crtusb1286.o
__vector_26                                       c:/program files (x86)/atmel/avr tools/avr toolchain/bin/../lib/gcc/avr/4.5.1/../../../../avr/lib/avr51/crtusb1286.o
__vector_27                                       c:/program files (x86)/atmel/avr tools/avr toolchain/bin/../lib/gcc/avr/4.5.1/../../../../avr/lib/avr51/crtusb1286.o
__vector_28                                       c:/program files (x86)/atmel/avr tools/avr toolchain/bin/../lib/gcc/avr/4.5.1/../../../../avr/lib/avr51/crtusb1286.o
__vector_29                                       c:/program files (x86)/atmel/avr tools/avr toolchain/bin/../lib/gcc/avr/4.5.1/../../../../avr/lib/avr51/crtusb1286.o
__vector_3                                        c:/program files (x86)/atmel/avr tools/avr toolchain/bin/../lib/gcc/avr/4.5.1/../../../../avr/lib/avr51/crtusb1286.o
__vector_30                                       c:/program files (x86)/atmel/avr tools/avr toolchain/bin/../lib/gcc/avr/4.5.1/../../../../avr/lib/avr51/crtusb1286.o
__vector_31                                       c:/program files (x86)/atmel/avr tools/avr toolchain/bin/../lib/gcc/avr/4.5.1/../../../../avr/lib/avr51/crtusb1286.o
__vector_32                                       c:/program files (x86)/atmel/avr tools/avr toolchain/bin/../lib/gcc/avr/4.5.1/../../../../avr/lib/avr51/crtusb1286.o
__vector_33                                       c:/program files (x86)/atmel/avr tools/avr toolchain/bin/../lib/gcc/avr/4.5.1/../../../../avr/lib/avr51/crtusb1286.o
__vector_34                                       c:/program files (x86)/atmel/avr tools/avr toolchain/bin/../lib/gcc/avr/4.5.1/../../../../avr/lib/avr51/crtusb1286.o
__vector_35                                       c:/program files (x86)/atmel/avr tools/avr toolchain/bin/../lib/gcc/avr/4.5.1/../../../../avr/lib/avr51/crtusb1286.o
__vector_36                                       c:/program files (x86)/atmel/avr tools/avr toolchain/bin/../lib/gcc/avr/4.5.1/../../../../avr/lib/avr51/crtusb1286.o
__vector_37                                       c:/program files (x86)/atmel/avr tools/avr toolchain/bin/../lib/gcc/avr/4.5.1/../../../../avr/lib/avr51/crtusb1286.o
__vector_4                                        c:/program files (x86)/atmel/avr tools/avr toolchain/bin/../lib/gcc/avr/4.5.1/../../../../avr/lib/avr51/crtusb1286.o
__vector_5                                        c:/program files (x86)/atmel/avr tools/avr toolchain/bin/../lib/gcc/avr/4.5.1/../../../../avr/lib/avr51/crtusb1286.o
__vector_6                                        c:/program files (x86)/atmel/avr tools/avr toolchain/bin/../lib/gcc/avr/4.5.1/../../../../avr/lib/avr51/crtusb1286.o
__vector_7                                        c:/program files (x86)/atmel/avr tools/avr toolchain/bin/../lib/gcc/avr/4.5.1/../../../../avr/lib/avr51/crtusb1286.o
__vector_8                                        c:/program files (x86)/atmel/avr tools/avr toolchain/bin/../lib/gcc/avr/4.5.1/../../../../avr/lib/avr51/crtusb1286.o
__vector_9                                        c:/program files (x86)/atmel/avr tools/avr toolchain/bin/../lib/gcc/avr/4.5.1/../../../../avr/lib/avr51/crtusb1286.o
__vector_default                                  c:/program files (x86)/atmel/avr tools/avr toolchain/bin/../lib/gcc/avr/4.5.1/../../../../avr/lib/avr51/crtusb1286.o
__vectors                                         c:/program files (x86)/atmel/avr tools/avr toolchain/bin/../lib/gcc/avr/4.5.1/../../../../avr/lib/avr51/crtusb1286.o
_exit                                             c:/program files (x86)/atmel/avr tools/avr toolchain/bin/../lib/gcc/avr/4.5.1/avr51\libgcc.a(_exit.o)
exit                                              c:/program files (x86)/atmel/avr tools/avr toolchain/bin/../lib/gcc/avr/4.5.1/avr51\libgcc.a(_exit.o)
                                                  c:/program files (x86)/atmel/avr tools/avr toolchain/bin/../lib/gcc/avr/4.5.1/../../../../avr/lib/avr51/crtusb1286.o
fputc                                             c:/program files (x86)/atmel/avr tools/avr toolchain/bin/../lib/gcc/avr/4.5.1/../../../../avr/lib/avr51\libc.a(fputc.o)
                                                  c:/program files (x86)/atmel/avr tools/avr toolchain/bin/../lib/gcc/avr/4.5.1/../../../../avr/lib/avr51\libc.a(vfprintf_std.o)
main                                              StillImageHost.o
                                                  c:/program files (x86)/atmel/avr tools/avr toolchain/bin/../lib/gcc/avr/4.5.1/../../../../avr/lib/avr51/crtusb1286.o
memcpy                                            c:/program files (x86)/atmel/avr tools/avr toolchain/bin/../lib/gcc/avr/4.5.1/../../../../avr/lib/avr51\libc.a(memcpy.o)
                                                  c:/program files (x86)/atmel/avr tools/avr toolchain/bin/../lib/gcc/avr/4.5.1/../../../../avr/lib/avr51\libc.a(memmove.o)
                                                  ../../../../LUFA/Drivers/USB/Class/Host/StillImage.o
                                                  ../../../../LUFA/Drivers/USB/Class/Host/RNDIS.o
memmove                                           c:/program files (x86)/atmel/avr tools/avr toolchain/bin/../lib/gcc/avr/4.5.1/../../../../avr/lib/avr51\libc.a(memmove.o)
                                                  ../../../../LUFA/Drivers/USB/Class/Host/Printer.o
printf_P                                          c:/program files (x86)/atmel/avr tools/avr toolchain/bin/../lib/gcc/avr/4.5.1/../../../../avr/lib/avr51\libc.a(printf_p.o)
                                                  StillImageHost.o
puts_P                                            c:/program files (x86)/atmel/avr tools/avr toolchain/bin/../lib/gcc/avr/4.5.1/../../../../avr/lib/avr51\libc.a(puts_p.o)
                                                  StillImageHost.o
strnlen                                           c:/program files (x86)/atmel/avr tools/avr toolchain/bin/../lib/gcc/avr/4.5.1/../../../../avr/lib/avr51\libc.a(strnlen.o)
                                                  c:/program files (x86)/atmel/avr tools/avr toolchain/bin/../lib/gcc/avr/4.5.1/../../../../avr/lib/avr51\libc.a(vfprintf_std.o)
strnlen_P                                         c:/program files (x86)/atmel/avr tools/avr toolchain/bin/../lib/gcc/avr/4.5.1/../../../../avr/lib/avr51\libc.a(strnlen_P.o)
                                                  c:/program files (x86)/atmel/avr tools/avr toolchain/bin/../lib/gcc/avr/4.5.1/../../../../avr/lib/avr51\libc.a(vfprintf_std.o)
vfprintf                                          c:/program files (x86)/atmel/avr tools/avr toolchain/bin/../lib/gcc/avr/4.5.1/../../../../avr/lib/avr51\libc.a(vfprintf_std.o)
                                                  c:/program files (x86)/atmel/avr tools/avr toolchain/bin/../lib/gcc/avr/4.5.1/../../../../avr/lib/avr51\libc.a(printf_p.o)