Archive member included because of file (symbol)

c:/program files (x86)/atmel/avr tools/avr toolchain/bin/../lib/gcc/avr/4.5.1/avr51\libgcc.a(_mulsi3.o)
                              ../LUFA-120219/LUFA/Drivers/USB/Class/Host/MassStorageClassHost.o (__mulsi3)
c:/program files (x86)/atmel/avr tools/avr toolchain/bin/../lib/gcc/avr/4.5.1/avr51\libgcc.a(_exit.o)
                              c:/program files (x86)/atmel/avr tools/avr toolchain/bin/../lib/gcc/avr/4.5.1/../../../../avr/lib/avr51/crtusb1286.o (exit)
c:/program files (x86)/atmel/avr tools/avr toolchain/bin/../lib/gcc/avr/4.5.1/avr51\libgcc.a(_copy_data.o)
                              Stabily.o (__do_copy_data)
c:/program files (x86)/atmel/avr tools/avr toolchain/bin/../lib/gcc/avr/4.5.1/avr51\libgcc.a(_clear_bss.o)
                              Stabily.o (__do_clear_bss)
c:/program files (x86)/atmel/avr tools/avr toolchain/bin/../lib/gcc/avr/4.5.1/avr51\libgcc.a(_lshrdi3.o)
                              CameraControl_DeviceInfo.o (__lshrdi3)
c:/program files (x86)/atmel/avr tools/avr toolchain/bin/../lib/gcc/avr/4.5.1/avr51\libgcc.a(_ashldi3.o)
                              CameraControl_DeviceInfo.o (__ashldi3)
c:/program files (x86)/atmel/avr tools/avr toolchain/bin/../lib/gcc/avr/4.5.1/../../../../avr/lib/avr51\libc.a(memcpy.o)
                              ../LUFA-120219/LUFA/Drivers/USB/Class/Host/RNDISClassHost.o (memcpy)
c:/program files (x86)/atmel/avr tools/avr toolchain/bin/../lib/gcc/avr/4.5.1/../../../../avr/lib/avr51\libc.a(memmove.o)
                              ../LUFA-120219/LUFA/Drivers/USB/Class/Host/PrinterClassHost.o (memmove)
c:/program files (x86)/atmel/avr tools/avr toolchain/bin/../lib/gcc/avr/4.5.1/../../../../avr/lib/avr51\libc.a(iob.o)
                              ../LUFA-120219/LUFA/Drivers/Peripheral/AVR8/Serial_AVR8.o (__iob)
c:/program files (x86)/atmel/avr tools/avr toolchain/bin/../lib/gcc/avr/4.5.1/../../../../avr/lib/avr51\libc.a(printf_p.o)
                              CameraControl_General.o (printf_P)
c:/program files (x86)/atmel/avr tools/avr toolchain/bin/../lib/gcc/avr/4.5.1/../../../../avr/lib/avr51\libc.a(vfprintf_std.o)
                              c:/program files (x86)/atmel/avr tools/avr toolchain/bin/../lib/gcc/avr/4.5.1/../../../../avr/lib/avr51\libc.a(printf_p.o) (vfprintf)
c:/program files (x86)/atmel/avr tools/avr toolchain/bin/../lib/gcc/avr/4.5.1/../../../../avr/lib/avr51\libc.a(eerd_byte_at90usb1287.o)
                              ../LUFA-120219/LUFA/Drivers/USB/Core/AVR8/PipeStream_AVR8.o (__eerd_byte_usb1287)
c:/program files (x86)/atmel/avr tools/avr toolchain/bin/../lib/gcc/avr/4.5.1/../../../../avr/lib/avr51\libc.a(eeupd_byte_at90usb1287.o)
                              ../LUFA-120219/LUFA/Drivers/USB/Core/AVR8/PipeStream_AVR8.o (__eeupd_byte_usb1287)
c:/program files (x86)/atmel/avr tools/avr toolchain/bin/../lib/gcc/avr/4.5.1/../../../../avr/lib/avr51\libc.a(strnlen_P.o)
                              c:/program files (x86)/atmel/avr tools/avr toolchain/bin/../lib/gcc/avr/4.5.1/../../../../avr/lib/avr51\libc.a(vfprintf_std.o) (strnlen_P)
c:/program files (x86)/atmel/avr tools/avr toolchain/bin/../lib/gcc/avr/4.5.1/../../../../avr/lib/avr51\libc.a(strnlen.o)
                              c:/program files (x86)/atmel/avr tools/avr toolchain/bin/../lib/gcc/avr/4.5.1/../../../../avr/lib/avr51\libc.a(vfprintf_std.o) (strnlen)
c:/program files (x86)/atmel/avr tools/avr toolchain/bin/../lib/gcc/avr/4.5.1/../../../../avr/lib/avr51\libc.a(fputc.o)
                              c:/program files (x86)/atmel/avr tools/avr toolchain/bin/../lib/gcc/avr/4.5.1/../../../../avr/lib/avr51\libc.a(vfprintf_std.o) (fputc)
c:/program files (x86)/atmel/avr tools/avr toolchain/bin/../lib/gcc/avr/4.5.1/../../../../avr/lib/avr51\libc.a(ultoa_invert.o)
                              c:/program files (x86)/atmel/avr tools/avr toolchain/bin/../lib/gcc/avr/4.5.1/../../../../avr/lib/avr51\libc.a(vfprintf_std.o) (__ultoa_invert)

Allocating common symbols
Common symbol       size              file

g_aiStorageIDs      0x10              CameraControl_StorageInfo.o
USB_IsInitialized   0x1               ../LUFA-120219/LUFA/Drivers/USB/Core/USBTask.o
USB_Host_ConfigurationNumber
                    0x1               ../LUFA-120219/LUFA/Drivers/USB/Core/HostStandardReq.o
g_stCurrentCommand  0x12              TransferProtocol.o
g_stOutgoingEventQueue
                    0x5a              TransferProtocol.o
USARTSerialStream   0xe               ../LUFA-120219/LUFA/Drivers/Peripheral/AVR8/Serial_AVR8.o
USB_ControlRequest  0x8               ../LUFA-120219/LUFA/Drivers/USB/Core/USBTask.o
g_astStorageInfo    0xe8              CameraControl_StorageInfo.o
USB_HostState       0x1               ../LUFA-120219/LUFA/Drivers/USB/Core/USBTask.o
[...]
Memory Configuration

Name             Origin             Length             Attributes
text             0x00000000         0x00020000         xr
data             0x00800100         0x0000ff00         rw !x
eeprom           0x00810000         0x00010000         rw !x
fuse             0x00820000         0x00000400         rw !x
lock             0x00830000         0x00000400         rw !x
signature        0x00840000         0x00000400         rw !x
*default*        0x00000000         0xffffffff

Linker script and memory map

Address of section .data set to 0x800100
LOAD c:/program files (x86)/atmel/avr tools/avr toolchain/bin/../lib/gcc/avr/4.5.1/../../../../avr/lib/avr51/crtusb1286.o
LOAD Stabily.o
LOAD ../LUFA-120219/LUFA/Drivers/USB/Core/AVR8/Device_AVR8.o
LOAD ../LUFA-120219/LUFA/Drivers/USB/Core/AVR8/Endpoint_AVR8.o
LOAD ../LUFA-120219/LUFA/Drivers/USB/Core/AVR8/Host_AVR8.o
LOAD ../LUFA-120219/LUFA/Drivers/USB/Core/AVR8/Pipe_AVR8.o
LOAD ../LUFA-120219/LUFA/Drivers/USB/Core/AVR8/USBController_AVR8.o
LOAD ../LUFA-120219/LUFA/Drivers/USB/Core/AVR8/USBInterrupt_AVR8.o
LOAD ../LUFA-120219/LUFA/Drivers/USB/Core/AVR8/EndpointStream_AVR8.o
LOAD ../LUFA-120219/LUFA/Drivers/USB/Core/AVR8/PipeStream_AVR8.o
LOAD ../LUFA-120219/LUFA/Drivers/USB/Core/ConfigDescriptor.o
LOAD ../LUFA-120219/LUFA/Drivers/USB/Core/DeviceStandardReq.o
LOAD ../LUFA-120219/LUFA/Drivers/USB/Core/Events.o
LOAD ../LUFA-120219/LUFA/Drivers/USB/Core/HostStandardReq.o
LOAD ../LUFA-120219/LUFA/Drivers/USB/Core/USBTask.o
LOAD ../LUFA-120219/LUFA/Drivers/USB/Class/Common/HIDParser.o
LOAD ../LUFA-120219/LUFA/Drivers/USB/Class/Device/AudioClassDevice.o
LOAD ../LUFA-120219/LUFA/Drivers/USB/Class/Device/CDCClassDevice.o
LOAD ../LUFA-120219/LUFA/Drivers/USB/Class/Device/HIDClassDevice.o
LOAD ../LUFA-120219/LUFA/Drivers/USB/Class/Device/MassStorageClassDevice.o
LOAD ../LUFA-120219/LUFA/Drivers/USB/Class/Device/MIDIClassDevice.o
LOAD ../LUFA-120219/LUFA/Drivers/USB/Class/Device/RNDISClassDevice.o
LOAD ../LUFA-120219/LUFA/Drivers/USB/Class/Host/AndroidAccessoryClassHost.o
LOAD ../LUFA-120219/LUFA/Drivers/USB/Class/Host/AudioClassHost.o
LOAD ../LUFA-120219/LUFA/Drivers/USB/Class/Host/CDCClassHost.o
LOAD ../LUFA-120219/LUFA/Drivers/USB/Class/Host/HIDClassHost.o
LOAD ../LUFA-120219/LUFA/Drivers/USB/Class/Host/MassStorageClassHost.o
LOAD ../LUFA-120219/LUFA/Drivers/USB/Class/Host/MIDIClassHost.o
LOAD ../LUFA-120219/LUFA/Drivers/USB/Class/Host/PrinterClassHost.o
LOAD ../LUFA-120219/LUFA/Drivers/USB/Class/Host/RNDISClassHost.o
LOAD ../LUFA-120219/LUFA/Drivers/USB/Class/Host/StillImageClassHost.o
LOAD ../LUFA-120219/LUFA/Drivers/Peripheral/AVR8/Serial_AVR8.o
LOAD CameraControl_USBEvents.o
LOAD CameraControl_General.o
LOAD CameraControl_DeviceInfo.o
LOAD CameraControl_StorageInfo.o
LOAD CameraControl_DeviceOperation.o
LOAD CameraControl_DeviceEvents.o
LOAD TransferProtocol.o
LOAD ISRUart.o
LOAD c:/program files (x86)/atmel/avr tools/avr toolchain/bin/../lib/gcc/avr/4.5.1/avr51\libgcc.a
LOAD c:/program files (x86)/atmel/avr tools/avr toolchain/bin/../lib/gcc/avr/4.5.1/../../../../avr/lib/avr51\libc.a
LOAD c:/program files (x86)/atmel/avr tools/avr toolchain/bin/../lib/gcc/avr/4.5.1/avr51\libgcc.a

.hash
 *(.hash)

.dynsym
 *(.dynsym)

.dynstr
 *(.dynstr)

.gnu.version
 *(.gnu.version)

.gnu.version_d
 *(.gnu.version_d)

.gnu.version_r
 *(.gnu.version_r)

.rel.init
 *(.rel.init)

.rela.init
 *(.rela.init)

.rel.text
 *(.rel.text)
 *(.rel.text.*)
 *(.rel.gnu.linkonce.t*)

.rela.text
 *(.rela.text)
 *(.rela.text.*)
 *(.rela.gnu.linkonce.t*)

.rel.fini
 *(.rel.fini)

.rela.fini
 *(.rela.fini)

.rel.rodata
 *(.rel.rodata)
 *(.rel.rodata.*)
 *(.rel.gnu.linkonce.r*)

.rela.rodata
 *(.rela.rodata)
 *(.rela.rodata.*)
 *(.rela.gnu.linkonce.r*)

.rel.data
 *(.rel.data)
 *(.rel.data.*)
 *(.rel.gnu.linkonce.d*)

.rela.data
 *(.rela.data)
 *(.rela.data.*)
 *(.rela.gnu.linkonce.d*)

.rel.ctors
 *(.rel.ctors)

.rela.ctors
 *(.rela.ctors)

.rel.dtors
 *(.rel.dtors)

.rela.dtors
 *(.rela.dtors)

.rel.got
 *(.rel.got)

.rela.got
 *(.rela.got)

.rel.bss
 *(.rel.bss)

.rela.bss
 *(.rela.bss)

.rel.plt
 *(.rel.plt)

.rela.plt
 *(.rela.plt)

.text           0x00000000     0x46a8
 *(.vectors)
 .vectors       0x00000000       0x98 c:/program files (x86)/atmel/avr tools/avr toolchain/bin/../lib/gcc/avr/4.5.1/../../../../avr/lib/avr51/crtusb1286.o
                0x00000000                __vector_default
                0x00000000                __vectors
 *(.vectors)
 *(.progmem.gcc*)
 .progmem.gcc_sw_table
                0x00000098       0x40 CameraControl_General.o
 *(.progmem*)
 .progmem.data  0x000000d8      0x6cc CameraControl_General.o
 .progmem.data  0x000007a4       0x75 CameraControl_DeviceOperation.o
                0x0000081a                . = ALIGN (0x2)
 *fill*         0x00000819        0x1 00
                0x0000081a                __trampolines_start = .
 *(.trampolines)
 .trampolines   0x0000081a        0x0 linker stubs
 *(.trampolines*)
                0x0000081a                __trampolines_end = .
 *(.jumptables)
 *(.jumptables*)
 *(.lowtext)
 *(.lowtext*)
                0x0000081a                __ctors_start = .
 *(.ctors)
                0x0000081a                __ctors_end = .
                0x0000081a                __dtors_start = .
 *(.dtors)
                0x0000081a                __dtors_end = .
 SORT(*)(.ctors)
 SORT(*)(.dtors)
 *(.init0)
 .init0         0x0000081a        0x0 c:/program files (x86)/atmel/avr tools/avr toolchain/bin/../lib/gcc/avr/4.5.1/../../../../avr/lib/avr51/crtusb1286.o
                0x0000081a                __init
 *(.init0)
 *(.init1)
 *(.init1)
 *(.init2)
 .init2         0x0000081a        0xc c:/program files (x86)/atmel/avr tools/avr toolchain/bin/../lib/gcc/avr/4.5.1/../../../../avr/lib/avr51/crtusb1286.o
 *(.init2)
 *(.init3)
 *(.init3)
 *(.init4)
 .init4         0x00000826       0x1a c:/program files (x86)/atmel/avr tools/avr toolchain/bin/../lib/gcc/avr/4.5.1/avr51\libgcc.a(_copy_data.o)
                0x00000826                __do_copy_data
 .init4         0x00000840       0x10 c:/program files (x86)/atmel/avr tools/avr toolchain/bin/../lib/gcc/avr/4.5.1/avr51\libgcc.a(_clear_bss.o)
                0x00000840                __do_clear_bss
 *(.init4)
 *(.init5)
 *(.init5)
 *(.init6)
 *(.init6)
 *(.init7)
 *(.init7)
 *(.init8)
 *(.init8)
 *(.init9)
 .init9         0x00000850        0x6 c:/program files (x86)/atmel/avr tools/avr toolchain/bin/../lib/gcc/avr/4.5.1/../../../../avr/lib/avr51/crtusb1286.o
 *(.init9)
 *(.text)
 .text          0x00000856        0x2 c:/program files (x86)/atmel/avr tools/avr toolchain/bin/../lib/gcc/avr/4.5.1/../../../../avr/lib/avr51/crtusb1286.o
                0x00000856                __vector_22
                0x00000856                __vector_28
                0x00000856                __vector_1
                0x00000856                __vector_32
                0x00000856                __vector_34
                0x00000856                __vector_24
                0x00000856                __vector_12
                0x00000856                __bad_interrupt
                0x00000856                __vector_6
                0x00000856                __vector_31
                0x00000856                __vector_35
                0x00000856                __vector_3
                0x00000856                __vector_23
                0x00000856                __vector_30
                0x00000856                __vector_11
                0x00000856                __vector_13
                0x00000856                __vector_17
                0x00000856                __vector_19
                0x00000856                __vector_7
                0x00000856                __vector_27
                0x00000856                __vector_5
                0x00000856                __vector_33
                0x00000856                __vector_37
                0x00000856                __vector_4
                0x00000856                __vector_9
                0x00000856                __vector_2
                0x00000856                __vector_21
                0x00000856                __vector_15
                0x00000856                __vector_36
                0x00000856                __vector_29
                0x00000856                __vector_8
                0x00000856                __vector_14
                0x00000856                __vector_16
                0x00000856                __vector_18
                0x00000856                __vector_20
                0x00000858                . = ALIGN (0x2)
 *(.text.*)
 .text.Stabily_SetupHardware
                0x00000858       0x44 Stabily.o
                0x00000858                Stabily_SetupHardware
 .text.Stabily_PropertyValueEvent
                0x0000089c       0xa2 Stabily.o
                0x0000089c                Stabily_PropertyValueEvent
 .text.main     0x0000093e       0x20 Stabily.o
                0x0000093e                main
 .text.USB_Host_ResetDevice
                0x0000095e      0x15a ../LUFA-120219/LUFA/Drivers/USB/Core/AVR8/Host_AVR8.o
 .text.USB_Host_ProcessNextHostState
                0x00000ab8      0x31e ../LUFA-120219/LUFA/Drivers/USB/Core/AVR8/Host_AVR8.o
                0x00000ab8                USB_Host_ProcessNextHostState
 .text.USB_Host_WaitMS
                0x00000dd6       0xb0 ../LUFA-120219/LUFA/Drivers/USB/Core/AVR8/Host_AVR8.o
                0x00000dd6                USB_Host_WaitMS
 .text.Pipe_ConfigurePipe
                0x00000e86       0xea ../LUFA-120219/LUFA/Drivers/USB/Core/AVR8/Pipe_AVR8.o
                0x00000e86                Pipe_ConfigurePipe
 .text.Pipe_ClearPipes
                0x00000f70       0xba ../LUFA-120219/LUFA/Drivers/USB/Core/AVR8/Pipe_AVR8.o
                0x00000f70                Pipe_ClearPipes
 .text.Pipe_IsEndpointBound
                0x0000102a      0x18e ../LUFA-120219/LUFA/Drivers/USB/Core/AVR8/Pipe_AVR8.o
                0x0000102a                Pipe_IsEndpointBound
 .text.Pipe_WaitUntilReady
                0x000011b8       0x62 ../LUFA-120219/LUFA/Drivers/USB/Core/AVR8/Pipe_AVR8.o
                0x000011b8                Pipe_WaitUntilReady
 .text.USB_Disable
                0x0000121a       0x30 ../LUFA-120219/LUFA/Drivers/USB/Core/AVR8/USBController_AVR8.o
                0x0000121a                USB_Disable
 .text.USB_ResetInterface
                0x0000124a       0xa0 ../LUFA-120219/LUFA/Drivers/USB/Core/AVR8/USBController_AVR8.o
                0x0000124a                USB_ResetInterface
 .text.USB_Init
                0x000012ea       0x12 ../LUFA-120219/LUFA/Drivers/USB/Core/AVR8/USBController_AVR8.o
                0x000012ea                USB_Init
 .text.USB_INT_DisableAllInterrupts
                0x000012fc       0x10 ../LUFA-120219/LUFA/Drivers/USB/Core/AVR8/USBInterrupt_AVR8.o
                0x000012fc                USB_INT_DisableAllInterrupts
 .text.USB_INT_ClearAllInterrupts
                0x0000130c        0xa ../LUFA-120219/LUFA/Drivers/USB/Core/AVR8/USBInterrupt_AVR8.o
                0x0000130c                USB_INT_ClearAllInterrupts
 .text.__vector_10
                0x00001316      0x130 ../LUFA-120219/LUFA/Drivers/USB/Core/AVR8/USBInterrupt_AVR8.o
                0x00001316                __vector_10
 .text.Pipe_Write_Stream_LE
                0x00001446       0xe2 ../LUFA-120219/LUFA/Drivers/USB/Core/AVR8/PipeStream_AVR8.o
                0x00001446                Pipe_Write_Stream_LE
 .text.Pipe_Read_Stream_LE
                0x00001528       0xe2 ../LUFA-120219/LUFA/Drivers/USB/Core/AVR8/PipeStream_AVR8.o
                0x00001528                Pipe_Read_Stream_LE
 .text.USB_Host_GetDeviceConfigDescriptor
                0x0000160a       0xae ../LUFA-120219/LUFA/Drivers/USB/Core/ConfigDescriptor.o
                0x0000160a                USB_Host_GetDeviceConfigDescriptor
 .text.USB_GetNextDescriptorComp
                0x000016b8       0x86 ../LUFA-120219/LUFA/Drivers/USB/Core/ConfigDescriptor.o
                0x000016b8                USB_GetNextDescriptorComp
 .text.USB_Event_Stub
                0x0000173e        0x2 ../LUFA-120219/LUFA/Drivers/USB/Core/Events.o
                0x0000173e                EVENT_USB_Host_StartOfFrame
                0x0000173e                USB_Event_Stub
 .text.USB_Host_WaitForIOS
                0x00001740       0x7e ../LUFA-120219/LUFA/Drivers/USB/Core/HostStandardReq.o
 .text.USB_Host_SendControlRequest
                0x000017be      0x260 ../LUFA-120219/LUFA/Drivers/USB/Core/HostStandardReq.o
                0x000017be                USB_Host_SendControlRequest
 .text.USB_Host_SetDeviceConfiguration
                0x00001a1e       0x4a ../LUFA-120219/LUFA/Drivers/USB/Core/HostStandardReq.o
                0x00001a1e                USB_Host_SetDeviceConfiguration
 .text.USB_Host_ClearEndpointStall
                0x00001a68       0x2e ../LUFA-120219/LUFA/Drivers/USB/Core/HostStandardReq.o
                0x00001a68                USB_Host_ClearEndpointStall
 .text.USB_USBTask
                0x00001a96       0x1c ../LUFA-120219/LUFA/Drivers/USB/Core/USBTask.o
                0x00001a96                USB_USBTask
 .text.DCOMP_SI_Host_NextSIInterface
                0x00001ab2       0x22 ../LUFA-120219/LUFA/Drivers/USB/Class/Host/StillImageClassHost.o
 .text.DCOMP_SI_Host_NextSIInterfaceEndpoint
                0x00001ad4       0x2a ../LUFA-120219/LUFA/Drivers/USB/Class/Host/StillImageClassHost.o
 .text.SI_Host_ConfigurePipes
                0x00001afe      0x510 ../LUFA-120219/LUFA/Drivers/USB/Class/Host/StillImageClassHost.o
                0x00001afe                SI_Host_ConfigurePipes
 .text.SI_Host_SendBlockHeader
                0x0000200e       0xa4 ../LUFA-120219/LUFA/Drivers/USB/Class/Host/StillImageClassHost.o
                0x0000200e                SI_Host_SendBlockHeader
 .text.SI_Host_ReceiveBlockHeader
                0x000020b2      0x112 ../LUFA-120219/LUFA/Drivers/USB/Class/Host/StillImageClassHost.o
                0x000020b2                SI_Host_ReceiveBlockHeader
 .text.SI_Host_ReadData
                0x000021c4       0x3e ../LUFA-120219/LUFA/Drivers/USB/Class/Host/StillImageClassHost.o
                0x000021c4                SI_Host_ReadData
 .text.SI_Host_IsEventReceived
                0x00002202       0x52 ../LUFA-120219/LUFA/Drivers/USB/Class/Host/StillImageClassHost.o
                0x00002202                SI_Host_IsEventReceived
 .text.SI_Host_ReceiveEventHeader
                0x00002254       0x4a ../LUFA-120219/LUFA/Drivers/USB/Class/Host/StillImageClassHost.o
                0x00002254                SI_Host_ReceiveEventHeader
 .text.EVENT_USB_Host_DeviceAttached
                0x0000229e       0x16 CameraControl_USBEvents.o
                0x0000229e                EVENT_USB_Host_DeviceAttached
 .text.EVENT_USB_Host_DeviceUnattached
                0x000022b4       0x14 CameraControl_USBEvents.o
                0x000022b4                EVENT_USB_Host_DeviceUnattached
 .text.EVENT_USB_Host_DeviceEnumerationComplete
                0x000022c8       0x62 CameraControl_USBEvents.o
                0x000022c8                EVENT_USB_Host_DeviceEnumerationComplete
 .text.EVENT_USB_Host_HostError
                0x0000232a        0x6 CameraControl_USBEvents.o
                0x0000232a                EVENT_USB_Host_HostError
 .text.EVENT_USB_Host_DeviceEnumerationFailed
                0x00002330        0x2 CameraControl_USBEvents.o
                0x00002330                EVENT_USB_Host_DeviceEnumerationFailed
 .text.CameraControl_PTPErrorDescription
                0x00002332      0x38e CameraControl_General.o
                0x00002332                CameraControl_PTPErrorDescription
 .text.CameraControl_DescribePIPE_RWSTREAMError
                0x000026c0       0xf0 CameraControl_General.o
                0x000026c0                CameraControl_DescribePIPE_RWSTREAMError
 .text.CameraControl_GetResponseAndCheck
                0x000027b0       0x80 CameraControl_General.o
                0x000027b0                CameraControl_GetResponseAndCheck
 .text.CameraControl_InitiateTransaction
                0x00002830       0x7c CameraControl_General.o
                0x00002830                CameraControl_InitiateTransaction
 .text.CameraControl_OpenSession
                0x000028ac       0xb8 CameraControl_General.o
                0x000028ac                CameraControl_OpenSession
 .text.CameraControl_CloseSession
                0x00002964       0x9a CameraControl_General.o
                0x00002964                CameraControl_CloseSession
 .text.CameraControl_GeneralStream_Bin
                0x000029fe      0x184 CameraControl_General.o
                0x000029fe                CameraControl_GeneralStream_Bin
 .text.CameraControl_DeviceInfo_Bin
                0x00002b82       0x56 CameraControl_DeviceInfo.o
                0x00002b82                CameraControl_DeviceInfo_Bin
 .text.CameraControl_GetStorageIDs
                0x00002bd8        0x4 CameraControl_StorageInfo.o
                0x00002bd8                CameraControl_GetStorageIDs
 .text.CameraControl_StorageInfo_Bin
                0x00002bdc       0x78 CameraControl_StorageInfo.o
                0x00002bdc                CameraControl_StorageInfo_Bin
 .text.CameraControl_DeviceOperation_GetPropertyDescBin
                0x00002c54       0x64 CameraControl_DeviceOperation.o
                0x00002c54                CameraControl_DeviceOperation_GetPropertyDescBin
 .text.CameraControl_DeviceOperation_GetPropertyValBin
                0x00002cb8       0x64 CameraControl_DeviceOperation.o
                0x00002cb8                CameraControl_DeviceOperation_GetPropertyValBin
 .text.CameraControl_GetPropertyVal32Bit
                0x00002d1c      0x11a CameraControl_DeviceOperation.o
                0x00002d1c                CameraControl_GetPropertyVal32Bit
 .text.CameraControl_DeviceOperation_SetPropertyValBin
                0x00002e36       0xfc CameraControl_DeviceOperation.o
                0x00002e36                CameraControl_DeviceOperation_SetPropertyValBin
 .text.CameraControl_DeviceEvents_PollEvents
                0x00002f32       0xe6 CameraControl_DeviceEvents.o
                0x00002f32                CameraControl_DeviceEvents_PollEvents
 .text.TP_SendHeader
                0x00003018       0x76 TransferProtocol.o
                0x00003018                TP_SendHeader
 .text.TP_GetIncomingCommand
                0x0000308e      0x442 TransferProtocol.o
                0x0000308e                TP_GetIncomingCommand
 .text.TP_PushEvent
                0x000034d0       0xa4 TransferProtocol.o
                0x000034d0                TP_PushEvent
 .text.TP_PopEvent
                0x00003574       0x52 TransferProtocol.o
                0x00003574                TP_PopEvent
 .text.TP_SendEvent
                0x000035c6       0x6c TransferProtocol.o
                0x000035c6                TP_SendEvent
 .text.TP_CollectEvents
                0x00003632       0x7e TransferProtocol.o
                0x00003632                TP_CollectEvents
 .text.TP_CheckPropertyEvents
                0x000036b0      0x8ba TransferProtocol.o
                0x000036b0                TP_CheckPropertyEvents
 .text.TP_SendSyncWord
                0x00003f6a       0x5a TransferProtocol.o
                0x00003f6a                TP_SendSyncWord
 .text.uart_getc
                0x00003fc4       0x20 ISRUart.o
                0x00003fc4                uart_getc
 .text.uart_putc
                0x00003fe4       0x28 ISRUart.o
                0x00003fe4                uart_putc
 .text.__vector_25
                0x0000400c       0x5e ISRUart.o
                0x0000400c                __vector_25
 .text.__vector_26
                0x0000406a       0x5a ISRUart.o
                0x0000406a                __vector_26
 .text.uart_init
                0x000040c4       0x4a ISRUart.o
                0x000040c4                uart_init
 .text.uart_rx_ready
                0x0000410e       0x12 ISRUart.o
                0x0000410e                uart_rx_ready
 .text.avr-libc
                0x00004120       0x3e c:/program files (x86)/atmel/avr tools/avr toolchain/bin/../lib/gcc/avr/4.5.1/../../../../avr/lib/avr51\libc.a(printf_p.o)
                0x00004120                printf_P
 .text.avr-libc
                0x0000415e      0x406 c:/program files (x86)/atmel/avr tools/avr toolchain/bin/../lib/gcc/avr/4.5.1/../../../../avr/lib/avr51\libc.a(vfprintf_std.o)
                0x0000415e                vfprintf
 .text.avr-libc
                0x00004564       0x16 c:/program files (x86)/atmel/avr tools/avr toolchain/bin/../lib/gcc/avr/4.5.1/../../../../avr/lib/avr51\libc.a(strnlen_P.o)
                0x00004564                strnlen_P
 .text.avr-libc
                0x0000457a       0x16 c:/program files (x86)/atmel/avr tools/avr toolchain/bin/../lib/gcc/avr/4.5.1/../../../../avr/lib/avr51\libc.a(strnlen.o)
                0x0000457a                strnlen
 .text.avr-libc
                0x00004590       0x58 c:/program files (x86)/atmel/avr tools/avr toolchain/bin/../lib/gcc/avr/4.5.1/../../../../avr/lib/avr51\libc.a(fputc.o)
                0x00004590                fputc
 .text.avr-libc
                0x000045e8       0xbc c:/program files (x86)/atmel/avr tools/avr toolchain/bin/../lib/gcc/avr/4.5.1/../../../../avr/lib/avr51\libc.a(ultoa_invert.o)
                0x000045e8                __ultoa_invert
                0x000046a4                . = ALIGN (0x2)
 *(.fini9)
 .fini9         0x000046a4        0x0 c:/program files (x86)/atmel/avr tools/avr toolchain/bin/../lib/gcc/avr/4.5.1/avr51\libgcc.a(_exit.o)
                0x000046a4                _exit
                0x000046a4                exit
 *(.fini9)
 *(.fini8)
 *(.fini8)
 *(.fini7)
 *(.fini7)
 *(.fini6)
 *(.fini6)
 *(.fini5)
 *(.fini5)
 *(.fini4)
 *(.fini4)
 *(.fini3)
 *(.fini3)
 *(.fini2)
 *(.fini2)
 *(.fini1)
 *(.fini1)
 *(.fini0)
 .fini0         0x000046a4        0x4 c:/program files (x86)/atmel/avr tools/avr toolchain/bin/../lib/gcc/avr/4.5.1/avr51\libgcc.a(_exit.o)
 *(.fini0)
                0x000046a8                _etext = .

.data           0x00800100       0x42 load address 0x000046a8
                0x00800100                PROVIDE (__data_start, .)
 *(.data)
 .data          0x00800100       0x14 Stabily.o
                0x00800100                DigitalCamera_SI_Interface
                0x00800113                g_bQuiteMode
 .data          0x00800114       0x10 ../LUFA-120219/LUFA/Drivers/USB/Core/AVR8/Host_AVR8.o
 .data          0x00800124        0x1 ../LUFA-120219/LUFA/Drivers/USB/Core/AVR8/Pipe_AVR8.o
                0x00800124                USB_Host_ControlPipeSize
 .data          0x00800125       0x1c ISRUart.o
                0x00800125                uart_output
                0x00800133                uart_input
 *(.data*)
 *(.rodata)
 *(.rodata*)
 *(.gnu.linkonce.d*)
                0x00800142                . = ALIGN (0x2)
 *fill*         0x00800141        0x1 00
                0x00800142                _edata = .
                0x00800142                PROVIDE (__data_end, .)

.bss            0x00800142      0x492
                0x00800142                PROVIDE (__bss_start, .)
 *(.bss)
 .bss           0x00800142        0x6 Stabily.o
                0x00800142                g_bCameraConnected
                0x00800143                g_iSlowEventCount
                0x00800144                g_iEventCurrentCount
 .bss           0x00800148        0x3 ../LUFA-120219/LUFA/Drivers/USB/Core/AVR8/Host_AVR8.o
 .bss           0x0080014b       0x21 CameraControl_USBEvents.o
                0x0080014b                g_USBEventBitmap
                0x0080014c                g_USBEventArgument
 .bss           0x0080016c       0x98 CameraControl_DeviceInfo.o
                0x0080016c                g_nStage
                0x0080016d                g_iDataIsValid
                0x0080016e                g_stDeviceInfo
 .bss           0x00800204        0x1 CameraControl_StorageInfo.o
                0x00800204                g_iNumOfStorages
 .bss           0x00800205       0x55 TransferProtocol.o
                0x00800205                g_iEventID
                0x00800209                g_iCommandID
                0x0080020d                g_iInCommandPos
                0x0080020e                g_iCurrentCheckSum
                0x0080020f                g_iEventQueueStart
                0x00800210                g_iEventQueueEnd
                0x00800211                g_iEventQueueSize
                0x00800212                g_iPropEventVector
                0x00800214                g_iPropDescEventVector
                0x00800216                g_iPropEventFastMode
                0x00800218                g_iCurrentPropEventVector
                0x0080021a                g_iCurrentPropValuesVector
 .bss           0x0080025a      0x205 ISRUart.o
 *(.bss*)
 *(COMMON)
 COMMON         0x0080045f        0x1 ../LUFA-120219/LUFA/Drivers/USB/Core/HostStandardReq.o
                0x0080045f                USB_Host_ConfigurationNumber
 COMMON         0x00800460        0xa ../LUFA-120219/LUFA/Drivers/USB/Core/USBTask.o
                0x00800460                USB_IsInitialized
                0x00800461                USB_ControlRequest
                0x00800469                USB_HostState
 COMMON         0x0080046a       0xf8 CameraControl_StorageInfo.o
                0x0080046a                g_aiStorageIDs
                0x0080047a                g_astStorageInfo
 COMMON         0x00800562       0x6c TransferProtocol.o
                0x00800562                g_stCurrentCommand
                0x00800574                g_stOutgoingEventQueue
 COMMON         0x008005ce        0x6 c:/program files (x86)/atmel/avr tools/avr toolchain/bin/../lib/gcc/avr/4.5.1/../../../../avr/lib/avr51\libc.a(iob.o)
                0x008005ce                __iob
                0x008005d4                PROVIDE (__bss_end, .)
                0x000046a8                __data_load_start = LOADADDR (.data)
                0x000046ea                __data_load_end = (__data_load_start + SIZEOF (.data))

.noinit         0x008005d4        0x0
                0x008005d4                PROVIDE (__noinit_start, .)
 *(.noinit*)
                0x008005d4                PROVIDE (__noinit_end, .)
                0x008005d4                _end = .
                0x008005d4                PROVIDE (__heap_start, .)

.eeprom         0x00810000        0x0
 *(.eeprom*)
                0x00810000                __eeprom_end = .

.fuse
 *(.fuse)
 *(.lfuse)
 *(.hfuse)
 *(.efuse)

.lock
 *(.lock*)

.signature
 *(.signature*)

.stab           0x00000000      0xf90
 *(.stab)
 .stab          0x00000000      0x6cc c:/program files (x86)/atmel/avr tools/avr toolchain/bin/../lib/gcc/avr/4.5.1/../../../../avr/lib/avr51/crtusb1286.o
 .stab          0x000006cc       0x84 c:/program files (x86)/atmel/avr tools/avr toolchain/bin/../lib/gcc/avr/4.5.1/../../../../avr/lib/avr51\libc.a(memcpy.o)
                                 0x90 (size before relaxing)
 .stab          0x00000750       0xe4 c:/program files (x86)/atmel/avr tools/avr toolchain/bin/../lib/gcc/avr/4.5.1/../../../../avr/lib/avr51\libc.a(memmove.o)
                                 0xf0 (size before relaxing)
 .stab          0x00000834       0x90 c:/program files (x86)/atmel/avr tools/avr toolchain/bin/../lib/gcc/avr/4.5.1/../../../../avr/lib/avr51\libc.a(eerd_byte_at90usb1287.o)
                                 0x9c (size before relaxing)
 .stab          0x000008c4      0x114 c:/program files (x86)/atmel/avr tools/avr toolchain/bin/../lib/gcc/avr/4.5.1/../../../../avr/lib/avr51\libc.a(eeupd_byte_at90usb1287.o)
                                0x120 (size before relaxing)
 .stab          0x000009d8       0x9c c:/program files (x86)/atmel/avr tools/avr toolchain/bin/../lib/gcc/avr/4.5.1/../../../../avr/lib/avr51\libc.a(strnlen_P.o)
                                 0xa8 (size before relaxing)
 .stab          0x00000a74       0x9c c:/program files (x86)/atmel/avr tools/avr toolchain/bin/../lib/gcc/avr/4.5.1/../../../../avr/lib/avr51\libc.a(strnlen.o)
                                 0xa8 (size before relaxing)
 .stab          0x00000b10      0x480 c:/program files (x86)/atmel/avr tools/avr toolchain/bin/../lib/gcc/avr/4.5.1/../../../../avr/lib/avr51\libc.a(ultoa_invert.o)
                                0x48c (size before relaxing)

.stabstr        0x00000000      0x342
 *(.stabstr)
 .stabstr       0x00000000      0x342 c:/program files (x86)/atmel/avr tools/avr toolchain/bin/../lib/gcc/avr/4.5.1/../../../../avr/lib/avr51/crtusb1286.o

.stab.excl
 *(.stab.excl)

.stab.exclstr
 *(.stab.exclstr)

.stab.index
 *(.stab.index)

.stab.indexstr
 *(.stab.indexstr)

.comment
 *(.comment)

.debug
 *(.debug)

.line
 *(.line)

.debug_srcinfo
 *(.debug_srcinfo)

.debug_sfnames
 *(.debug_sfnames)

.debug_aranges  0x00000000      0xa80
 *(.debug_aranges)
 .debug_aranges
                0x00000000       0x30 Stabily.o
 .debug_aranges
                0x00000030       0x30 ../LUFA-120219/LUFA/Drivers/USB/Core/AVR8/Host_AVR8.o
 .debug_aranges
                0x00000060       0x38 ../LUFA-120219/LUFA/Drivers/USB/Core/AVR8/Pipe_AVR8.o
 .debug_aranges
                0x00000098       0x30 ../LUFA-120219/LUFA/Drivers/USB/Core/AVR8/USBController_AVR8.o
 .debug_aranges
                0x000000c8       0x30 ../LUFA-120219/LUFA/Drivers/USB/Core/AVR8/USBInterrupt_AVR8.o
 .debug_aranges
                0x000000f8       0x78 ../LUFA-120219/LUFA/Drivers/USB/Core/AVR8/PipeStream_AVR8.o
 .debug_aranges
                0x00000170       0x40 ../LUFA-120219/LUFA/Drivers/USB/Core/ConfigDescriptor.o
 .debug_aranges
                0x000001b0       0x20 ../LUFA-120219/LUFA/Drivers/USB/Core/Events.o
 .debug_aranges
                0x000001d0       0x60 ../LUFA-120219/LUFA/Drivers/USB/Core/HostStandardReq.o
 .debug_aranges
                0x00000230       0x20 ../LUFA-120219/LUFA/Drivers/USB/Core/USBTask.o
 .debug_aranges
                0x00000250       0x38 ../LUFA-120219/LUFA/Drivers/USB/Class/Common/HIDParser.o
 .debug_aranges
                0x00000288       0xa0 ../LUFA-120219/LUFA/Drivers/USB/Class/Host/AndroidAccessoryClassHost.o
 .debug_aranges
                0x00000328       0x48 ../LUFA-120219/LUFA/Drivers/USB/Class/Host/AudioClassHost.o
 .debug_aranges
                0x00000370       0xb8 ../LUFA-120219/LUFA/Drivers/USB/Class/Host/CDCClassHost.o
 .debug_aranges
                0x00000428       0x70 ../LUFA-120219/LUFA/Drivers/USB/Class/Host/HIDClassHost.o
 .debug_aranges
                0x00000498       0x88 ../LUFA-120219/LUFA/Drivers/USB/Class/Host/MassStorageClassHost.o
 .debug_aranges
                0x00000520       0x50 ../LUFA-120219/LUFA/Drivers/USB/Class/Host/MIDIClassHost.o
 .debug_aranges
                0x00000570       0x88 ../LUFA-120219/LUFA/Drivers/USB/Class/Host/PrinterClassHost.o
 .debug_aranges
                0x000005f8       0x80 ../LUFA-120219/LUFA/Drivers/USB/Class/Host/RNDISClassHost.o
 .debug_aranges
                0x00000678       0x80 ../LUFA-120219/LUFA/Drivers/USB/Class/Host/StillImageClassHost.o
 .debug_aranges
                0x000006f8       0x58 ../LUFA-120219/LUFA/Drivers/Peripheral/AVR8/Serial_AVR8.o
 .debug_aranges
                0x00000750       0x40 CameraControl_USBEvents.o
 .debug_aranges
                0x00000790       0x60 CameraControl_General.o
 .debug_aranges
                0x000007f0       0x68 CameraControl_DeviceInfo.o
 .debug_aranges
                0x00000858       0x40 CameraControl_StorageInfo.o
 .debug_aranges
                0x00000898       0x48 CameraControl_DeviceOperation.o
 .debug_aranges
                0x000008e0       0x20 CameraControl_DeviceEvents.o
 .debug_aranges
                0x00000900       0x70 TransferProtocol.o
 .debug_aranges
                0x00000970       0x70 ISRUart.o
 .debug_aranges
                0x000009e0       0x20 c:/program files (x86)/atmel/avr tools/avr toolchain/bin/../lib/gcc/avr/4.5.1/avr51\libgcc.a(_lshrdi3.o)
 .debug_aranges
                0x00000a00       0x20 c:/program files (x86)/atmel/avr tools/avr toolchain/bin/../lib/gcc/avr/4.5.1/avr51\libgcc.a(_ashldi3.o)
 .debug_aranges
                0x00000a20       0x20 c:/program files (x86)/atmel/avr tools/avr toolchain/bin/../lib/gcc/avr/4.5.1/../../../../avr/lib/avr51\libc.a(printf_p.o)
 .debug_aranges
                0x00000a40       0x20 c:/program files (x86)/atmel/avr tools/avr toolchain/bin/../lib/gcc/avr/4.5.1/../../../../avr/lib/avr51\libc.a(vfprintf_std.o)
 .debug_aranges
                0x00000a60       0x20 c:/program files (x86)/atmel/avr tools/avr toolchain/bin/../lib/gcc/avr/4.5.1/../../../../avr/lib/avr51\libc.a(fputc.o)

.debug_pubnames
                0x00000000     0x1acd
 *(.debug_pubnames)
 .debug_pubnames
                0x00000000       0xca Stabily.o
 .debug_pubnames
                0x000000ca       0x48 ../LUFA-120219/LUFA/Drivers/USB/Core/AVR8/Host_AVR8.o
 .debug_pubnames
                0x00000112       0x8b ../LUFA-120219/LUFA/Drivers/USB/Core/AVR8/Pipe_AVR8.o
 .debug_pubnames
                0x0000019d       0x46 ../LUFA-120219/LUFA/Drivers/USB/Core/AVR8/USBController_AVR8.o
 .debug_pubnames
                0x000001e3       0x62 ../LUFA-120219/LUFA/Drivers/USB/Core/AVR8/USBInterrupt_AVR8.o
 .debug_pubnames
                0x00000245      0x13b ../LUFA-120219/LUFA/Drivers/USB/Core/AVR8/PipeStream_AVR8.o
 .debug_pubnames
                0x00000380       0xc2 ../LUFA-120219/LUFA/Drivers/USB/Core/ConfigDescriptor.o
 .debug_pubnames
                0x00000442       0x25 ../LUFA-120219/LUFA/Drivers/USB/Core/Events.o
 .debug_pubnames
                0x00000467      0x13b ../LUFA-120219/LUFA/Drivers/USB/Core/HostStandardReq.o
 .debug_pubnames
                0x000005a2       0x61 ../LUFA-120219/LUFA/Drivers/USB/Core/USBTask.o
 .debug_pubnames
                0x00000603       0x7e ../LUFA-120219/LUFA/Drivers/USB/Class/Common/HIDParser.o
 .debug_pubnames
                0x00000681      0x14f ../LUFA-120219/LUFA/Drivers/USB/Class/Host/AndroidAccessoryClassHost.o
 .debug_pubnames
                0x000007d0       0x78 ../LUFA-120219/LUFA/Drivers/USB/Class/Host/AudioClassHost.o
 .debug_pubnames
                0x00000848      0x17e ../LUFA-120219/LUFA/Drivers/USB/Class/Host/CDCClassHost.o
 .debug_pubnames
                0x000009c6       0xf9 ../LUFA-120219/LUFA/Drivers/USB/Class/Host/HIDClassHost.o
 .debug_pubnames
                0x00000abf      0x12e ../LUFA-120219/LUFA/Drivers/USB/Class/Host/MassStorageClassHost.o
 .debug_pubnames
                0x00000bed       0x98 ../LUFA-120219/LUFA/Drivers/USB/Class/Host/MIDIClassHost.o
 .debug_pubnames
                0x00000c85      0x147 ../LUFA-120219/LUFA/Drivers/USB/Class/Host/PrinterClassHost.o
 .debug_pubnames
                0x00000dcc      0x103 ../LUFA-120219/LUFA/Drivers/USB/Class/Host/RNDISClassHost.o
 .debug_pubnames
                0x00000ecf      0x132 ../LUFA-120219/LUFA/Drivers/USB/Class/Host/StillImageClassHost.o
 .debug_pubnames
                0x00001001       0xe4 ../LUFA-120219/LUFA/Drivers/Peripheral/AVR8/Serial_AVR8.o
 .debug_pubnames
                0x000010e5       0xf9 CameraControl_USBEvents.o
 .debug_pubnames
                0x000011de      0x147 CameraControl_General.o
 .debug_pubnames
                0x00001325      0x174 CameraControl_DeviceInfo.o
 .debug_pubnames
                0x00001499       0xf8 CameraControl_StorageInfo.o
 .debug_pubnames
                0x00001591      0x131 CameraControl_DeviceOperation.o
 .debug_pubnames
                0x000016c2       0x3c CameraControl_DeviceEvents.o
 .debug_pubnames
                0x000016fe      0x230 TransferProtocol.o
 .debug_pubnames
                0x0000192e       0xe9 ISRUart.o
 .debug_pubnames
                0x00001a17       0x20 c:/program files (x86)/atmel/avr tools/avr toolchain/bin/../lib/gcc/avr/4.5.1/avr51\libgcc.a(_lshrdi3.o)
 .debug_pubnames
                0x00001a37       0x20 c:/program files (x86)/atmel/avr tools/avr toolchain/bin/../lib/gcc/avr/4.5.1/avr51\libgcc.a(_ashldi3.o)
 .debug_pubnames
                0x00001a57       0x1c c:/program files (x86)/atmel/avr tools/avr toolchain/bin/../lib/gcc/avr/4.5.1/../../../../avr/lib/avr51\libc.a(iob.o)
 .debug_pubnames
                0x00001a73       0x1f c:/program files (x86)/atmel/avr tools/avr toolchain/bin/../lib/gcc/avr/4.5.1/../../../../avr/lib/avr51\libc.a(printf_p.o)
 .debug_pubnames
                0x00001a92       0x1f c:/program files (x86)/atmel/avr tools/avr toolchain/bin/../lib/gcc/avr/4.5.1/../../../../avr/lib/avr51\libc.a(vfprintf_std.o)
 .debug_pubnames
                0x00001ab1       0x1c c:/program files (x86)/atmel/avr tools/avr toolchain/bin/../lib/gcc/avr/4.5.1/../../../../avr/lib/avr51\libc.a(fputc.o)

.debug_info     0x00000000    0x11e3b
 *(.debug_info)
 .debug_info    0x00000000      0x3a0 Stabily.o
 .debug_info    0x000003a0        0x0 ../LUFA-120219/LUFA/Drivers/USB/Core/AVR8/Device_AVR8.o
 .debug_info    0x000003a0        0x0 ../LUFA-120219/LUFA/Drivers/USB/Core/AVR8/Endpoint_AVR8.o
 .debug_info    0x000003a0      0xb8f ../LUFA-120219/LUFA/Drivers/USB/Core/AVR8/Host_AVR8.o
 .debug_info    0x00000f2f      0x56b ../LUFA-120219/LUFA/Drivers/USB/Core/AVR8/Pipe_AVR8.o
 .debug_info    0x0000149a      0x3f1 ../LUFA-120219/LUFA/Drivers/USB/Core/AVR8/USBController_AVR8.o
 .debug_info    0x0000188b      0x496 ../LUFA-120219/LUFA/Drivers/USB/Core/AVR8/USBInterrupt_AVR8.o
 .debug_info    0x00001d21        0x0 ../LUFA-120219/LUFA/Drivers/USB/Core/AVR8/EndpointStream_AVR8.o
 .debug_info    0x00001d21      0xad8 ../LUFA-120219/LUFA/Drivers/USB/Core/AVR8/PipeStream_AVR8.o
 .debug_info    0x000027f9      0x62b ../LUFA-120219/LUFA/Drivers/USB/Core/ConfigDescriptor.o
 .debug_info    0x00002e24        0x0 ../LUFA-120219/LUFA/Drivers/USB/Core/DeviceStandardReq.o
 .debug_info    0x00002e24       0x85 ../LUFA-120219/LUFA/Drivers/USB/Core/Events.o
 .debug_info    0x00002ea9      0x924 ../LUFA-120219/LUFA/Drivers/USB/Core/HostStandardReq.o
 .debug_info    0x000037cd      0x1e8 ../LUFA-120219/LUFA/Drivers/USB/Core/USBTask.o
 .debug_info    0x000039b5      0x6f9 ../LUFA-120219/LUFA/Drivers/USB/Class/Common/HIDParser.o
 .debug_info    0x000040ae        0x0 ../LUFA-120219/LUFA/Drivers/USB/Class/Device/AudioClassDevice.o
 .debug_info    0x000040ae        0x0 ../LUFA-120219/LUFA/Drivers/USB/Class/Device/CDCClassDevice.o
 .debug_info    0x000040ae        0x0 ../LUFA-120219/LUFA/Drivers/USB/Class/Device/HIDClassDevice.o
 .debug_info    0x000040ae        0x0 ../LUFA-120219/LUFA/Drivers/USB/Class/Device/MassStorageClassDevice.o
 .debug_info    0x000040ae        0x0 ../LUFA-120219/LUFA/Drivers/USB/Class/Device/MIDIClassDevice.o
 .debug_info    0x000040ae        0x0 ../LUFA-120219/LUFA/Drivers/USB/Class/Device/RNDISClassDevice.o
 .debug_info    0x000040ae     0x10e2 ../LUFA-120219/LUFA/Drivers/USB/Class/Host/AndroidAccessoryClassHost.o
 .debug_info    0x00005190      0x79e ../LUFA-120219/LUFA/Drivers/USB/Class/Host/AudioClassHost.o
 .debug_info    0x0000592e     0x10a9 ../LUFA-120219/LUFA/Drivers/USB/Class/Host/CDCClassHost.o
 .debug_info    0x000069d7     0x1019 ../LUFA-120219/LUFA/Drivers/USB/Class/Host/HIDClassHost.o
 .debug_info    0x000079f0     0x143a ../LUFA-120219/LUFA/Drivers/USB/Class/Host/MassStorageClassHost.o
 .debug_info    0x00008e2a      0x873 ../LUFA-120219/LUFA/Drivers/USB/Class/Host/MIDIClassHost.o
 .debug_info    0x0000969d      0xde1 ../LUFA-120219/LUFA/Drivers/USB/Class/Host/PrinterClassHost.o
 .debug_info    0x0000a47e     0x122d ../LUFA-120219/LUFA/Drivers/USB/Class/Host/RNDISClassHost.o
 .debug_info    0x0000b6ab      0xdd3 ../LUFA-120219/LUFA/Drivers/USB/Class/Host/StillImageClassHost.o
 .debug_info    0x0000c47e      0x461 ../LUFA-120219/LUFA/Drivers/Peripheral/AVR8/Serial_AVR8.o
 .debug_info    0x0000c8df      0x3a5 CameraControl_USBEvents.o
 .debug_info    0x0000cc84      0x9d6 CameraControl_General.o
 .debug_info    0x0000d65a     0x1139 CameraControl_DeviceInfo.o
 .debug_info    0x0000e793      0x645 CameraControl_StorageInfo.o
 .debug_info    0x0000edd8      0xdd3 CameraControl_DeviceOperation.o
 .debug_info    0x0000fbab      0x3c5 CameraControl_DeviceEvents.o
 .debug_info    0x0000ff70      0xf66 TransferProtocol.o
 .debug_info    0x00010ed6      0x491 ISRUart.o
 .debug_info    0x00011367      0x184 c:/program files (x86)/atmel/avr tools/avr toolchain/bin/../lib/gcc/avr/4.5.1/avr51\libgcc.a(_lshrdi3.o)
 .debug_info    0x000114eb      0x184 c:/program files (x86)/atmel/avr tools/avr toolchain/bin/../lib/gcc/avr/4.5.1/avr51\libgcc.a(_ashldi3.o)
 .debug_info    0x0001166f      0x14f c:/program files (x86)/atmel/avr tools/avr toolchain/bin/../lib/gcc/avr/4.5.1/../../../../avr/lib/avr51\libc.a(iob.o)
 .debug_info    0x000117be      0x1c6 c:/program files (x86)/atmel/avr tools/avr toolchain/bin/../lib/gcc/avr/4.5.1/../../../../avr/lib/avr51\libc.a(printf_p.o)
 .debug_info    0x00011984      0x350 c:/program files (x86)/atmel/avr tools/avr toolchain/bin/../lib/gcc/avr/4.5.1/../../../../avr/lib/avr51\libc.a(vfprintf_std.o)
 .debug_info    0x00011cd4      0x167 c:/program files (x86)/atmel/avr tools/avr toolchain/bin/../lib/gcc/avr/4.5.1/../../../../avr/lib/avr51\libc.a(fputc.o)
 *(.gnu.linkonce.wi.*)

.debug_abbrev   0x00000000     0x3e0e
 *(.debug_abbrev)
 .debug_abbrev  0x00000000      0x165 Stabily.o
 .debug_abbrev  0x00000165        0x1 ../LUFA-120219/LUFA/Drivers/USB/Core/AVR8/Device_AVR8.o
 .debug_abbrev  0x00000166        0x1 ../LUFA-120219/LUFA/Drivers/USB/Core/AVR8/Endpoint_AVR8.o
 .debug_abbrev  0x00000167      0x2d3 ../LUFA-120219/LUFA/Drivers/USB/Core/AVR8/Host_AVR8.o
 .debug_abbrev  0x0000043a      0x201 ../LUFA-120219/LUFA/Drivers/USB/Core/AVR8/Pipe_AVR8.o
 .debug_abbrev  0x0000063b      0x13d ../LUFA-120219/LUFA/Drivers/USB/Core/AVR8/USBController_AVR8.o
 .debug_abbrev  0x00000778      0x11b ../LUFA-120219/LUFA/Drivers/USB/Core/AVR8/USBInterrupt_AVR8.o
 .debug_abbrev  0x00000893        0x1 ../LUFA-120219/LUFA/Drivers/USB/Core/AVR8/EndpointStream_AVR8.o
 .debug_abbrev  0x00000894      0x160 ../LUFA-120219/LUFA/Drivers/USB/Core/AVR8/PipeStream_AVR8.o
 .debug_abbrev  0x000009f4      0x1d8 ../LUFA-120219/LUFA/Drivers/USB/Core/ConfigDescriptor.o
 .debug_abbrev  0x00000bcc        0x1 ../LUFA-120219/LUFA/Drivers/USB/Core/DeviceStandardReq.o
 .debug_abbrev  0x00000bcd       0x41 ../LUFA-120219/LUFA/Drivers/USB/Core/Events.o
 .debug_abbrev  0x00000c0e      0x271 ../LUFA-120219/LUFA/Drivers/USB/Core/HostStandardReq.o
 .debug_abbrev  0x00000e7f      0x11a ../LUFA-120219/LUFA/Drivers/USB/Core/USBTask.o
 .debug_abbrev  0x00000f99      0x1e1 ../LUFA-120219/LUFA/Drivers/USB/Class/Common/HIDParser.o
 .debug_abbrev  0x0000117a        0x1 ../LUFA-120219/LUFA/Drivers/USB/Class/Device/AudioClassDevice.o
 .debug_abbrev  0x0000117b        0x1 ../LUFA-120219/LUFA/Drivers/USB/Class/Device/CDCClassDevice.o
 .debug_abbrev  0x0000117c        0x1 ../LUFA-120219/LUFA/Drivers/USB/Class/Device/HIDClassDevice.o
 .debug_abbrev  0x0000117d        0x1 ../LUFA-120219/LUFA/Drivers/USB/Class/Device/MassStorageClassDevice.o
 .debug_abbrev  0x0000117e        0x1 ../LUFA-120219/LUFA/Drivers/USB/Class/Device/MIDIClassDevice.o
 .debug_abbrev  0x0000117f        0x1 ../LUFA-120219/LUFA/Drivers/USB/Class/Device/RNDISClassDevice.o
 .debug_abbrev  0x00001180      0x348 ../LUFA-120219/LUFA/Drivers/USB/Class/Host/AndroidAccessoryClassHost.o
 .debug_abbrev  0x000014c8      0x1c0 ../LUFA-120219/LUFA/Drivers/USB/Class/Host/AudioClassHost.o
 .debug_abbrev  0x00001688      0x31e ../LUFA-120219/LUFA/Drivers/USB/Class/Host/CDCClassHost.o
 .debug_abbrev  0x000019a6      0x2da ../LUFA-120219/LUFA/Drivers/USB/Class/Host/HIDClassHost.o
 .debug_abbrev  0x00001c80      0x2fe ../LUFA-120219/LUFA/Drivers/USB/Class/Host/MassStorageClassHost.o
 .debug_abbrev  0x00001f7e      0x1df ../LUFA-120219/LUFA/Drivers/USB/Class/Host/MIDIClassHost.o
 .debug_abbrev  0x0000215d      0x2d1 ../LUFA-120219/LUFA/Drivers/USB/Class/Host/PrinterClassHost.o
 .debug_abbrev  0x0000242e      0x295 ../LUFA-120219/LUFA/Drivers/USB/Class/Host/RNDISClassHost.o
 .debug_abbrev  0x000026c3      0x278 ../LUFA-120219/LUFA/Drivers/USB/Class/Host/StillImageClassHost.o
 .debug_abbrev  0x0000293b      0x1c0 ../LUFA-120219/LUFA/Drivers/Peripheral/AVR8/Serial_AVR8.o
 .debug_abbrev  0x00002afb      0x120 CameraControl_USBEvents.o
 .debug_abbrev  0x00002c1b      0x1da CameraControl_General.o
 .debug_abbrev  0x00002df5      0x21f CameraControl_DeviceInfo.o
 .debug_abbrev  0x00003014      0x113 CameraControl_StorageInfo.o
 .debug_abbrev  0x00003127      0x163 CameraControl_DeviceOperation.o
 .debug_abbrev  0x0000328a       0xfe CameraControl_DeviceEvents.o
 .debug_abbrev  0x00003388      0x2bd TransferProtocol.o
 .debug_abbrev  0x00003645      0x1d0 ISRUart.o
 .debug_abbrev  0x00003815       0xf0 c:/program files (x86)/atmel/avr tools/avr toolchain/bin/../lib/gcc/avr/4.5.1/avr51\libgcc.a(_lshrdi3.o)
 .debug_abbrev  0x00003905       0xf0 c:/program files (x86)/atmel/avr tools/avr toolchain/bin/../lib/gcc/avr/4.5.1/avr51\libgcc.a(_ashldi3.o)
 .debug_abbrev  0x000039f5       0xc5 c:/program files (x86)/atmel/avr tools/avr toolchain/bin/../lib/gcc/avr/4.5.1/../../../../avr/lib/avr51\libc.a(iob.o)
 .debug_abbrev  0x00003aba      0x11c c:/program files (x86)/atmel/avr tools/avr toolchain/bin/../lib/gcc/avr/4.5.1/../../../../avr/lib/avr51\libc.a(printf_p.o)
 .debug_abbrev  0x00003bd6      0x15f c:/program files (x86)/atmel/avr tools/avr toolchain/bin/../lib/gcc/avr/4.5.1/../../../../avr/lib/avr51\libc.a(vfprintf_std.o)
 .debug_abbrev  0x00003d35       0xd9 c:/program files (x86)/atmel/avr tools/avr toolchain/bin/../lib/gcc/avr/4.5.1/../../../../avr/lib/avr51\libc.a(fputc.o)

.debug_line     0x00000000    0x104ee
 *(.debug_line)
 .debug_line    0x00000000      0x315 Stabily.o
 .debug_line    0x00000315       0x24 ../LUFA-120219/LUFA/Drivers/USB/Core/AVR8/Device_AVR8.o
 .debug_line    0x00000339       0x24 ../LUFA-120219/LUFA/Drivers/USB/Core/AVR8/Endpoint_AVR8.o
 .debug_line    0x0000035d      0xbbb ../LUFA-120219/LUFA/Drivers/USB/Core/AVR8/Host_AVR8.o
 .debug_line    0x00000f18      0x8fe ../LUFA-120219/LUFA/Drivers/USB/Core/AVR8/Pipe_AVR8.o
 .debug_line    0x00001816      0x403 ../LUFA-120219/LUFA/Drivers/USB/Core/AVR8/USBController_AVR8.o
 .debug_line    0x00001c19      0x454 ../LUFA-120219/LUFA/Drivers/USB/Core/AVR8/USBInterrupt_AVR8.o
 .debug_line    0x0000206d       0x24 ../LUFA-120219/LUFA/Drivers/USB/Core/AVR8/EndpointStream_AVR8.o
 .debug_line    0x00002091     0x10f7 ../LUFA-120219/LUFA/Drivers/USB/Core/AVR8/PipeStream_AVR8.o
 .debug_line    0x00003188      0x3d4 ../LUFA-120219/LUFA/Drivers/USB/Core/ConfigDescriptor.o
 .debug_line    0x0000355c       0x24 ../LUFA-120219/LUFA/Drivers/USB/Core/DeviceStandardReq.o
 .debug_line    0x00003580       0x89 ../LUFA-120219/LUFA/Drivers/USB/Core/Events.o
 .debug_line    0x00003609      0x880 ../LUFA-120219/LUFA/Drivers/USB/Core/HostStandardReq.o
 .debug_line    0x00003e89      0x1d1 ../LUFA-120219/LUFA/Drivers/USB/Core/USBTask.o
 .debug_line    0x0000405a      0x7f9 ../LUFA-120219/LUFA/Drivers/USB/Class/Common/HIDParser.o
 .debug_line    0x00004853       0x24 ../LUFA-120219/LUFA/Drivers/USB/Class/Device/AudioClassDevice.o
 .debug_line    0x00004877       0x24 ../LUFA-120219/LUFA/Drivers/USB/Class/Device/CDCClassDevice.o
 .debug_line    0x0000489b       0x24 ../LUFA-120219/LUFA/Drivers/USB/Class/Device/HIDClassDevice.o
 .debug_line    0x000048bf       0x24 ../LUFA-120219/LUFA/Drivers/USB/Class/Device/MassStorageClassDevice.o
 .debug_line    0x000048e3       0x24 ../LUFA-120219/LUFA/Drivers/USB/Class/Device/MIDIClassDevice.o
 .debug_line    0x00004907       0x24 ../LUFA-120219/LUFA/Drivers/USB/Class/Device/RNDISClassDevice.o
 .debug_line    0x0000492b      0xf72 ../LUFA-120219/LUFA/Drivers/USB/Class/Host/AndroidAccessoryClassHost.o
 .debug_line    0x0000589d      0x83e ../LUFA-120219/LUFA/Drivers/USB/Class/Host/AudioClassHost.o
 .debug_line    0x000060db     0x1144 ../LUFA-120219/LUFA/Drivers/USB/Class/Host/CDCClassHost.o
 .debug_line    0x0000721f      0xe85 ../LUFA-120219/LUFA/Drivers/USB/Class/Host/HIDClassHost.o
 .debug_line    0x000080a4      0xe69 ../LUFA-120219/LUFA/Drivers/USB/Class/Host/MassStorageClassHost.o
 .debug_line    0x00008f0d      0x95b ../LUFA-120219/LUFA/Drivers/USB/Class/Host/MIDIClassHost.o
 .debug_line    0x00009868      0xd61 ../LUFA-120219/LUFA/Drivers/USB/Class/Host/PrinterClassHost.o
 .debug_line    0x0000a5c9      0xfe7 ../LUFA-120219/LUFA/Drivers/USB/Class/Host/RNDISClassHost.o
 .debug_line    0x0000b5b0     0x10fc ../LUFA-120219/LUFA/Drivers/USB/Class/Host/StillImageClassHost.o
 .debug_line    0x0000c6ac      0x371 ../LUFA-120219/LUFA/Drivers/Peripheral/AVR8/Serial_AVR8.o
 .debug_line    0x0000ca1d      0x29a CameraControl_USBEvents.o
 .debug_line    0x0000ccb7      0x7a2 CameraControl_General.o
 .debug_line    0x0000d459      0x789 CameraControl_DeviceInfo.o
 .debug_line    0x0000dbe2      0x38e CameraControl_StorageInfo.o
 .debug_line    0x0000df70      0x4af CameraControl_DeviceOperation.o
 .debug_line    0x0000e41f      0x2bc CameraControl_DeviceEvents.o
 .debug_line    0x0000e6db      0xe51 TransferProtocol.o
 .debug_line    0x0000f52c      0x3a9 ISRUart.o
 .debug_line    0x0000f8d5      0x101 c:/program files (x86)/atmel/avr tools/avr toolchain/bin/../lib/gcc/avr/4.5.1/avr51\libgcc.a(_lshrdi3.o)
 .debug_line    0x0000f9d6      0x101 c:/program files (x86)/atmel/avr tools/avr toolchain/bin/../lib/gcc/avr/4.5.1/avr51\libgcc.a(_ashldi3.o)
 .debug_line    0x0000fad7       0xeb c:/program files (x86)/atmel/avr tools/avr toolchain/bin/../lib/gcc/avr/4.5.1/../../../../avr/lib/avr51\libc.a(iob.o)
 .debug_line    0x0000fbc2      0x198 c:/program files (x86)/atmel/avr tools/avr toolchain/bin/../lib/gcc/avr/4.5.1/../../../../avr/lib/avr51\libc.a(printf_p.o)
 .debug_line    0x0000fd5a      0x64d c:/program files (x86)/atmel/avr tools/avr toolchain/bin/../lib/gcc/avr/4.5.1/../../../../avr/lib/avr51\libc.a(vfprintf_std.o)
 .debug_line    0x000103a7      0x147 c:/program files (x86)/atmel/avr tools/avr toolchain/bin/../lib/gcc/avr/4.5.1/../../../../avr/lib/avr51\libc.a(fputc.o)

.debug_frame    0x00000000     0x10c0
 *(.debug_frame)
 .debug_frame   0x00000000       0x40 Stabily.o
 .debug_frame   0x00000040       0x40 ../LUFA-120219/LUFA/Drivers/USB/Core/AVR8/Host_AVR8.o
 .debug_frame   0x00000080       0x50 ../LUFA-120219/LUFA/Drivers/USB/Core/AVR8/Pipe_AVR8.o
 .debug_frame   0x000000d0       0x40 ../LUFA-120219/LUFA/Drivers/USB/Core/AVR8/USBController_AVR8.o
 .debug_frame   0x00000110       0x40 ../LUFA-120219/LUFA/Drivers/USB/Core/AVR8/USBInterrupt_AVR8.o
 .debug_frame   0x00000150       0xd0 ../LUFA-120219/LUFA/Drivers/USB/Core/AVR8/PipeStream_AVR8.o
 .debug_frame   0x00000220       0x60 ../LUFA-120219/LUFA/Drivers/USB/Core/ConfigDescriptor.o
 .debug_frame   0x00000280       0x20 ../LUFA-120219/LUFA/Drivers/USB/Core/Events.o
 .debug_frame   0x000002a0       0xa0 ../LUFA-120219/LUFA/Drivers/USB/Core/HostStandardReq.o
 .debug_frame   0x00000340       0x20 ../LUFA-120219/LUFA/Drivers/USB/Core/USBTask.o
 .debug_frame   0x00000360       0x50 ../LUFA-120219/LUFA/Drivers/USB/Class/Common/HIDParser.o
 .debug_frame   0x000003b0      0x120 ../LUFA-120219/LUFA/Drivers/USB/Class/Host/AndroidAccessoryClassHost.o
 .debug_frame   0x000004d0       0x70 ../LUFA-120219/LUFA/Drivers/USB/Class/Host/AudioClassHost.o
 .debug_frame   0x00000540      0x150 ../LUFA-120219/LUFA/Drivers/USB/Class/Host/CDCClassHost.o
 .debug_frame   0x00000690       0xc0 ../LUFA-120219/LUFA/Drivers/USB/Class/Host/HIDClassHost.o
 .debug_frame   0x00000750       0xf0 ../LUFA-120219/LUFA/Drivers/USB/Class/Host/MassStorageClassHost.o
 .debug_frame   0x00000840       0x80 ../LUFA-120219/LUFA/Drivers/USB/Class/Host/MIDIClassHost.o
 .debug_frame   0x000008c0       0xf0 ../LUFA-120219/LUFA/Drivers/USB/Class/Host/PrinterClassHost.o
 .debug_frame   0x000009b0       0xe0 ../LUFA-120219/LUFA/Drivers/USB/Class/Host/RNDISClassHost.o
 .debug_frame   0x00000a90       0xe0 ../LUFA-120219/LUFA/Drivers/USB/Class/Host/StillImageClassHost.o
 .debug_frame   0x00000b70       0x90 ../LUFA-120219/LUFA/Drivers/Peripheral/AVR8/Serial_AVR8.o
 .debug_frame   0x00000c00       0x60 CameraControl_USBEvents.o
 .debug_frame   0x00000c60       0xa0 CameraControl_General.o
 .debug_frame   0x00000d00       0xb0 CameraControl_DeviceInfo.o
 .debug_frame   0x00000db0       0x60 CameraControl_StorageInfo.o
 .debug_frame   0x00000e10       0x70 CameraControl_DeviceOperation.o
 .debug_frame   0x00000e80       0x20 CameraControl_DeviceEvents.o
 .debug_frame   0x00000ea0       0xc0 TransferProtocol.o
 .debug_frame   0x00000f60       0xc0 ISRUart.o
 .debug_frame   0x00001020       0x20 c:/program files (x86)/atmel/avr tools/avr toolchain/bin/../lib/gcc/avr/4.5.1/avr51\libgcc.a(_lshrdi3.o)
 .debug_frame   0x00001040       0x20 c:/program files (x86)/atmel/avr tools/avr toolchain/bin/../lib/gcc/avr/4.5.1/avr51\libgcc.a(_ashldi3.o)
 .debug_frame   0x00001060       0x20 c:/program files (x86)/atmel/avr tools/avr toolchain/bin/../lib/gcc/avr/4.5.1/../../../../avr/lib/avr51\libc.a(printf_p.o)
 .debug_frame   0x00001080       0x20 c:/program files (x86)/atmel/avr tools/avr toolchain/bin/../lib/gcc/avr/4.5.1/../../../../avr/lib/avr51\libc.a(vfprintf_std.o)
 .debug_frame   0x000010a0       0x20 c:/program files (x86)/atmel/avr tools/avr toolchain/bin/../lib/gcc/avr/4.5.1/../../../../avr/lib/avr51\libc.a(fputc.o)

.debug_str      0x00000000     0x7bcc
 *(.debug_str)
 .debug_str     0x00000000      0x31d Stabily.o
                                0x37a (size before relaxing)
 .debug_str     0x0000031d      0x8f9 ../LUFA-120219/LUFA/Drivers/USB/Core/AVR8/Host_AVR8.o
                                0x9f7 (size before relaxing)
 .debug_str     0x00000c16      0x28d ../LUFA-120219/LUFA/Drivers/USB/Core/AVR8/Pipe_AVR8.o
                                0x51c (size before relaxing)
 .debug_str     0x00000ea3      0x170 ../LUFA-120219/LUFA/Drivers/USB/Core/AVR8/USBController_AVR8.o
                                0x4c1 (size before relaxing)
 .debug_str     0x00001013       0xb2 ../LUFA-120219/LUFA/Drivers/USB/Core/AVR8/USBInterrupt_AVR8.o
                                0x483 (size before relaxing)
 .debug_str     0x000010c5      0x288 ../LUFA-120219/LUFA/Drivers/USB/Core/AVR8/PipeStream_AVR8.o
                                0x367 (size before relaxing)
 .debug_str     0x0000134d      0x41e ../LUFA-120219/LUFA/Drivers/USB/Core/ConfigDescriptor.o
                                0x7e1 (size before relaxing)
 .debug_str     0x0000176b       0x3d ../LUFA-120219/LUFA/Drivers/USB/Core/Events.o
                                 0xe2 (size before relaxing)
 .debug_str     0x000017a8      0x2cd ../LUFA-120219/LUFA/Drivers/USB/Core/HostStandardReq.o
                                0x8dd (size before relaxing)
 .debug_str     0x00001a75       0x51 ../LUFA-120219/LUFA/Drivers/USB/Core/USBTask.o
                                0x1b1 (size before relaxing)
 .debug_str     0x00001ac6      0x479 ../LUFA-120219/LUFA/Drivers/USB/Class/Common/HIDParser.o
                                0x5d0 (size before relaxing)
 .debug_str     0x00001f3f      0x6da ../LUFA-120219/LUFA/Drivers/USB/Class/Host/AndroidAccessoryClassHost.o
                                0xe3d (size before relaxing)
 .debug_str     0x00002619      0x36b ../LUFA-120219/LUFA/Drivers/USB/Class/Host/AudioClassHost.o
                                0x976 (size before relaxing)
 .debug_str     0x00002984      0x5d7 ../LUFA-120219/LUFA/Drivers/USB/Class/Host/CDCClassHost.o
                                0xe1a (size before relaxing)
 .debug_str     0x00002f5b      0x49f ../LUFA-120219/LUFA/Drivers/USB/Class/Host/HIDClassHost.o
                               0x11f0 (size before relaxing)
 .debug_str     0x000033fa      0x69b ../LUFA-120219/LUFA/Drivers/USB/Class/Host/MassStorageClassHost.o
                                0xfd3 (size before relaxing)
 .debug_str     0x00003a95      0x22a ../LUFA-120219/LUFA/Drivers/USB/Class/Host/MIDIClassHost.o
                                0xb5a (size before relaxing)
 .debug_str     0x00003cbf      0x384 ../LUFA-120219/LUFA/Drivers/USB/Class/Host/PrinterClassHost.o
                                0xcc9 (size before relaxing)
 .debug_str     0x00004043      0x63a ../LUFA-120219/LUFA/Drivers/USB/Class/Host/RNDISClassHost.o
                               0x11d5 (size before relaxing)
 .debug_str     0x0000467d      0x3a0 ../LUFA-120219/LUFA/Drivers/USB/Class/Host/StillImageClassHost.o
                                0xc2f (size before relaxing)
 .debug_str     0x00004a1d      0x148 ../LUFA-120219/LUFA/Drivers/Peripheral/AVR8/Serial_AVR8.o
                                0x260 (size before relaxing)
 .debug_str     0x00004b65       0xf4 CameraControl_USBEvents.o
                                0x590 (size before relaxing)
 .debug_str     0x00004c59      0xa73 CameraControl_General.o
                                0xe35 (size before relaxing)
 .debug_str     0x000056cc     0x1ac0 CameraControl_DeviceInfo.o
                               0x222a (size before relaxing)
 .debug_str     0x0000718c      0x203 CameraControl_StorageInfo.o
                                0x96b (size before relaxing)
 .debug_str     0x0000738f      0x19d CameraControl_DeviceOperation.o
                               0x207a (size before relaxing)
 .debug_str     0x0000752c       0x43 CameraControl_DeviceEvents.o
                                0x5ba (size before relaxing)
 .debug_str     0x0000756f      0x25a TransferProtocol.o
                               0x1951 (size before relaxing)
 .debug_str     0x000077c9      0x141 ISRUart.o
                                0x237 (size before relaxing)
 .debug_str     0x0000790a      0x104 c:/program files (x86)/atmel/avr tools/avr toolchain/bin/../lib/gcc/avr/4.5.1/avr51\libgcc.a(_lshrdi3.o)
                                0x189 (size before relaxing)
 .debug_str     0x00007a0e        0xa c:/program files (x86)/atmel/avr tools/avr toolchain/bin/../lib/gcc/avr/4.5.1/avr51\libgcc.a(_ashldi3.o)
                                0x189 (size before relaxing)
 .debug_str     0x00007a18       0x4e c:/program files (x86)/atmel/avr tools/avr toolchain/bin/../lib/gcc/avr/4.5.1/../../../../avr/lib/avr51\libc.a(iob.o)
                                 0xf2 (size before relaxing)
 .debug_str     0x00007a66       0x7d c:/program files (x86)/atmel/avr tools/avr toolchain/bin/../lib/gcc/avr/4.5.1/../../../../avr/lib/avr51\libc.a(printf_p.o)
                                0x129 (size before relaxing)
 .debug_str     0x00007ae3       0x93 c:/program files (x86)/atmel/avr tools/avr toolchain/bin/../lib/gcc/avr/4.5.1/../../../../avr/lib/avr51\libc.a(vfprintf_std.o)
                                0x177 (size before relaxing)
 .debug_str     0x00007b76       0x56 c:/program files (x86)/atmel/avr tools/avr toolchain/bin/../lib/gcc/avr/4.5.1/../../../../avr/lib/avr51\libc.a(fputc.o)
                                 0xfb (size before relaxing)

.debug_loc      0x00000000     0xf209
 *(.debug_loc)
 .debug_loc     0x00000000      0x4c3 ../LUFA-120219/LUFA/Drivers/USB/Core/AVR8/Host_AVR8.o
 .debug_loc     0x000004c3      0x707 ../LUFA-120219/LUFA/Drivers/USB/Core/AVR8/Pipe_AVR8.o
 .debug_loc     0x00000bca      0x1a8 ../LUFA-120219/LUFA/Drivers/USB/Core/AVR8/USBInterrupt_AVR8.o
 .debug_loc     0x00000d72     0x13a8 ../LUFA-120219/LUFA/Drivers/USB/Core/AVR8/PipeStream_AVR8.o
 .debug_loc     0x0000211a      0x3bc ../LUFA-120219/LUFA/Drivers/USB/Core/ConfigDescriptor.o
 .debug_loc     0x000024d6      0x3ce ../LUFA-120219/LUFA/Drivers/USB/Core/HostStandardReq.o
 .debug_loc     0x000028a4       0x1f ../LUFA-120219/LUFA/Drivers/USB/Core/USBTask.o
 .debug_loc     0x000028c3      0xbb3 ../LUFA-120219/LUFA/Drivers/USB/Class/Common/HIDParser.o
 .debug_loc     0x00003476      0xfe1 ../LUFA-120219/LUFA/Drivers/USB/Class/Host/AndroidAccessoryClassHost.o
 .debug_loc     0x00004457      0x9ef ../LUFA-120219/LUFA/Drivers/USB/Class/Host/AudioClassHost.o
 .debug_loc     0x00004e46     0x1250 ../LUFA-120219/LUFA/Drivers/USB/Class/Host/CDCClassHost.o
 .debug_loc     0x00006096     0x12a8 ../LUFA-120219/LUFA/Drivers/USB/Class/Host/HIDClassHost.o
 .debug_loc     0x0000733e     0x11f1 ../LUFA-120219/LUFA/Drivers/USB/Class/Host/MassStorageClassHost.o
 .debug_loc     0x0000852f      0x9a2 ../LUFA-120219/LUFA/Drivers/USB/Class/Host/MIDIClassHost.o
 .debug_loc     0x00008ed1      0xd8f ../LUFA-120219/LUFA/Drivers/USB/Class/Host/PrinterClassHost.o
 .debug_loc     0x00009c60     0x12c5 ../LUFA-120219/LUFA/Drivers/USB/Class/Host/RNDISClassHost.o
 .debug_loc     0x0000af25     0x1408 ../LUFA-120219/LUFA/Drivers/USB/Class/Host/StillImageClassHost.o
 .debug_loc     0x0000c32d      0x1f2 ../LUFA-120219/LUFA/Drivers/Peripheral/AVR8/Serial_AVR8.o
 .debug_loc     0x0000c51f       0x33 CameraControl_USBEvents.o
 .debug_loc     0x0000c552      0x79a CameraControl_General.o
 .debug_loc     0x0000ccec      0xb85 CameraControl_DeviceInfo.o
 .debug_loc     0x0000d871      0x21f CameraControl_StorageInfo.o
 .debug_loc     0x0000da90      0x39a CameraControl_DeviceOperation.o
 .debug_loc     0x0000de2a       0x6e CameraControl_DeviceEvents.o
 .debug_loc     0x0000de98      0x91f TransferProtocol.o
 .debug_loc     0x0000e7b7      0x277 ISRUart.o
 .debug_loc     0x0000ea2e       0x6d c:/program files (x86)/atmel/avr tools/avr toolchain/bin/../lib/gcc/avr/4.5.1/avr51\libgcc.a(_lshrdi3.o)
 .debug_loc     0x0000ea9b       0x6d c:/program files (x86)/atmel/avr tools/avr toolchain/bin/../lib/gcc/avr/4.5.1/avr51\libgcc.a(_ashldi3.o)
 .debug_loc     0x0000eb08      0x6b1 c:/program files (x86)/atmel/avr tools/avr toolchain/bin/../lib/gcc/avr/4.5.1/../../../../avr/lib/avr51\libc.a(vfprintf_std.o)
 .debug_loc     0x0000f1b9       0x50 c:/program files (x86)/atmel/avr tools/avr toolchain/bin/../lib/gcc/avr/4.5.1/../../../../avr/lib/avr51\libc.a(fputc.o)

.debug_macinfo
 *(.debug_macinfo)
OUTPUT(Stabily.elf elf32-avr)
LOAD linker stubs

.debug_pubtypes
                0x00000000     0x2364
 .debug_pubtypes
                0x00000000       0x64 Stabily.o
 .debug_pubtypes
                0x00000064      0x12a ../LUFA-120219/LUFA/Drivers/USB/Core/AVR8/Host_AVR8.o
 .debug_pubtypes
                0x0000018e       0x66 ../LUFA-120219/LUFA/Drivers/USB/Core/AVR8/Pipe_AVR8.o
 .debug_pubtypes
                0x000001f4       0x59 ../LUFA-120219/LUFA/Drivers/USB/Core/AVR8/USBController_AVR8.o
 .debug_pubtypes
                0x0000024d       0x88 ../LUFA-120219/LUFA/Drivers/USB/Core/AVR8/USBInterrupt_AVR8.o
 .debug_pubtypes
                0x000002d5       0x4b ../LUFA-120219/LUFA/Drivers/USB/Core/AVR8/PipeStream_AVR8.o
 .debug_pubtypes
                0x00000320      0x17e ../LUFA-120219/LUFA/Drivers/USB/Core/ConfigDescriptor.o
 .debug_pubtypes
                0x0000049e       0x12 ../LUFA-120219/LUFA/Drivers/USB/Core/Events.o
 .debug_pubtypes
                0x000004b0       0xec ../LUFA-120219/LUFA/Drivers/USB/Core/HostStandardReq.o
 .debug_pubtypes
                0x0000059c       0x44 ../LUFA-120219/LUFA/Drivers/USB/Core/USBTask.o
 .debug_pubtypes
                0x000005e0      0x145 ../LUFA-120219/LUFA/Drivers/USB/Class/Common/HIDParser.o
 .debug_pubtypes
                0x00000725      0x23d ../LUFA-120219/LUFA/Drivers/USB/Class/Host/AndroidAccessoryClassHost.o
 .debug_pubtypes
                0x00000962      0x19c ../LUFA-120219/LUFA/Drivers/USB/Class/Host/AudioClassHost.o
 .debug_pubtypes
                0x00000afe      0x21c ../LUFA-120219/LUFA/Drivers/USB/Class/Host/CDCClassHost.o
 .debug_pubtypes
                0x00000d1a      0x35f ../LUFA-120219/LUFA/Drivers/USB/Class/Host/HIDClassHost.o
 .debug_pubtypes
                0x00001079      0x296 ../LUFA-120219/LUFA/Drivers/USB/Class/Host/MassStorageClassHost.o
 .debug_pubtypes
                0x0000130f      0x1f3 ../LUFA-120219/LUFA/Drivers/USB/Class/Host/MIDIClassHost.o
 .debug_pubtypes
                0x00001502      0x219 ../LUFA-120219/LUFA/Drivers/USB/Class/Host/PrinterClassHost.o
 .debug_pubtypes
                0x0000171b      0x346 ../LUFA-120219/LUFA/Drivers/USB/Class/Host/RNDISClassHost.o
 .debug_pubtypes
                0x00001a61      0x1c8 ../LUFA-120219/LUFA/Drivers/USB/Class/Host/StillImageClassHost.o
 .debug_pubtypes
                0x00001c29       0x42 ../LUFA-120219/LUFA/Drivers/Peripheral/AVR8/Serial_AVR8.o
 .debug_pubtypes
                0x00001c6b       0xd3 CameraControl_USBEvents.o
 .debug_pubtypes
                0x00001d3e       0xc0 CameraControl_General.o
 .debug_pubtypes
                0x00001dfe       0xa1 CameraControl_DeviceInfo.o
 .debug_pubtypes
                0x00001e9f       0xb7 CameraControl_StorageInfo.o
 .debug_pubtypes
                0x00001f56       0xdf CameraControl_DeviceOperation.o
 .debug_pubtypes
                0x00002035       0xa4 CameraControl_DeviceEvents.o
 .debug_pubtypes
                0x000020d9       0xa4 TransferProtocol.o
 .debug_pubtypes
                0x0000217d       0x36 ISRUart.o
 .debug_pubtypes
                0x000021b3       0x62 c:/program files (x86)/atmel/avr tools/avr toolchain/bin/../lib/gcc/avr/4.5.1/avr51\libgcc.a(_lshrdi3.o)
 .debug_pubtypes
                0x00002215       0x62 c:/program files (x86)/atmel/avr tools/avr toolchain/bin/../lib/gcc/avr/4.5.1/avr51\libgcc.a(_ashldi3.o)
 .debug_pubtypes
                0x00002277       0x29 c:/program files (x86)/atmel/avr tools/avr toolchain/bin/../lib/gcc/avr/4.5.1/../../../../avr/lib/avr51\libc.a(iob.o)
 .debug_pubtypes
                0x000022a0       0x48 c:/program files (x86)/atmel/avr tools/avr toolchain/bin/../lib/gcc/avr/4.5.1/../../../../avr/lib/avr51\libc.a(printf_p.o)
 .debug_pubtypes
                0x000022e8       0x53 c:/program files (x86)/atmel/avr tools/avr toolchain/bin/../lib/gcc/avr/4.5.1/../../../../avr/lib/avr51\libc.a(vfprintf_std.o)
 .debug_pubtypes
                0x0000233b       0x29 c:/program files (x86)/atmel/avr tools/avr toolchain/bin/../lib/gcc/avr/4.5.1/../../../../avr/lib/avr51\libc.a(fputc.o)

.debug_ranges   0x00000000     0x1988
 .debug_ranges  0x00000000       0x20 Stabily.o
 .debug_ranges  0x00000020      0x210 ../LUFA-120219/LUFA/Drivers/USB/Core/AVR8/Host_AVR8.o
 .debug_ranges  0x00000230      0x2e0 ../LUFA-120219/LUFA/Drivers/USB/Core/AVR8/Pipe_AVR8.o
 .debug_ranges  0x00000510       0x20 ../LUFA-120219/LUFA/Drivers/USB/Core/AVR8/USBController_AVR8.o
 .debug_ranges  0x00000530       0x20 ../LUFA-120219/LUFA/Drivers/USB/Core/AVR8/USBInterrupt_AVR8.o
 .debug_ranges  0x00000550      0x410 ../LUFA-120219/LUFA/Drivers/USB/Core/AVR8/PipeStream_AVR8.o
 .debug_ranges  0x00000960       0x48 ../LUFA-120219/LUFA/Drivers/USB/Core/ConfigDescriptor.o
 .debug_ranges  0x000009a8       0x10 ../LUFA-120219/LUFA/Drivers/USB/Core/Events.o
 .debug_ranges  0x000009b8      0x138 ../LUFA-120219/LUFA/Drivers/USB/Core/HostStandardReq.o
 .debug_ranges  0x00000af0       0x10 ../LUFA-120219/LUFA/Drivers/USB/Core/USBTask.o
 .debug_ranges  0x00000b00      0x128 ../LUFA-120219/LUFA/Drivers/USB/Class/Common/HIDParser.o
 .debug_ranges  0x00000c28      0x1a8 ../LUFA-120219/LUFA/Drivers/USB/Class/Host/AndroidAccessoryClassHost.o
 .debug_ranges  0x00000dd0       0xa8 ../LUFA-120219/LUFA/Drivers/USB/Class/Host/AudioClassHost.o
 .debug_ranges  0x00000e78      0x118 ../LUFA-120219/LUFA/Drivers/USB/Class/Host/CDCClassHost.o
 .debug_ranges  0x00000f90      0x128 ../LUFA-120219/LUFA/Drivers/USB/Class/Host/HIDClassHost.o
 .debug_ranges  0x000010b8      0x168 ../LUFA-120219/LUFA/Drivers/USB/Class/Host/MassStorageClassHost.o
 .debug_ranges  0x00001220       0x88 ../LUFA-120219/LUFA/Drivers/USB/Class/Host/MIDIClassHost.o
 .debug_ranges  0x000012a8       0xc0 ../LUFA-120219/LUFA/Drivers/USB/Class/Host/PrinterClassHost.o
 .debug_ranges  0x00001368       0xe0 ../LUFA-120219/LUFA/Drivers/USB/Class/Host/RNDISClassHost.o
 .debug_ranges  0x00001448      0x158 ../LUFA-120219/LUFA/Drivers/USB/Class/Host/StillImageClassHost.o
 .debug_ranges  0x000015a0       0x90 ../LUFA-120219/LUFA/Drivers/Peripheral/AVR8/Serial_AVR8.o
 .debug_ranges  0x00001630       0x30 CameraControl_USBEvents.o
 .debug_ranges  0x00001660       0x50 CameraControl_General.o
 .debug_ranges  0x000016b0       0x88 CameraControl_DeviceInfo.o
 .debug_ranges  0x00001738       0x30 CameraControl_StorageInfo.o
 .debug_ranges  0x00001768       0x38 CameraControl_DeviceOperation.o
 .debug_ranges  0x000017a0       0x10 CameraControl_DeviceEvents.o
 .debug_ranges  0x000017b0      0x110 TransferProtocol.o
 .debug_ranges  0x000018c0       0x80 ISRUart.o
 .debug_ranges  0x00001940       0x10 c:/program files (x86)/atmel/avr tools/avr toolchain/bin/../lib/gcc/avr/4.5.1/../../../../avr/lib/avr51\libc.a(printf_p.o)
 .debug_ranges  0x00001950       0x28 c:/program files (x86)/atmel/avr tools/avr toolchain/bin/../lib/gcc/avr/4.5.1/../../../../avr/lib/avr51\libc.a(vfprintf_std.o)
 .debug_ranges  0x00001978       0x10 c:/program files (x86)/atmel/avr tools/avr toolchain/bin/../lib/gcc/avr/4.5.1/../../../../avr/lib/avr51\libc.a(fputc.o)

Cross Reference Table

Symbol                                            File
AOA_Host_BytesReceived                            ../LUFA-120219/LUFA/Drivers/USB/Class/Host/AndroidAccessoryClassHost.o
AOA_Host_ConfigurePipes                           ../LUFA-120219/LUFA/Drivers/USB/Class/Host/AndroidAccessoryClassHost.o
AOA_Host_CreateBlockingStream                     ../LUFA-120219/LUFA/Drivers/USB/Class/Host/AndroidAccessoryClassHost.o
AOA_Host_CreateStream                             ../LUFA-120219/LUFA/Drivers/USB/Class/Host/AndroidAccessoryClassHost.o
AOA_Host_Flush                                    ../LUFA-120219/LUFA/Drivers/USB/Class/Host/AndroidAccessoryClassHost.o
AOA_Host_ReceiveByte                              ../LUFA-120219/LUFA/Drivers/USB/Class/Host/AndroidAccessoryClassHost.o
AOA_Host_SendByte                                 ../LUFA-120219/LUFA/Drivers/USB/Class/Host/AndroidAccessoryClassHost.o
AOA_Host_SendData                                 ../LUFA-120219/LUFA/Drivers/USB/Class/Host/AndroidAccessoryClassHost.o
AOA_Host_SendString                               ../LUFA-120219/LUFA/Drivers/USB/Class/Host/AndroidAccessoryClassHost.o
AOA_Host_StartAccessoryMode                       ../LUFA-120219/LUFA/Drivers/USB/Class/Host/AndroidAccessoryClassHost.o
AOA_Host_USBTask                                  ../LUFA-120219/LUFA/Drivers/USB/Class/Host/AndroidAccessoryClassHost.o
AOA_Host_ValidateAccessoryDevice                  ../LUFA-120219/LUFA/Drivers/USB/Class/Host/AndroidAccessoryClassHost.o
Audio_Host_ConfigurePipes                         ../LUFA-120219/LUFA/Drivers/USB/Class/Host/AudioClassHost.o
Audio_Host_GetSetEndpointProperty                 ../LUFA-120219/LUFA/Drivers/USB/Class/Host/AudioClassHost.o
Audio_Host_StartStopStreaming                     ../LUFA-120219/LUFA/Drivers/USB/Class/Host/AudioClassHost.o
CALLBACK_HIDParser_FilterHIDReportItem            ../LUFA-120219/LUFA/Drivers/USB/Class/Common/HIDParser.o
CDC_Host_BytesReceived                            ../LUFA-120219/LUFA/Drivers/USB/Class/Host/CDCClassHost.o
CDC_Host_ConfigurePipes                           ../LUFA-120219/LUFA/Drivers/USB/Class/Host/CDCClassHost.o
CDC_Host_CreateBlockingStream                     ../LUFA-120219/LUFA/Drivers/USB/Class/Host/CDCClassHost.o
CDC_Host_CreateStream                             ../LUFA-120219/LUFA/Drivers/USB/Class/Host/CDCClassHost.o
CDC_Host_Event_Stub                               ../LUFA-120219/LUFA/Drivers/USB/Class/Host/CDCClassHost.o
CDC_Host_Flush                                    ../LUFA-120219/LUFA/Drivers/USB/Class/Host/CDCClassHost.o
CDC_Host_ReceiveByte                              ../LUFA-120219/LUFA/Drivers/USB/Class/Host/CDCClassHost.o
CDC_Host_SendBreak                                ../LUFA-120219/LUFA/Drivers/USB/Class/Host/CDCClassHost.o
CDC_Host_SendByte                                 ../LUFA-120219/LUFA/Drivers/USB/Class/Host/CDCClassHost.o
CDC_Host_SendControlLineStateChange               ../LUFA-120219/LUFA/Drivers/USB/Class/Host/CDCClassHost.o
CDC_Host_SendData                                 ../LUFA-120219/LUFA/Drivers/USB/Class/Host/CDCClassHost.o
CDC_Host_SendString                               ../LUFA-120219/LUFA/Drivers/USB/Class/Host/CDCClassHost.o
CDC_Host_SetLineEncoding                          ../LUFA-120219/LUFA/Drivers/USB/Class/Host/CDCClassHost.o
CDC_Host_USBTask                                  ../LUFA-120219/LUFA/Drivers/USB/Class/Host/CDCClassHost.o
CameraControl_CameraConnected                     CameraControl_General.o
CameraControl_CloseSession                        CameraControl_General.o
                                                  TransferProtocol.o
                                                  CameraControl_DeviceOperation.o
CameraControl_DescribePIPE_RWSTREAMError          CameraControl_General.o
CameraControl_DeviceEvents_PollEvents             CameraControl_DeviceEvents.o
                                                  Stabily.o
CameraControl_DeviceInfo_Bin                      CameraControl_DeviceInfo.o
                                                  TransferProtocol.o
CameraControl_DeviceInfo_CopyArray                CameraControl_DeviceInfo.o
CameraControl_DeviceInfo_CopyString               CameraControl_DeviceInfo.o
CameraControl_DeviceInfo_GetInfo                  CameraControl_DeviceInfo.o
CameraControl_DeviceInfo_Parse                    CameraControl_DeviceInfo.o
CameraControl_DeviceInfo_PrintArray               CameraControl_DeviceInfo.o
CameraControl_DeviceInfo_PrintString              CameraControl_DeviceInfo.o
CameraControl_DeviceInfo_Printout                 CameraControl_DeviceInfo.o
CameraControl_DeviceOperation_Capture             CameraControl_DeviceOperation.o
CameraControl_DeviceOperation_GetPropertyDesc     CameraControl_DeviceOperation.o
CameraControl_DeviceOperation_GetPropertyDescBin  CameraControl_DeviceOperation.o
                                                  TransferProtocol.o
CameraControl_DeviceOperation_GetPropertyValBin   CameraControl_DeviceOperation.o
                                                  TransferProtocol.o
CameraControl_DeviceOperation_SetPropertyValBin   CameraControl_DeviceOperation.o
                                                  TransferProtocol.o
CameraControl_GeneralStream_Bin                   CameraControl_General.o
                                                  CameraControl_DeviceOperation.o
                                                  CameraControl_StorageInfo.o
                                                  CameraControl_DeviceInfo.o
CameraControl_GetPropertyVal32Bit                 CameraControl_DeviceOperation.o
                                                  TransferProtocol.o
CameraControl_GetResponseAndCheck                 CameraControl_General.o
                                                  CameraControl_DeviceOperation.o
CameraControl_GetStorageID                        CameraControl_StorageInfo.o
                                                  CameraControl_DeviceOperation.o
CameraControl_GetStorageIDs                       CameraControl_StorageInfo.o
                                                  TransferProtocol.o
CameraControl_GetStorageInfo                      CameraControl_StorageInfo.o
CameraControl_InitiateTransaction                 CameraControl_General.o
                                                  CameraControl_DeviceOperation.o
CameraControl_OpenSession                         CameraControl_General.o
                                                  TransferProtocol.o
                                                  CameraControl_DeviceOperation.o
CameraControl_PTPErrorDescription                 CameraControl_General.o
CameraControl_StorageInfo_Bin                     CameraControl_StorageInfo.o
                                                  TransferProtocol.o
CameraControl_StorageInfo_Printout                CameraControl_StorageInfo.o
DigitalCamera_SI_Interface                        Stabily.o
                                                  TransferProtocol.o
                                                  CameraControl_USBEvents.o
EVENT_CDC_Host_ControLineStateChanged             ../LUFA-120219/LUFA/Drivers/USB/Class/Host/CDCClassHost.o
EVENT_USB_Host_DeviceAttached                     CameraControl_USBEvents.o
                                                  ../LUFA-120219/LUFA/Drivers/USB/Core/Events.o
                                                  ../LUFA-120219/LUFA/Drivers/USB/Core/AVR8/USBInterrupt_AVR8.o
EVENT_USB_Host_DeviceEnumerationComplete          CameraControl_USBEvents.o
                                                  ../LUFA-120219/LUFA/Drivers/USB/Core/Events.o
                                                  ../LUFA-120219/LUFA/Drivers/USB/Core/AVR8/Host_AVR8.o
EVENT_USB_Host_DeviceEnumerationFailed            CameraControl_USBEvents.o
                                                  ../LUFA-120219/LUFA/Drivers/USB/Core/Events.o
                                                  ../LUFA-120219/LUFA/Drivers/USB/Core/AVR8/USBInterrupt_AVR8.o
                                                  ../LUFA-120219/LUFA/Drivers/USB/Core/AVR8/Host_AVR8.o
EVENT_USB_Host_DeviceUnattached                   CameraControl_USBEvents.o
                                                  ../LUFA-120219/LUFA/Drivers/USB/Core/Events.o
                                                  ../LUFA-120219/LUFA/Drivers/USB/Core/AVR8/USBInterrupt_AVR8.o
                                                  ../LUFA-120219/LUFA/Drivers/USB/Core/AVR8/Host_AVR8.o
EVENT_USB_Host_HostError                          CameraControl_USBEvents.o
                                                  ../LUFA-120219/LUFA/Drivers/USB/Core/Events.o
                                                  ../LUFA-120219/LUFA/Drivers/USB/Core/AVR8/USBInterrupt_AVR8.o
EVENT_USB_Host_StartOfFrame                       ../LUFA-120219/LUFA/Drivers/USB/Core/Events.o
                                                  ../LUFA-120219/LUFA/Drivers/USB/Core/AVR8/USBInterrupt_AVR8.o
HID_Host_ConfigurePipes                           ../LUFA-120219/LUFA/Drivers/USB/Class/Host/HIDClassHost.o
HID_Host_IsReportReceived                         ../LUFA-120219/LUFA/Drivers/USB/Class/Host/HIDClassHost.o
HID_Host_ReceiveReport                            ../LUFA-120219/LUFA/Drivers/USB/Class/Host/HIDClassHost.o
HID_Host_ReceiveReportByID                        ../LUFA-120219/LUFA/Drivers/USB/Class/Host/HIDClassHost.o
HID_Host_SendReportByID                           ../LUFA-120219/LUFA/Drivers/USB/Class/Host/HIDClassHost.o
HID_Host_SetBootProtocol                          ../LUFA-120219/LUFA/Drivers/USB/Class/Host/HIDClassHost.o
HID_Host_SetIdlePeriod                            ../LUFA-120219/LUFA/Drivers/USB/Class/Host/HIDClassHost.o
HID_Host_SetReportProtocol                        ../LUFA-120219/LUFA/Drivers/USB/Class/Host/HIDClassHost.o
MIDI_Host_ConfigurePipes                          ../LUFA-120219/LUFA/Drivers/USB/Class/Host/MIDIClassHost.o
MIDI_Host_Flush                                   ../LUFA-120219/LUFA/Drivers/USB/Class/Host/MIDIClassHost.o
MIDI_Host_ReceiveEventPacket                      ../LUFA-120219/LUFA/Drivers/USB/Class/Host/MIDIClassHost.o
MIDI_Host_SendEventPacket                         ../LUFA-120219/LUFA/Drivers/USB/Class/Host/MIDIClassHost.o
MIDI_Host_USBTask                                 ../LUFA-120219/LUFA/Drivers/USB/Class/Host/MIDIClassHost.o
MS_Host_ConfigurePipes                            ../LUFA-120219/LUFA/Drivers/USB/Class/Host/MassStorageClassHost.o
MS_Host_GetInquiryData                            ../LUFA-120219/LUFA/Drivers/USB/Class/Host/MassStorageClassHost.o
MS_Host_GetMaxLUN                                 ../LUFA-120219/LUFA/Drivers/USB/Class/Host/MassStorageClassHost.o
MS_Host_PreventAllowMediumRemoval                 ../LUFA-120219/LUFA/Drivers/USB/Class/Host/MassStorageClassHost.o
MS_Host_ReadDeviceBlocks                          ../LUFA-120219/LUFA/Drivers/USB/Class/Host/MassStorageClassHost.o
MS_Host_ReadDeviceCapacity                        ../LUFA-120219/LUFA/Drivers/USB/Class/Host/MassStorageClassHost.o
MS_Host_RequestSense                              ../LUFA-120219/LUFA/Drivers/USB/Class/Host/MassStorageClassHost.o
MS_Host_ResetMSInterface                          ../LUFA-120219/LUFA/Drivers/USB/Class/Host/MassStorageClassHost.o
MS_Host_TestUnitReady                             ../LUFA-120219/LUFA/Drivers/USB/Class/Host/MassStorageClassHost.o
MS_Host_WriteDeviceBlocks                         ../LUFA-120219/LUFA/Drivers/USB/Class/Host/MassStorageClassHost.o
PRNT_Host_BytesReceived                           ../LUFA-120219/LUFA/Drivers/USB/Class/Host/PrinterClassHost.o
PRNT_Host_ConfigurePipes                          ../LUFA-120219/LUFA/Drivers/USB/Class/Host/PrinterClassHost.o
PRNT_Host_Flush                                   ../LUFA-120219/LUFA/Drivers/USB/Class/Host/PrinterClassHost.o
PRNT_Host_GetDeviceID                             ../LUFA-120219/LUFA/Drivers/USB/Class/Host/PrinterClassHost.o
PRNT_Host_GetPortStatus                           ../LUFA-120219/LUFA/Drivers/USB/Class/Host/PrinterClassHost.o
PRNT_Host_ReceiveByte                             ../LUFA-120219/LUFA/Drivers/USB/Class/Host/PrinterClassHost.o
PRNT_Host_SendByte                                ../LUFA-120219/LUFA/Drivers/USB/Class/Host/PrinterClassHost.o
PRNT_Host_SendData                                ../LUFA-120219/LUFA/Drivers/USB/Class/Host/PrinterClassHost.o
PRNT_Host_SendString                              ../LUFA-120219/LUFA/Drivers/USB/Class/Host/PrinterClassHost.o
PRNT_Host_SetBidirectionalMode                    ../LUFA-120219/LUFA/Drivers/USB/Class/Host/PrinterClassHost.o
PRNT_Host_SoftReset                               ../LUFA-120219/LUFA/Drivers/USB/Class/Host/PrinterClassHost.o
PRNT_Host_USBTask                                 ../LUFA-120219/LUFA/Drivers/USB/Class/Host/PrinterClassHost.o
Pipe_ClearPipes                                   ../LUFA-120219/LUFA/Drivers/USB/Core/AVR8/Pipe_AVR8.o
                                                  ../LUFA-120219/LUFA/Drivers/USB/Core/AVR8/Host_AVR8.o
Pipe_ConfigurePipe                                ../LUFA-120219/LUFA/Drivers/USB/Core/AVR8/Pipe_AVR8.o
                                                  ../LUFA-120219/LUFA/Drivers/USB/Class/Host/StillImageClassHost.o
                                                  ../LUFA-120219/LUFA/Drivers/USB/Class/Host/RNDISClassHost.o
                                                  ../LUFA-120219/LUFA/Drivers/USB/Class/Host/PrinterClassHost.o
                                                  ../LUFA-120219/LUFA/Drivers/USB/Class/Host/MIDIClassHost.o
                                                  ../LUFA-120219/LUFA/Drivers/USB/Class/Host/MassStorageClassHost.o
                                                  ../LUFA-120219/LUFA/Drivers/USB/Class/Host/HIDClassHost.o
                                                  ../LUFA-120219/LUFA/Drivers/USB/Class/Host/CDCClassHost.o
                                                  ../LUFA-120219/LUFA/Drivers/USB/Class/Host/AudioClassHost.o
                                                  ../LUFA-120219/LUFA/Drivers/USB/Class/Host/AndroidAccessoryClassHost.o
                                                  ../LUFA-120219/LUFA/Drivers/USB/Core/AVR8/Host_AVR8.o
Pipe_Discard_Stream                               ../LUFA-120219/LUFA/Drivers/USB/Core/AVR8/PipeStream_AVR8.o
                                                  ../LUFA-120219/LUFA/Drivers/USB/Class/Host/RNDISClassHost.o
Pipe_IsEndpointBound                              ../LUFA-120219/LUFA/Drivers/USB/Core/AVR8/Pipe_AVR8.o
                                                  ../LUFA-120219/LUFA/Drivers/USB/Class/Host/StillImageClassHost.o
                                                  ../LUFA-120219/LUFA/Drivers/USB/Class/Host/RNDISClassHost.o
                                                  ../LUFA-120219/LUFA/Drivers/USB/Class/Host/MIDIClassHost.o
                                                  ../LUFA-120219/LUFA/Drivers/USB/Class/Host/MassStorageClassHost.o
                                                  ../LUFA-120219/LUFA/Drivers/USB/Class/Host/HIDClassHost.o
                                                  ../LUFA-120219/LUFA/Drivers/USB/Class/Host/CDCClassHost.o
                                                  ../LUFA-120219/LUFA/Drivers/USB/Class/Host/AndroidAccessoryClassHost.o
Pipe_Null_Stream                                  ../LUFA-120219/LUFA/Drivers/USB/Core/AVR8/PipeStream_AVR8.o
Pipe_Read_EStream_BE                              ../LUFA-120219/LUFA/Drivers/USB/Core/AVR8/PipeStream_AVR8.o
Pipe_Read_EStream_LE                              ../LUFA-120219/LUFA/Drivers/USB/Core/AVR8/PipeStream_AVR8.o
Pipe_Read_Stream_BE                               ../LUFA-120219/LUFA/Drivers/USB/Core/AVR8/PipeStream_AVR8.o
Pipe_Read_Stream_LE                               ../LUFA-120219/LUFA/Drivers/USB/Core/AVR8/PipeStream_AVR8.o
                                                  ../LUFA-120219/LUFA/Drivers/USB/Class/Host/StillImageClassHost.o
                                                  ../LUFA-120219/LUFA/Drivers/USB/Class/Host/RNDISClassHost.o
                                                  ../LUFA-120219/LUFA/Drivers/USB/Class/Host/MIDIClassHost.o
                                                  ../LUFA-120219/LUFA/Drivers/USB/Class/Host/MassStorageClassHost.o
                                                  ../LUFA-120219/LUFA/Drivers/USB/Class/Host/HIDClassHost.o
                                                  ../LUFA-120219/LUFA/Drivers/USB/Class/Host/CDCClassHost.o
Pipe_WaitUntilReady                               ../LUFA-120219/LUFA/Drivers/USB/Core/AVR8/Pipe_AVR8.o
                                                  ../LUFA-120219/LUFA/Drivers/USB/Class/Host/PrinterClassHost.o
                                                  ../LUFA-120219/LUFA/Drivers/USB/Class/Host/MIDIClassHost.o
                                                  ../LUFA-120219/LUFA/Drivers/USB/Class/Host/MassStorageClassHost.o
                                                  ../LUFA-120219/LUFA/Drivers/USB/Class/Host/CDCClassHost.o
                                                  ../LUFA-120219/LUFA/Drivers/USB/Class/Host/AndroidAccessoryClassHost.o
                                                  ../LUFA-120219/LUFA/Drivers/USB/Core/AVR8/PipeStream_AVR8.o
Pipe_Write_EStream_BE                             ../LUFA-120219/LUFA/Drivers/USB/Core/AVR8/PipeStream_AVR8.o
Pipe_Write_EStream_LE                             ../LUFA-120219/LUFA/Drivers/USB/Core/AVR8/PipeStream_AVR8.o
Pipe_Write_PStream_BE                             ../LUFA-120219/LUFA/Drivers/USB/Core/AVR8/PipeStream_AVR8.o
Pipe_Write_PStream_LE                             ../LUFA-120219/LUFA/Drivers/USB/Core/AVR8/PipeStream_AVR8.o
Pipe_Write_Stream_BE                              ../LUFA-120219/LUFA/Drivers/USB/Core/AVR8/PipeStream_AVR8.o
Pipe_Write_Stream_LE                              ../LUFA-120219/LUFA/Drivers/USB/Core/AVR8/PipeStream_AVR8.o
                                                  ../LUFA-120219/LUFA/Drivers/USB/Class/Host/StillImageClassHost.o
                                                  ../LUFA-120219/LUFA/Drivers/USB/Class/Host/RNDISClassHost.o
                                                  ../LUFA-120219/LUFA/Drivers/USB/Class/Host/PrinterClassHost.o
                                                  ../LUFA-120219/LUFA/Drivers/USB/Class/Host/MIDIClassHost.o
                                                  ../LUFA-120219/LUFA/Drivers/USB/Class/Host/MassStorageClassHost.o
                                                  ../LUFA-120219/LUFA/Drivers/USB/Class/Host/HIDClassHost.o
                                                  ../LUFA-120219/LUFA/Drivers/USB/Class/Host/CDCClassHost.o
                                                  ../LUFA-120219/LUFA/Drivers/USB/Class/Host/AndroidAccessoryClassHost.o
RNDIS_Host_ConfigurePipes                         ../LUFA-120219/LUFA/Drivers/USB/Class/Host/RNDISClassHost.o
RNDIS_Host_InitializeDevice                       ../LUFA-120219/LUFA/Drivers/USB/Class/Host/RNDISClassHost.o
RNDIS_Host_IsPacketReceived                       ../LUFA-120219/LUFA/Drivers/USB/Class/Host/RNDISClassHost.o
RNDIS_Host_QueryRNDISProperty                     ../LUFA-120219/LUFA/Drivers/USB/Class/Host/RNDISClassHost.o
RNDIS_Host_ReadPacket                             ../LUFA-120219/LUFA/Drivers/USB/Class/Host/RNDISClassHost.o
RNDIS_Host_SendKeepAlive                          ../LUFA-120219/LUFA/Drivers/USB/Class/Host/RNDISClassHost.o
RNDIS_Host_SendPacket                             ../LUFA-120219/LUFA/Drivers/USB/Class/Host/RNDISClassHost.o
RNDIS_Host_SetRNDISProperty                       ../LUFA-120219/LUFA/Drivers/USB/Class/Host/RNDISClassHost.o
SI_Host_CloseSession                              ../LUFA-120219/LUFA/Drivers/USB/Class/Host/StillImageClassHost.o
SI_Host_ConfigurePipes                            ../LUFA-120219/LUFA/Drivers/USB/Class/Host/StillImageClassHost.o
                                                  CameraControl_USBEvents.o
SI_Host_IsEventReceived                           ../LUFA-120219/LUFA/Drivers/USB/Class/Host/StillImageClassHost.o
                                                  CameraControl_DeviceEvents.o
SI_Host_OpenSession                               ../LUFA-120219/LUFA/Drivers/USB/Class/Host/StillImageClassHost.o
SI_Host_ReadData                                  ../LUFA-120219/LUFA/Drivers/USB/Class/Host/StillImageClassHost.o
                                                  CameraControl_DeviceOperation.o
                                                  CameraControl_General.o
SI_Host_ReceiveBlockHeader                        ../LUFA-120219/LUFA/Drivers/USB/Class/Host/StillImageClassHost.o
                                                  CameraControl_General.o
SI_Host_ReceiveEventHeader                        ../LUFA-120219/LUFA/Drivers/USB/Class/Host/StillImageClassHost.o
                                                  CameraControl_DeviceEvents.o
SI_Host_ReceiveResponse                           ../LUFA-120219/LUFA/Drivers/USB/Class/Host/StillImageClassHost.o
SI_Host_SendBlockHeader                           ../LUFA-120219/LUFA/Drivers/USB/Class/Host/StillImageClassHost.o
                                                  CameraControl_General.o
SI_Host_SendCommand                               ../LUFA-120219/LUFA/Drivers/USB/Class/Host/StillImageClassHost.o
SI_Host_SendData                                  ../LUFA-120219/LUFA/Drivers/USB/Class/Host/StillImageClassHost.o
Serial_CreateBlockingStream                       ../LUFA-120219/LUFA/Drivers/Peripheral/AVR8/Serial_AVR8.o
Serial_CreateStream                               ../LUFA-120219/LUFA/Drivers/Peripheral/AVR8/Serial_AVR8.o
Serial_SendData                                   ../LUFA-120219/LUFA/Drivers/Peripheral/AVR8/Serial_AVR8.o
Serial_SendString                                 ../LUFA-120219/LUFA/Drivers/Peripheral/AVR8/Serial_AVR8.o
Serial_SendString_P                               ../LUFA-120219/LUFA/Drivers/Peripheral/AVR8/Serial_AVR8.o
Serial_getchar                                    ../LUFA-120219/LUFA/Drivers/Peripheral/AVR8/Serial_AVR8.o
Serial_getchar_Blocking                           ../LUFA-120219/LUFA/Drivers/Peripheral/AVR8/Serial_AVR8.o
Serial_putchar                                    ../LUFA-120219/LUFA/Drivers/Peripheral/AVR8/Serial_AVR8.o
Stabily_PropertyValueEvent                        Stabily.o
Stabily_SetupHardware                             Stabily.o
TP_CheckPropertyEvents                            TransferProtocol.o
                                                  Stabily.o
TP_CollectEvents                                  TransferProtocol.o
                                                  Stabily.o
TP_GetIncomingCommand                             TransferProtocol.o
                                                  Stabily.o
TP_PopEvent                                       TransferProtocol.o
TP_PushEvent                                      TransferProtocol.o
TP_RespondTo                                      TransferProtocol.o
TP_SendDebugLog                                   TransferProtocol.o
TP_SendEvent                                      TransferProtocol.o
                                                  Stabily.o
TP_SendHeader                                     TransferProtocol.o
                                                  CameraControl_General.o
TP_SendSyncWord                                   TransferProtocol.o
                                                  Stabily.o
TP_TopEvent                                       TransferProtocol.o
USARTSerialStream                                 ../LUFA-120219/LUFA/Drivers/Peripheral/AVR8/Serial_AVR8.o
USB_ControlRequest                                ../LUFA-120219/LUFA/Drivers/USB/Class/Host/RNDISClassHost.o