Archive member included because of file (symbol)

c:/program files (x86)/atmel/avr tools/avr toolchain/bin/../lib/gcc/avr/4.5.1/avr51\libgcc.a(_mulsi3.o)
                              ../LUFA-111009/LUFA/Drivers/USB/Class/Host/MassStorage.o (__mulsi3)
c:/program files (x86)/atmel/avr tools/avr toolchain/bin/../lib/gcc/avr/4.5.1/avr51\libgcc.a(_exit.o)
                              c:/program files (x86)/atmel/avr tools/avr toolchain/bin/../lib/gcc/avr/4.5.1/../../../../avr/lib/avr51/crtusb1286.o (exit)
c:/program files (x86)/atmel/avr tools/avr toolchain/bin/../lib/gcc/avr/4.5.1/avr51\libgcc.a(_copy_data.o)
                              Stabily.o (__do_copy_data)
c:/program files (x86)/atmel/avr tools/avr toolchain/bin/../lib/gcc/avr/4.5.1/avr51\libgcc.a(_clear_bss.o)
                              ../LUFA-111009/LUFA/Drivers/USB/Core/AVR8/Host_AVR8.o (__do_clear_bss)
c:/program files (x86)/atmel/avr tools/avr toolchain/bin/../lib/gcc/avr/4.5.1/avr51\libgcc.a(_lshrdi3.o)
                              CameraControl_DeviceInfo.o (__lshrdi3)
c:/program files (x86)/atmel/avr tools/avr toolchain/bin/../lib/gcc/avr/4.5.1/avr51\libgcc.a(_ashldi3.o)
                              CameraControl_DeviceInfo.o (__ashldi3)
c:/program files (x86)/atmel/avr tools/avr toolchain/bin/../lib/gcc/avr/4.5.1/../../../../avr/lib/avr51\libc.a(atoi.o)
                              Stabily_Shell.o (atoi)
c:/program files (x86)/atmel/avr tools/avr toolchain/bin/../lib/gcc/avr/4.5.1/../../../../avr/lib/avr51\libc.a(strtok.o)
                              Stabily_Shell.o (strtok)
c:/program files (x86)/atmel/avr tools/avr toolchain/bin/../lib/gcc/avr/4.5.1/../../../../avr/lib/avr51\libc.a(memcpy.o)
                              ../LUFA-111009/LUFA/Drivers/USB/Class/Host/RNDIS.o (memcpy)
c:/program files (x86)/atmel/avr tools/avr toolchain/bin/../lib/gcc/avr/4.5.1/../../../../avr/lib/avr51\libc.a(memmove.o)
                              ../LUFA-111009/LUFA/Drivers/USB/Class/Host/Printer.o (memmove)
c:/program files (x86)/atmel/avr tools/avr toolchain/bin/../lib/gcc/avr/4.5.1/../../../../avr/lib/avr51\libc.a(strcmp.o)
                              Stabily_Shell.o (strcmp)
c:/program files (x86)/atmel/avr tools/avr toolchain/bin/../lib/gcc/avr/4.5.1/../../../../avr/lib/avr51\libc.a(strcpy.o)
                              Stabily_Shell.o (strcpy)
c:/program files (x86)/atmel/avr tools/avr toolchain/bin/../lib/gcc/avr/4.5.1/../../../../avr/lib/avr51\libc.a(strtok_r.o)
                              c:/program files (x86)/atmel/avr tools/avr toolchain/bin/../lib/gcc/avr/4.5.1/../../../../avr/lib/avr51\libc.a(strtok.o) (strtok_r)
c:/program files (x86)/atmel/avr tools/avr toolchain/bin/../lib/gcc/avr/4.5.1/../../../../avr/lib/avr51\libc.a(mul10.o)
                              c:/program files (x86)/atmel/avr tools/avr toolchain/bin/../lib/gcc/avr/4.5.1/../../../../avr/lib/avr51\libc.a(atoi.o) (__mulhi_const_10)
c:/program files (x86)/atmel/avr tools/avr toolchain/bin/../lib/gcc/avr/4.5.1/../../../../avr/lib/avr51\libc.a(fputc.o)
                              CameraControl_DeviceOperation.o (fputc)
c:/program files (x86)/atmel/avr tools/avr toolchain/bin/../lib/gcc/avr/4.5.1/../../../../avr/lib/avr51\libc.a(iob.o)
                              Stabily.o (__iob)
c:/program files (x86)/atmel/avr tools/avr toolchain/bin/../lib/gcc/avr/4.5.1/../../../../avr/lib/avr51\libc.a(printf.o)
                              Stabily_Shell.o (printf)
c:/program files (x86)/atmel/avr tools/avr toolchain/bin/../lib/gcc/avr/4.5.1/../../../../avr/lib/avr51\libc.a(printf_p.o)
                              CameraControl_USBEvents.o (printf_P)
c:/program files (x86)/atmel/avr tools/avr toolchain/bin/../lib/gcc/avr/4.5.1/../../../../avr/lib/avr51\libc.a(puts.o)
                              Stabily_Shell.o (puts)
c:/program files (x86)/atmel/avr tools/avr toolchain/bin/../lib/gcc/avr/4.5.1/../../../../avr/lib/avr51\libc.a(puts_p.o)
                              Stabily.o (puts_P)
c:/program files (x86)/atmel/avr tools/avr toolchain/bin/../lib/gcc/avr/4.5.1/../../../../avr/lib/avr51\libc.a(sscanf.o)
                              Stabily_Shell.o (sscanf)
c:/program files (x86)/atmel/avr tools/avr toolchain/bin/../lib/gcc/avr/4.5.1/../../../../avr/lib/avr51\libc.a(vfprintf_std.o)
                              c:/program files (x86)/atmel/avr tools/avr toolchain/bin/../lib/gcc/avr/4.5.1/../../../../avr/lib/avr51\libc.a(printf.o) (vfprintf)
c:/program files (x86)/atmel/avr tools/avr toolchain/bin/../lib/gcc/avr/4.5.1/../../../../avr/lib/avr51\libc.a(vfscanf_std.o)
                              c:/program files (x86)/atmel/avr tools/avr toolchain/bin/../lib/gcc/avr/4.5.1/../../../../avr/lib/avr51\libc.a(sscanf.o) (vfscanf)
c:/program files (x86)/atmel/avr tools/avr toolchain/bin/../lib/gcc/avr/4.5.1/../../../../avr/lib/avr51\libc.a(eerd_byte_at90usb1287.o)
[...]
Memory Configuration

Name             Origin             Length             Attributes
text             0x00000000         0x00020000         xr
data             0x00800100         0x0000ff00         rw !x
eeprom           0x00810000         0x00010000         rw !x
fuse             0x00820000         0x00000400         rw !x
lock             0x00830000         0x00000400         rw !x
signature        0x00840000         0x00000400         rw !x
*default*        0x00000000         0xffffffff

Linker script and memory map

Address of section .data set to 0x800100
LOAD c:/program files (x86)/atmel/avr tools/avr toolchain/bin/../lib/gcc/avr/4.5.1/../../../../avr/lib/avr51/crtusb1286.o
LOAD Stabily.o
LOAD ../LUFA-111009/LUFA/Drivers/USB/Core/AVR8/Device_AVR8.o
LOAD ../LUFA-111009/LUFA/Drivers/USB/Core/AVR8/Endpoint_AVR8.o
LOAD ../LUFA-111009/LUFA/Drivers/USB/Core/AVR8/Host_AVR8.o
LOAD ../LUFA-111009/LUFA/Drivers/USB/Core/AVR8/Pipe_AVR8.o
LOAD ../LUFA-111009/LUFA/Drivers/USB/Core/AVR8/USBController_AVR8.o
LOAD ../LUFA-111009/LUFA/Drivers/USB/Core/AVR8/USBInterrupt_AVR8.o
LOAD ../LUFA-111009/LUFA/Drivers/USB/Core/AVR8/EndpointStream_AVR8.o
LOAD ../LUFA-111009/LUFA/Drivers/USB/Core/AVR8/PipeStream_AVR8.o
LOAD ../LUFA-111009/LUFA/Drivers/USB/Core/ConfigDescriptor.o
LOAD ../LUFA-111009/LUFA/Drivers/USB/Core/DeviceStandardReq.o
LOAD ../LUFA-111009/LUFA/Drivers/USB/Core/Events.o
LOAD ../LUFA-111009/LUFA/Drivers/USB/Core/HostStandardReq.o
LOAD ../LUFA-111009/LUFA/Drivers/USB/Core/USBTask.o
LOAD ../LUFA-111009/LUFA/Drivers/USB/Class/Common/HIDParser.o
LOAD ../LUFA-111009/LUFA/Drivers/USB/Class/Device/Audio.o
LOAD ../LUFA-111009/LUFA/Drivers/USB/Class/Device/CDC.o
LOAD ../LUFA-111009/LUFA/Drivers/USB/Class/Device/HID.o
LOAD ../LUFA-111009/LUFA/Drivers/USB/Class/Device/MassStorage.o
LOAD ../LUFA-111009/LUFA/Drivers/USB/Class/Device/MIDI.o
LOAD ../LUFA-111009/LUFA/Drivers/USB/Class/Device/RNDIS.o
LOAD ../LUFA-111009/LUFA/Drivers/USB/Class/Host/Audio.o
LOAD ../LUFA-111009/LUFA/Drivers/USB/Class/Host/CDC.o
LOAD ../LUFA-111009/LUFA/Drivers/USB/Class/Host/HID.o
LOAD ../LUFA-111009/LUFA/Drivers/USB/Class/Host/MassStorage.o
LOAD ../LUFA-111009/LUFA/Drivers/USB/Class/Host/MIDI.o
LOAD ../LUFA-111009/LUFA/Drivers/USB/Class/Host/Printer.o
LOAD ../LUFA-111009/LUFA/Drivers/USB/Class/Host/RNDIS.o
LOAD ../LUFA-111009/LUFA/Drivers/USB/Class/Host/StillImage.o
LOAD ../LUFA-111009/LUFA/Drivers/Peripheral/AVR8/Serial_AVR8.o
LOAD CameraControl_USBEvents.o
LOAD CameraControl_General.o
LOAD CameraControl_DeviceInfo.o
LOAD CameraControl_StorageInfo.o
LOAD CameraControl_DeviceOperation.o
LOAD CameraControl_DeviceEvents.o
LOAD Stabily_Shell.o
LOAD c:/program files (x86)/atmel/avr tools/avr toolchain/bin/../lib/gcc/avr/4.5.1/../../../../avr/lib/avr51\libm.a
LOAD c:/program files (x86)/atmel/avr tools/avr toolchain/bin/../lib/gcc/avr/4.5.1/avr51\libgcc.a
LOAD c:/program files (x86)/atmel/avr tools/avr toolchain/bin/../lib/gcc/avr/4.5.1/../../../../avr/lib/avr51\libc.a
LOAD c:/program files (x86)/atmel/avr tools/avr toolchain/bin/../lib/gcc/avr/4.5.1/avr51\libgcc.a

.hash
 *(.hash)

.dynsym
 *(.dynsym)

.dynstr
 *(.dynstr)

.gnu.version
 *(.gnu.version)

.gnu.version_d
 *(.gnu.version_d)

.gnu.version_r
 *(.gnu.version_r)

.rel.init
 *(.rel.init)

.rela.init
 *(.rela.init)

.rel.text
 *(.rel.text)
 *(.rel.text.*)
 *(.rel.gnu.linkonce.t*)

.rela.text
 *(.rela.text)
 *(.rela.text.*)
 *(.rela.gnu.linkonce.t*)

.rel.fini
 *(.rel.fini)

.rela.fini
 *(.rela.fini)

.rel.rodata
 *(.rel.rodata)
 *(.rel.rodata.*)
 *(.rel.gnu.linkonce.r*)

.rela.rodata
 *(.rela.rodata)
 *(.rela.rodata.*)
 *(.rela.gnu.linkonce.r*)

.rel.data
 *(.rel.data)
 *(.rel.data.*)
 *(.rel.gnu.linkonce.d*)

.rela.data
 *(.rela.data)
 *(.rela.data.*)
 *(.rela.gnu.linkonce.d*)

.rel.ctors
 *(.rel.ctors)

.rela.ctors
 *(.rela.ctors)

.rel.dtors
 *(.rel.dtors)

.rela.dtors
 *(.rela.dtors)

.rel.got
 *(.rel.got)

.rela.got
 *(.rela.got)

.rel.bss
 *(.rel.bss)

.rela.bss
 *(.rela.bss)

.rel.plt
 *(.rel.plt)

.rela.plt
 *(.rela.plt)

.text           0x00000000     0x51e0
 *(.vectors)
 .vectors       0x00000000       0x98 c:/program files (x86)/atmel/avr tools/avr toolchain/bin/../lib/gcc/avr/4.5.1/../../../../avr/lib/avr51/crtusb1286.o
                0x00000000                __vector_default
                0x00000000                __vectors
 *(.vectors)
 *(.progmem.gcc*)
 .progmem.gcc_sw_table
                0x00000098       0x40 CameraControl_General.o
 *(.progmem*)
 .progmem.data  0x000000d8       0x22 Stabily.o
 .progmem.data  0x000000fa      0x168 CameraControl_USBEvents.o
 .progmem.data  0x00000262      0x6b4 CameraControl_General.o
 .progmem.data  0x00000916      0x205 CameraControl_DeviceInfo.o
 .progmem.data  0x00000b1b      0x1df CameraControl_StorageInfo.o
 .progmem.data  0x00000cfa       0x8f CameraControl_DeviceOperation.o
 .progmem.data  0x00000d89      0x1f0 CameraControl_DeviceEvents.o
 .progmem.data  0x00000f79        0xc c:/program files (x86)/atmel/avr tools/avr toolchain/bin/../lib/gcc/avr/4.5.1/../../../../avr/lib/avr51\libc.a(vfscanf_std.o)
                0x00000f86                . = ALIGN (0x2)
 *fill*         0x00000f85        0x1 00
                0x00000f86                __trampolines_start = .
 *(.trampolines)
 .trampolines   0x00000f86        0x0 linker stubs
 *(.trampolines*)
                0x00000f86                __trampolines_end = .
 *(.jumptables)
 *(.jumptables*)
 *(.lowtext)
 *(.lowtext*)
                0x00000f86                __ctors_start = .
 *(.ctors)
                0x00000f86                __ctors_end = .
                0x00000f86                __dtors_start = .
 *(.dtors)
                0x00000f86                __dtors_end = .
 SORT(*)(.ctors)
 SORT(*)(.dtors)
 *(.init0)
 .init0         0x00000f86        0x0 c:/program files (x86)/atmel/avr tools/avr toolchain/bin/../lib/gcc/avr/4.5.1/../../../../avr/lib/avr51/crtusb1286.o
                0x00000f86                __init
 *(.init0)
 *(.init1)
 *(.init1)
 *(.init2)
 .init2         0x00000f86        0xc c:/program files (x86)/atmel/avr tools/avr toolchain/bin/../lib/gcc/avr/4.5.1/../../../../avr/lib/avr51/crtusb1286.o
 *(.init2)
 *(.init3)
 *(.init3)
 *(.init4)
 .init4         0x00000f92       0x1a c:/program files (x86)/atmel/avr tools/avr toolchain/bin/../lib/gcc/avr/4.5.1/avr51\libgcc.a(_copy_data.o)
                0x00000f92                __do_copy_data
 .init4         0x00000fac       0x10 c:/program files (x86)/atmel/avr tools/avr toolchain/bin/../lib/gcc/avr/4.5.1/avr51\libgcc.a(_clear_bss.o)
                0x00000fac                __do_clear_bss
 *(.init4)
 *(.init5)
 *(.init5)
 *(.init6)
 *(.init6)
 *(.init7)
 *(.init7)
 *(.init8)
 *(.init8)
 *(.init9)
 .init9         0x00000fbc        0x6 c:/program files (x86)/atmel/avr tools/avr toolchain/bin/../lib/gcc/avr/4.5.1/../../../../avr/lib/avr51/crtusb1286.o
 *(.init9)
 *(.text)
 .text          0x00000fc2        0x2 c:/program files (x86)/atmel/avr tools/avr toolchain/bin/../lib/gcc/avr/4.5.1/../../../../avr/lib/avr51/crtusb1286.o
                0x00000fc2                __vector_22
                0x00000fc2                __vector_28
                0x00000fc2                __vector_1
                0x00000fc2                __vector_32
                0x00000fc2                __vector_34
                0x00000fc2                __vector_24
                0x00000fc2                __vector_12
                0x00000fc2                __bad_interrupt
                0x00000fc2                __vector_6
                0x00000fc2                __vector_31
                0x00000fc2                __vector_35
                0x00000fc2                __vector_3
                0x00000fc2                __vector_23
                0x00000fc2                __vector_30
                0x00000fc2                __vector_25
                0x00000fc2                __vector_11
                0x00000fc2                __vector_13
                0x00000fc2                __vector_17
                0x00000fc2                __vector_19
                0x00000fc2                __vector_7
                0x00000fc2                __vector_27
                0x00000fc2                __vector_5
                0x00000fc2                __vector_33
                0x00000fc2                __vector_37
                0x00000fc2                __vector_4
                0x00000fc2                __vector_9
                0x00000fc2                __vector_2
                0x00000fc2                __vector_21
                0x00000fc2                __vector_15
                0x00000fc2                __vector_36
                0x00000fc2                __vector_29
                0x00000fc2                __vector_8
                0x00000fc2                __vector_26
                0x00000fc2                __vector_14
                0x00000fc2                __vector_16
                0x00000fc2                __vector_18
                0x00000fc2                __vector_20
 .text          0x00000fc4       0xe2 c:/program files (x86)/atmel/avr tools/avr toolchain/bin/../lib/gcc/avr/4.5.1/avr51\libgcc.a(_lshrdi3.o)
                0x00000fc4                __lshrdi3
 .text          0x000010a6       0xe2 c:/program files (x86)/atmel/avr tools/avr toolchain/bin/../lib/gcc/avr/4.5.1/avr51\libgcc.a(_ashldi3.o)
                0x000010a6                __ashldi3
                0x00001188                . = ALIGN (0x2)
 *(.text.*)
 .text.Stabily_SetupHardware
                0x00001188       0x92 Stabily.o
                0x00001188                Stabily_SetupHardware
 .text.main     0x0000121a       0x1c Stabily.o
                0x0000121a                main
 .text.USB_Host_ResetDevice
                0x00001236       0xac ../LUFA-111009/LUFA/Drivers/USB/Core/AVR8/Host_AVR8.o
 .text.USB_Host_WaitMS
                0x000012e2       0xaa ../LUFA-111009/LUFA/Drivers/USB/Core/AVR8/Host_AVR8.o
                0x000012e2                USB_Host_WaitMS
 .text.USB_Host_ProcessNextHostState
                0x0000138c      0x25e ../LUFA-111009/LUFA/Drivers/USB/Core/AVR8/Host_AVR8.o
                0x0000138c                USB_Host_ProcessNextHostState
 .text.Pipe_ConfigurePipe
                0x000015ea       0xba ../LUFA-111009/LUFA/Drivers/USB/Core/AVR8/Pipe_AVR8.o
                0x000015ea                Pipe_ConfigurePipe
 .text.Pipe_ClearPipes
                0x000016a4       0x28 ../LUFA-111009/LUFA/Drivers/USB/Core/AVR8/Pipe_AVR8.o
                0x000016a4                Pipe_ClearPipes
 .text.Pipe_IsEndpointBound
                0x000016cc       0x44 ../LUFA-111009/LUFA/Drivers/USB/Core/AVR8/Pipe_AVR8.o
                0x000016cc                Pipe_IsEndpointBound
 .text.Pipe_WaitUntilReady
                0x00001710       0x5e ../LUFA-111009/LUFA/Drivers/USB/Core/AVR8/Pipe_AVR8.o
                0x00001710                Pipe_WaitUntilReady
 .text.USB_Disable
                0x0000176e       0x30 ../LUFA-111009/LUFA/Drivers/USB/Core/AVR8/USBController_AVR8.o
                0x0000176e                USB_Disable
 .text.USB_ResetInterface
                0x0000179e       0xa0 ../LUFA-111009/LUFA/Drivers/USB/Core/AVR8/USBController_AVR8.o
                0x0000179e                USB_ResetInterface
 .text.USB_Init
                0x0000183e       0x12 ../LUFA-111009/LUFA/Drivers/USB/Core/AVR8/USBController_AVR8.o
                0x0000183e                USB_Init
 .text.USB_INT_DisableAllInterrupts
                0x00001850       0x10 ../LUFA-111009/LUFA/Drivers/USB/Core/AVR8/USBInterrupt_AVR8.o
                0x00001850                USB_INT_DisableAllInterrupts
 .text.USB_INT_ClearAllInterrupts
                0x00001860        0xa ../LUFA-111009/LUFA/Drivers/USB/Core/AVR8/USBInterrupt_AVR8.o
                0x00001860                USB_INT_ClearAllInterrupts
 .text.__vector_10
                0x0000186a      0x126 ../LUFA-111009/LUFA/Drivers/USB/Core/AVR8/USBInterrupt_AVR8.o
                0x0000186a                __vector_10
 .text.Pipe_Write_Stream_LE
                0x00001990       0xc6 ../LUFA-111009/LUFA/Drivers/USB/Core/AVR8/PipeStream_AVR8.o
                0x00001990                Pipe_Write_Stream_LE
 .text.Pipe_Read_Stream_LE
                0x00001a56       0xc6 ../LUFA-111009/LUFA/Drivers/USB/Core/AVR8/PipeStream_AVR8.o
                0x00001a56                Pipe_Read_Stream_LE
 .text.USB_Host_GetDeviceConfigDescriptor
                0x00001b1c       0xae ../LUFA-111009/LUFA/Drivers/USB/Core/ConfigDescriptor.o
                0x00001b1c                USB_Host_GetDeviceConfigDescriptor
 .text.USB_GetNextDescriptorComp
                0x00001bca       0x86 ../LUFA-111009/LUFA/Drivers/USB/Core/ConfigDescriptor.o
                0x00001bca                USB_GetNextDescriptorComp
 .text.USB_Event_Stub
                0x00001c50        0x2 ../LUFA-111009/LUFA/Drivers/USB/Core/Events.o
                0x00001c50                EVENT_USB_Host_StartOfFrame
                0x00001c50                USB_Event_Stub
 .text.USB_Host_WaitForIOS
                0x00001c52       0x52 ../LUFA-111009/LUFA/Drivers/USB/Core/HostStandardReq.o
 .text.USB_Host_SendControlRequest
                0x00001ca4      0x1fe ../LUFA-111009/LUFA/Drivers/USB/Core/HostStandardReq.o
                0x00001ca4                USB_Host_SendControlRequest
 .text.USB_Host_SetDeviceConfiguration
                0x00001ea2       0x4a ../LUFA-111009/LUFA/Drivers/USB/Core/HostStandardReq.o
                0x00001ea2                USB_Host_SetDeviceConfiguration
 .text.USB_Host_ClearEndpointStall
                0x00001eec       0x2e ../LUFA-111009/LUFA/Drivers/USB/Core/HostStandardReq.o
                0x00001eec                USB_Host_ClearEndpointStall
 .text.USB_USBTask
                0x00001f1a       0x1c ../LUFA-111009/LUFA/Drivers/USB/Core/USBTask.o
                0x00001f1a                USB_USBTask
 .text.DCOMP_SI_Host_NextSIInterface
                0x00001f36       0x22 ../LUFA-111009/LUFA/Drivers/USB/Class/Host/StillImage.o
 .text.DCOMP_SI_Host_NextSIInterfaceEndpoint
                0x00001f58       0x2c ../LUFA-111009/LUFA/Drivers/USB/Class/Host/StillImage.o
 .text.SI_Host_ConfigurePipes
                0x00001f84      0x1c2 ../LUFA-111009/LUFA/Drivers/USB/Class/Host/StillImage.o
                0x00001f84                SI_Host_ConfigurePipes
 .text.SI_Host_SendBlockHeader
                0x00002146       0x9e ../LUFA-111009/LUFA/Drivers/USB/Class/Host/StillImage.o
                0x00002146                SI_Host_SendBlockHeader
 .text.SI_Host_ReceiveBlockHeader
                0x000021e4      0x10e ../LUFA-111009/LUFA/Drivers/USB/Class/Host/StillImage.o
                0x000021e4                SI_Host_ReceiveBlockHeader
 .text.SI_Host_ReadData
                0x000022f2       0x3e ../LUFA-111009/LUFA/Drivers/USB/Class/Host/StillImage.o
                0x000022f2                SI_Host_ReadData
 .text.SI_Host_IsEventReceived
                0x00002330       0x46 ../LUFA-111009/LUFA/Drivers/USB/Class/Host/StillImage.o
                0x00002330                SI_Host_IsEventReceived
 .text.SI_Host_ReceiveEventHeader
                0x00002376       0x4a ../LUFA-111009/LUFA/Drivers/USB/Class/Host/StillImage.o
                0x00002376                SI_Host_ReceiveEventHeader
 .text.Serial_putchar
                0x000023c0       0x12 ../LUFA-111009/LUFA/Drivers/Peripheral/AVR8/Serial_AVR8.o
                0x000023c0                Serial_putchar
 .text.Serial_getchar
                0x000023d2       0x26 ../LUFA-111009/LUFA/Drivers/Peripheral/AVR8/Serial_AVR8.o
                0x000023d2                Serial_getchar
 .text.EVENT_USB_Host_DeviceAttached
                0x000023f8       0x12 CameraControl_USBEvents.o
                0x000023f8                EVENT_USB_Host_DeviceAttached
 .text.EVENT_USB_Host_DeviceUnattached
                0x0000240a       0x12 CameraControl_USBEvents.o
                0x0000240a                EVENT_USB_Host_DeviceUnattached
 .text.EVENT_USB_Host_DeviceEnumerationComplete
                0x0000241c       0x9e CameraControl_USBEvents.o
                0x0000241c                EVENT_USB_Host_DeviceEnumerationComplete
 .text.EVENT_USB_Host_HostError
                0x000024ba       0x44 CameraControl_USBEvents.o
                0x000024ba                EVENT_USB_Host_HostError
 .text.EVENT_USB_Host_DeviceEnumerationFailed
                0x000024fe       0x58 CameraControl_USBEvents.o
                0x000024fe                EVENT_USB_Host_DeviceEnumerationFailed
 .text.CameraControl_PTPErrorDescription
                0x00002556      0x194 CameraControl_General.o
                0x00002556                CameraControl_PTPErrorDescription
 .text.CameraControl_DescribePIPE_RWSTREAMError
                0x000026ea       0xa2 CameraControl_General.o
                0x000026ea                CameraControl_DescribePIPE_RWSTREAMError
 .text.CameraControl_GetResponseAndCheck
                0x0000278c       0x6a CameraControl_General.o
                0x0000278c                CameraControl_GetResponseAndCheck
 .text.CameraControl_InitiateTransaction
                0x000027f6       0x6e CameraControl_General.o
                0x000027f6                CameraControl_InitiateTransaction
 .text.CameraControl_OpenSession
                0x00002864       0xb4 CameraControl_General.o
                0x00002864                CameraControl_OpenSession
 .text.CameraControl_CloseSession
                0x00002918       0x96 CameraControl_General.o
                0x00002918                CameraControl_CloseSession
 .text.CameraControl_CameraConnected
                0x000029ae       0x12 CameraControl_General.o
                0x000029ae                CameraControl_CameraConnected
 .text.CameraControl_DeviceInfo_CopyString
                0x000029c0       0xb2 CameraControl_DeviceInfo.o
                0x000029c0                CameraControl_DeviceInfo_CopyString
 .text.CameraControl_DeviceInfo_CopyArray
                0x00002a72      0x182 CameraControl_DeviceInfo.o
                0x00002a72                CameraControl_DeviceInfo_CopyArray
 .text.CameraControl_DeviceInfo_Parse
                0x00002bf4      0x21e CameraControl_DeviceInfo.o
                0x00002bf4                CameraControl_DeviceInfo_Parse
 .text.CameraControl_DeviceInfo_GetInfo
                0x00002e12      0x136 CameraControl_DeviceInfo.o
                0x00002e12                CameraControl_DeviceInfo_GetInfo
 .text.CameraControl_DeviceInfo_Printout
                0x00002f48      0x442 CameraControl_DeviceInfo.o
                0x00002f48                CameraControl_DeviceInfo_Printout
 .text.CameraControl_GetStorageIDs
                0x0000338a      0x16c CameraControl_StorageInfo.o
                0x0000338a                CameraControl_GetStorageIDs
 .text.CameraControl_GetStorageInfo
                0x000034f6      0x36a CameraControl_StorageInfo.o
                0x000034f6                CameraControl_GetStorageInfo
 .text.CameraControl_StorageInfo_Printout
                0x00003860      0x2a4 CameraControl_StorageInfo.o
                0x00003860                CameraControl_StorageInfo_Printout
 .text.CameraControl_GetStorageID
                0x00003b04       0x68 CameraControl_StorageInfo.o
                0x00003b04                CameraControl_GetStorageID
 .text.CameraControl_DeviceOperation_Capture
                0x00003b6c       0xfc CameraControl_DeviceOperation.o
                0x00003b6c                CameraControl_DeviceOperation_Capture
 .text.CameraControl_DeviceOperation_GetPropertyDesc
                0x00003c68      0x1ee CameraControl_DeviceOperation.o
                0x00003c68                CameraControl_DeviceOperation_GetPropertyDesc
 .text.CameraControl_DeviceEvents_PollEvents
                0x00003e56      0x21c CameraControl_DeviceEvents.o
                0x00003e56                CameraControl_DeviceEvents_PollEvents
 .text.tm_cmd_idn
                0x00004072       0x4e Stabily_Shell.o
                0x00004072                tm_cmd_idn
 .text.tm_cmd_set_quite_mode
                0x000040c0       0x30 Stabily_Shell.o
                0x000040c0                tm_cmd_set_quite_mode
 .text.tm_cmd_prop_desc
                0x000040f0       0x80 Stabily_Shell.o
                0x000040f0                tm_cmd_prop_desc
 .text.tm_cmd_capture
                0x00004170        0xe Stabily_Shell.o
                0x00004170                tm_cmd_capture
 .text.tm_cmd_get_storage_info
                0x0000417e       0x1e Stabily_Shell.o
                0x0000417e                tm_cmd_get_storage_info
 .text.tm_cmd_get_dev_info
                0x0000419c        0x8 Stabily_Shell.o
                0x0000419c                tm_cmd_get_dev_info
 .text.tm_cmd_status
                0x000041a4       0x32 Stabily_Shell.o
                0x000041a4                tm_cmd_status
 .text.tm_cmd_echo_on
                0x000041d6        0xc Stabily_Shell.o
                0x000041d6                tm_cmd_echo_on
 .text.tm_cmd_echo_off
                0x000041e2        0xa Stabily_Shell.o
                0x000041e2                tm_cmd_echo_off
 .text.Stabily_Shell_Menu
                0x000041ec       0x2c Stabily_Shell.o
                0x000041ec                Stabily_Shell_Menu
 .text.Stabily_Shell_Parse
                0x00004218       0xe6 Stabily_Shell.o
                0x00004218                Stabily_Shell_Parse
 .text.Stabily_ShellRX
                0x000042fe       0xec Stabily_Shell.o
                0x000042fe                Stabily_ShellRX
 .text.avr-libc
                0x000043ea       0x3a c:/program files (x86)/atmel/avr tools/avr toolchain/bin/../lib/gcc/avr/4.5.1/../../../../avr/lib/avr51\libc.a(atoi.o)
                0x000043ea                atoi
 .text.avr-libc
                0x00004424        0x6 c:/program files (x86)/atmel/avr tools/avr toolchain/bin/../lib/gcc/avr/4.5.1/../../../../avr/lib/avr51\libc.a(strtok.o)
                0x00004424                strtok
 .text.avr-libc
                0x0000442a       0x12 c:/program files (x86)/atmel/avr tools/avr toolchain/bin/../lib/gcc/avr/4.5.1/../../../../avr/lib/avr51\libc.a(strcmp.o)
                0x0000442a                strcmp
 .text.avr-libc
                0x0000443c        0xe c:/program files (x86)/atmel/avr tools/avr toolchain/bin/../lib/gcc/avr/4.5.1/../../../../avr/lib/avr51\libc.a(strcpy.o)
                0x0000443c                strcpy
 .text.avr-libc
                0x0000444a       0x4e c:/program files (x86)/atmel/avr tools/avr toolchain/bin/../lib/gcc/avr/4.5.1/../../../../avr/lib/avr51\libc.a(strtok_r.o)
                0x0000444a                strtok_r
 .text.avr-libc
                0x00004498       0x10 c:/program files (x86)/atmel/avr tools/avr toolchain/bin/../lib/gcc/avr/4.5.1/../../../../avr/lib/avr51\libc.a(mul10.o)
                0x00004498                __mulhi_const_10
 .text.avr-libc
                0x000044a8       0x58 c:/program files (x86)/atmel/avr tools/avr toolchain/bin/../lib/gcc/avr/4.5.1/../../../../avr/lib/avr51\libc.a(fputc.o)
                0x000044a8                fputc
 .text.avr-libc
                0x00004500       0x22 c:/program files (x86)/atmel/avr tools/avr toolchain/bin/../lib/gcc/avr/4.5.1/../../../../avr/lib/avr51\libc.a(printf.o)
                0x00004500                printf
 .text.avr-libc
                0x00004522       0x3e c:/program files (x86)/atmel/avr tools/avr toolchain/bin/../lib/gcc/avr/4.5.1/../../../../avr/lib/avr51\libc.a(printf_p.o)
                0x00004522                printf_P
 .text.avr-libc
                0x00004560       0x6e c:/program files (x86)/atmel/avr tools/avr toolchain/bin/../lib/gcc/avr/4.5.1/../../../../avr/lib/avr51\libc.a(puts.o)
                0x00004560                puts
 .text.avr-libc
                0x000045ce       0x70 c:/program files (x86)/atmel/avr tools/avr toolchain/bin/../lib/gcc/avr/4.5.1/../../../../avr/lib/avr51\libc.a(puts_p.o)
                0x000045ce                puts_P
 .text.avr-libc
                0x0000463e       0x44 c:/program files (x86)/atmel/avr tools/avr toolchain/bin/../lib/gcc/avr/4.5.1/../../../../avr/lib/avr51\libc.a(sscanf.o)
                0x0000463e                sscanf
 .text.avr-libc
                0x00004682      0x406 c:/program files (x86)/atmel/avr tools/avr toolchain/bin/../lib/gcc/avr/4.5.1/../../../../avr/lib/avr51\libc.a(vfprintf_std.o)
                0x00004682                vfprintf
 .text.avr-libc
                0x00004a88      0x586 c:/program files (x86)/atmel/avr tools/avr toolchain/bin/../lib/gcc/avr/4.5.1/../../../../avr/lib/avr51\libc.a(vfscanf_std.o)
                0x00004ddc                vfscanf
 .text.avr-libc
                0x0000500e       0x10 c:/program files (x86)/atmel/avr tools/avr toolchain/bin/../lib/gcc/avr/4.5.1/../../../../avr/lib/avr51\libc.a(isspace.o)
                0x0000500e                isspace
 .text.avr-libc
                0x0000501e       0x16 c:/program files (x86)/atmel/avr tools/avr toolchain/bin/../lib/gcc/avr/4.5.1/../../../../avr/lib/avr51\libc.a(strchr_P.o)
                0x0000501e                strchr_P
 .text.avr-libc
                0x00005034       0x16 c:/program files (x86)/atmel/avr tools/avr toolchain/bin/../lib/gcc/avr/4.5.1/../../../../avr/lib/avr51\libc.a(strnlen_P.o)
                0x00005034                strnlen_P
 .text.avr-libc
                0x0000504a       0x16 c:/program files (x86)/atmel/avr tools/avr toolchain/bin/../lib/gcc/avr/4.5.1/../../../../avr/lib/avr51\libc.a(strnlen.o)
                0x0000504a                strnlen
 .text.avr-libc
                0x00005060       0x84 c:/program files (x86)/atmel/avr tools/avr toolchain/bin/../lib/gcc/avr/4.5.1/../../../../avr/lib/avr51\libc.a(fgetc.o)
                0x00005060                fgetc
 .text.avr-libc
                0x000050e4       0x36 c:/program files (x86)/atmel/avr tools/avr toolchain/bin/../lib/gcc/avr/4.5.1/../../../../avr/lib/avr51\libc.a(ungetc.o)
                0x000050e4                ungetc
 .text.avr-libc
                0x0000511a       0xbc c:/program files (x86)/atmel/avr tools/avr toolchain/bin/../lib/gcc/avr/4.5.1/../../../../avr/lib/avr51\libc.a(ultoa_invert.o)
                0x0000511a                __ultoa_invert
 .text.avr-libc
                0x000051d6        0x6 c:/program files (x86)/atmel/avr tools/avr toolchain/bin/../lib/gcc/avr/4.5.1/../../../../avr/lib/avr51\libc.a(cty_isfalse.o)
                0x000051d6                __ctype_isfalse
                0x000051da                __ctype_istrue
                0x000051dc                . = ALIGN (0x2)
 *(.fini9)
 .fini9         0x000051dc        0x0 c:/program files (x86)/atmel/avr tools/avr toolchain/bin/../lib/gcc/avr/4.5.1/avr51\libgcc.a(_exit.o)
                0x000051dc                _exit
                0x000051dc                exit
 *(.fini9)
 *(.fini8)
 *(.fini8)
 *(.fini7)
 *(.fini7)
 *(.fini6)
 *(.fini6)
 *(.fini5)
 *(.fini5)
 *(.fini4)
 *(.fini4)
 *(.fini3)
 *(.fini3)
 *(.fini2)
 *(.fini2)
 *(.fini1)
 *(.fini1)
 *(.fini0)
 .fini0         0x000051dc        0x4 c:/program files (x86)/atmel/avr tools/avr toolchain/bin/../lib/gcc/avr/4.5.1/avr51\libgcc.a(_exit.o)
 *(.fini0)
                0x000051e0                _etext = .

.data           0x00800100      0x14a load address 0x000051e0
                0x00800100                PROVIDE (__data_start, .)
 *(.data)
 .data          0x00800100       0x13 Stabily.o
                0x00800100                DigitalCamera_SI_Interface
 .data          0x00800113       0x10 ../LUFA-111009/LUFA/Drivers/USB/Core/AVR8/Host_AVR8.o
 .data          0x00800123        0x1 ../LUFA-111009/LUFA/Drivers/USB/Core/AVR8/Pipe_AVR8.o
                0x00800123                USB_Host_ControlPipeSize
 .data          0x00800124      0x125 Stabily_Shell.o
                0x008001b9                g_EchoOnOff
 *(.data*)
 *(.rodata)
 *(.rodata*)
 *(.gnu.linkonce.d*)
                0x0080024a                . = ALIGN (0x2)
 *fill*         0x00800249        0x1 00
                0x0080024a                _edata = .
                0x0080024a                PROVIDE (__data_end, .)

.bss            0x0080024a      0x2b9
                0x0080024a                PROVIDE (__bss_start, .)
 *(.bss)
 .bss           0x0080024a        0x3 ../LUFA-111009/LUFA/Drivers/USB/Core/AVR8/Host_AVR8.o
 .bss           0x0080024d        0x1 CameraControl_General.o
                0x0080024d                g_bQuiteMode
 .bss           0x0080024e       0x98 CameraControl_DeviceInfo.o
                0x0080024e                g_nStage
                0x0080024f                g_iDataIsValid
                0x00800250                g_stDeviceInfo
 .bss           0x008002e6        0x1 CameraControl_StorageInfo.o
                0x008002e6                g_iNumOfStorages
 .bss           0x008002e7      0x103 Stabily_Shell.o
                0x008002e7                g_leftDataToGet
 .bss           0x008003ea        0x2 c:/program files (x86)/atmel/avr tools/avr toolchain/bin/../lib/gcc/avr/4.5.1/../../../../avr/lib/avr51\libc.a(strtok.o)
 *(.bss*)
 *(COMMON)
 COMMON         0x008003ec        0x1 ../LUFA-111009/LUFA/Drivers/USB/Core/HostStandardReq.o
                0x008003ec                USB_Host_ConfigurationNumber
 COMMON         0x008003ed        0xa ../LUFA-111009/LUFA/Drivers/USB/Core/USBTask.o
                0x008003ed                USB_IsInitialized
                0x008003ee                USB_ControlRequest
                0x008003f6                USB_HostState
 COMMON         0x008003f7        0xe ../LUFA-111009/LUFA/Drivers/Peripheral/AVR8/Serial_AVR8.o
                0x008003f7                USARTSerialStream
 COMMON         0x00800405       0xf8 CameraControl_StorageInfo.o
                0x00800405                g_aiStorageIDs
                0x00800415                g_astStorageInfo
 COMMON         0x008004fd        0x6 c:/program files (x86)/atmel/avr tools/avr toolchain/bin/../lib/gcc/avr/4.5.1/../../../../avr/lib/avr51\libc.a(iob.o)
                0x008004fd                __iob
                0x00800503                PROVIDE (__bss_end, .)
                0x000051e0                __data_load_start = LOADADDR (.data)
                0x0000532a                __data_load_end = (__data_load_start + SIZEOF (.data))

.noinit         0x00800503        0x0
                0x00800503                PROVIDE (__noinit_start, .)
 *(.noinit*)
                0x00800503                PROVIDE (__noinit_end, .)
                0x00800503                _end = .
                0x00800503                PROVIDE (__heap_start, .)

.eeprom         0x00810000        0x0
 *(.eeprom*)
                0x00810000                __eeprom_end = .

.fuse
 *(.fuse)
 *(.lfuse)
 *(.hfuse)
 *(.efuse)

.lock
 *(.lock*)

.signature
 *(.signature*)

.stab           0x00000000     0x1608
 *(.stab)
 .stab          0x00000000      0x6cc c:/program files (x86)/atmel/avr tools/avr toolchain/bin/../lib/gcc/avr/4.5.1/../../../../avr/lib/avr51/crtusb1286.o
 .stab          0x000006cc      0x174 c:/program files (x86)/atmel/avr tools/avr toolchain/bin/../lib/gcc/avr/4.5.1/../../../../avr/lib/avr51\libc.a(atoi.o)
                                0x180 (size before relaxing)
 .stab          0x00000840       0x84 c:/program files (x86)/atmel/avr tools/avr toolchain/bin/../lib/gcc/avr/4.5.1/../../../../avr/lib/avr51\libc.a(memcpy.o)
                                 0x90 (size before relaxing)
 .stab          0x000008c4       0xe4 c:/program files (x86)/atmel/avr tools/avr toolchain/bin/../lib/gcc/avr/4.5.1/../../../../avr/lib/avr51\libc.a(memmove.o)
                                 0xf0 (size before relaxing)
 .stab          0x000009a8       0x84 c:/program files (x86)/atmel/avr tools/avr toolchain/bin/../lib/gcc/avr/4.5.1/../../../../avr/lib/avr51\libc.a(strcmp.o)
                                 0x90 (size before relaxing)
 .stab          0x00000a2c       0x6c c:/program files (x86)/atmel/avr tools/avr toolchain/bin/../lib/gcc/avr/4.5.1/../../../../avr/lib/avr51\libc.a(strcpy.o)
                                 0x78 (size before relaxing)
 .stab          0x00000a98      0x204 c:/program files (x86)/atmel/avr tools/avr toolchain/bin/../lib/gcc/avr/4.5.1/../../../../avr/lib/avr51\libc.a(strtok_r.o)
                                0x210 (size before relaxing)
 .stab          0x00000c9c       0x78 c:/program files (x86)/atmel/avr tools/avr toolchain/bin/../lib/gcc/avr/4.5.1/../../../../avr/lib/avr51\libc.a(mul10.o)
                                 0x84 (size before relaxing)
 .stab          0x00000d14       0x90 c:/program files (x86)/atmel/avr tools/avr toolchain/bin/../lib/gcc/avr/4.5.1/../../../../avr/lib/avr51\libc.a(eerd_byte_at90usb1287.o)
                                 0x9c (size before relaxing)
 .stab          0x00000da4      0x114 c:/program files (x86)/atmel/avr tools/avr toolchain/bin/../lib/gcc/avr/4.5.1/../../../../avr/lib/avr51\libc.a(eeupd_byte_at90usb1287.o)
                                0x120 (size before relaxing)
 .stab          0x00000eb8       0x9c c:/program files (x86)/atmel/avr tools/avr toolchain/bin/../lib/gcc/avr/4.5.1/../../../../avr/lib/avr51\libc.a(isspace.o)
                                 0xa8 (size before relaxing)
 .stab          0x00000f54       0x9c c:/program files (x86)/atmel/avr tools/avr toolchain/bin/../lib/gcc/avr/4.5.1/../../../../avr/lib/avr51\libc.a(strchr_P.o)
                                 0xa8 (size before relaxing)
 .stab          0x00000ff0       0x9c c:/program files (x86)/atmel/avr tools/avr toolchain/bin/../lib/gcc/avr/4.5.1/../../../../avr/lib/avr51\libc.a(strnlen_P.o)
                                 0xa8 (size before relaxing)
 .stab          0x0000108c       0x9c c:/program files (x86)/atmel/avr tools/avr toolchain/bin/../lib/gcc/avr/4.5.1/../../../../avr/lib/avr51\libc.a(strnlen.o)
                                 0xa8 (size before relaxing)
 .stab          0x00001128      0x480 c:/program files (x86)/atmel/avr tools/avr toolchain/bin/../lib/gcc/avr/4.5.1/../../../../avr/lib/avr51\libc.a(ultoa_invert.o)
                                0x48c (size before relaxing)
 .stab          0x000015a8       0x60 c:/program files (x86)/atmel/avr tools/avr toolchain/bin/../lib/gcc/avr/4.5.1/../../../../avr/lib/avr51\libc.a(cty_isfalse.o)
                                 0x6c (size before relaxing)

.stabstr        0x00000000      0x61e
 *(.stabstr)
 .stabstr       0x00000000      0x61e c:/program files (x86)/atmel/avr tools/avr toolchain/bin/../lib/gcc/avr/4.5.1/../../../../avr/lib/avr51/crtusb1286.o

.stab.excl
 *(.stab.excl)

.stab.exclstr
 *(.stab.exclstr)

.stab.index
 *(.stab.index)

.stab.indexstr
 *(.stab.indexstr)

.comment
 *(.comment)

.debug
 *(.debug)

.line
 *(.line)

.debug_srcinfo
 *(.debug_srcinfo)

.debug_sfnames
 *(.debug_sfnames)

.debug_aranges  0x00000000      0xa40
 *(.debug_aranges)
 .debug_aranges
                0x00000000       0x28 Stabily.o
 .debug_aranges
                0x00000028       0x30 ../LUFA-111009/LUFA/Drivers/USB/Core/AVR8/Host_AVR8.o
 .debug_aranges
                0x00000058       0x38 ../LUFA-111009/LUFA/Drivers/USB/Core/AVR8/Pipe_AVR8.o
 .debug_aranges
                0x00000090       0x30 ../LUFA-111009/LUFA/Drivers/USB/Core/AVR8/USBController_AVR8.o
 .debug_aranges
                0x000000c0       0x30 ../LUFA-111009/LUFA/Drivers/USB/Core/AVR8/USBInterrupt_AVR8.o
 .debug_aranges
                0x000000f0       0x78 ../LUFA-111009/LUFA/Drivers/USB/Core/AVR8/PipeStream_AVR8.o
 .debug_aranges
                0x00000168       0x40 ../LUFA-111009/LUFA/Drivers/USB/Core/ConfigDescriptor.o
 .debug_aranges
                0x000001a8       0x20 ../LUFA-111009/LUFA/Drivers/USB/Core/Events.o
 .debug_aranges
                0x000001c8       0x58 ../LUFA-111009/LUFA/Drivers/USB/Core/HostStandardReq.o
 .debug_aranges
                0x00000220       0x20 ../LUFA-111009/LUFA/Drivers/USB/Core/USBTask.o
 .debug_aranges
                0x00000240       0x38 ../LUFA-111009/LUFA/Drivers/USB/Class/Common/HIDParser.o
 .debug_aranges
                0x00000278       0x48 ../LUFA-111009/LUFA/Drivers/USB/Class/Host/Audio.o
 .debug_aranges
                0x000002c0       0xb8 ../LUFA-111009/LUFA/Drivers/USB/Class/Host/CDC.o
 .debug_aranges
                0x00000378       0x70 ../LUFA-111009/LUFA/Drivers/USB/Class/Host/HID.o
 .debug_aranges
                0x000003e8       0x90 ../LUFA-111009/LUFA/Drivers/USB/Class/Host/MassStorage.o
 .debug_aranges
                0x00000478       0x50 ../LUFA-111009/LUFA/Drivers/USB/Class/Host/MIDI.o
 .debug_aranges
                0x000004c8       0x88 ../LUFA-111009/LUFA/Drivers/USB/Class/Host/Printer.o
 .debug_aranges
                0x00000550       0x80 ../LUFA-111009/LUFA/Drivers/USB/Class/Host/RNDIS.o
 .debug_aranges
                0x000005d0       0x80 ../LUFA-111009/LUFA/Drivers/USB/Class/Host/StillImage.o
 .debug_aranges
                0x00000650       0x48 ../LUFA-111009/LUFA/Drivers/Peripheral/AVR8/Serial_AVR8.o
 .debug_aranges
                0x00000698       0x40 CameraControl_USBEvents.o
 .debug_aranges
                0x000006d8       0x58 CameraControl_General.o
 .debug_aranges
                0x00000730       0x50 CameraControl_DeviceInfo.o
 .debug_aranges
                0x00000780       0x38 CameraControl_StorageInfo.o
 .debug_aranges
                0x000007b8       0x28 CameraControl_DeviceOperation.o
 .debug_aranges
                0x000007e0       0x20 CameraControl_DeviceEvents.o
 .debug_aranges
                0x00000800       0x78 Stabily_Shell.o
 .debug_aranges
                0x00000878       0x20 c:/program files (x86)/atmel/avr tools/avr toolchain/bin/../lib/gcc/avr/4.5.1/avr51\libgcc.a(_lshrdi3.o)
 .debug_aranges
                0x00000898       0x20 c:/program files (x86)/atmel/avr tools/avr toolchain/bin/../lib/gcc/avr/4.5.1/avr51\libgcc.a(_ashldi3.o)
 .debug_aranges
                0x000008b8       0x20 c:/program files (x86)/atmel/avr tools/avr toolchain/bin/../lib/gcc/avr/4.5.1/../../../../avr/lib/avr51\libc.a(strtok.o)
 .debug_aranges
                0x000008d8       0x20 c:/program files (x86)/atmel/avr tools/avr toolchain/bin/../lib/gcc/avr/4.5.1/../../../../avr/lib/avr51\libc.a(fputc.o)
 .debug_aranges
                0x000008f8       0x20 c:/program files (x86)/atmel/avr tools/avr toolchain/bin/../lib/gcc/avr/4.5.1/../../../../avr/lib/avr51\libc.a(printf.o)
 .debug_aranges
                0x00000918       0x20 c:/program files (x86)/atmel/avr tools/avr toolchain/bin/../lib/gcc/avr/4.5.1/../../../../avr/lib/avr51\libc.a(printf_p.o)
 .debug_aranges
                0x00000938       0x20 c:/program files (x86)/atmel/avr tools/avr toolchain/bin/../lib/gcc/avr/4.5.1/../../../../avr/lib/avr51\libc.a(puts.o)
 .debug_aranges
                0x00000958       0x20 c:/program files (x86)/atmel/avr tools/avr toolchain/bin/../lib/gcc/avr/4.5.1/../../../../avr/lib/avr51\libc.a(puts_p.o)
 .debug_aranges
                0x00000978       0x20 c:/program files (x86)/atmel/avr tools/avr toolchain/bin/../lib/gcc/avr/4.5.1/../../../../avr/lib/avr51\libc.a(sscanf.o)
 .debug_aranges
                0x00000998       0x20 c:/program files (x86)/atmel/avr tools/avr toolchain/bin/../lib/gcc/avr/4.5.1/../../../../avr/lib/avr51\libc.a(vfprintf_std.o)
 .debug_aranges
                0x000009b8       0x48 c:/program files (x86)/atmel/avr tools/avr toolchain/bin/../lib/gcc/avr/4.5.1/../../../../avr/lib/avr51\libc.a(vfscanf_std.o)
 .debug_aranges
                0x00000a00       0x20 c:/program files (x86)/atmel/avr tools/avr toolchain/bin/../lib/gcc/avr/4.5.1/../../../../avr/lib/avr51\libc.a(fgetc.o)
 .debug_aranges
                0x00000a20       0x20 c:/program files (x86)/atmel/avr tools/avr toolchain/bin/../lib/gcc/avr/4.5.1/../../../../avr/lib/avr51\libc.a(ungetc.o)

.debug_pubnames
                0x00000000     0x1674
 *(.debug_pubnames)
 .debug_pubnames
                0x00000000       0x54 Stabily.o
 .debug_pubnames
                0x00000054       0x48 ../LUFA-111009/LUFA/Drivers/USB/Core/AVR8/Host_AVR8.o
 .debug_pubnames
                0x0000009c       0x8b ../LUFA-111009/LUFA/Drivers/USB/Core/AVR8/Pipe_AVR8.o
 .debug_pubnames
                0x00000127       0x46 ../LUFA-111009/LUFA/Drivers/USB/Core/AVR8/USBController_AVR8.o
 .debug_pubnames
                0x0000016d       0x62 ../LUFA-111009/LUFA/Drivers/USB/Core/AVR8/USBInterrupt_AVR8.o
 .debug_pubnames
                0x000001cf      0x13b ../LUFA-111009/LUFA/Drivers/USB/Core/AVR8/PipeStream_AVR8.o
 .debug_pubnames
                0x0000030a       0xc2 ../LUFA-111009/LUFA/Drivers/USB/Core/ConfigDescriptor.o
 .debug_pubnames
                0x000003cc       0x25 ../LUFA-111009/LUFA/Drivers/USB/Core/Events.o
 .debug_pubnames
                0x000003f1      0x120 ../LUFA-111009/LUFA/Drivers/USB/Core/HostStandardReq.o
 .debug_pubnames
                0x00000511       0x61 ../LUFA-111009/LUFA/Drivers/USB/Core/USBTask.o
 .debug_pubnames
                0x00000572       0x7e ../LUFA-111009/LUFA/Drivers/USB/Class/Common/HIDParser.o
 .debug_pubnames
                0x000005f0       0x78 ../LUFA-111009/LUFA/Drivers/USB/Class/Host/Audio.o
 .debug_pubnames
                0x00000668      0x17e ../LUFA-111009/LUFA/Drivers/USB/Class/Host/CDC.o
 .debug_pubnames
                0x000007e6       0xf9 ../LUFA-111009/LUFA/Drivers/USB/Class/Host/HID.o
 .debug_pubnames
                0x000008df      0x12e ../LUFA-111009/LUFA/Drivers/USB/Class/Host/MassStorage.o
 .debug_pubnames
                0x00000a0d       0x98 ../LUFA-111009/LUFA/Drivers/USB/Class/Host/MIDI.o
 .debug_pubnames
                0x00000aa5      0x147 ../LUFA-111009/LUFA/Drivers/USB/Class/Host/Printer.o
 .debug_pubnames
                0x00000bec      0x103 ../LUFA-111009/LUFA/Drivers/USB/Class/Host/RNDIS.o
 .debug_pubnames
                0x00000cef      0x132 ../LUFA-111009/LUFA/Drivers/USB/Class/Host/StillImage.o
 .debug_pubnames
                0x00000e21       0xac ../LUFA-111009/LUFA/Drivers/Peripheral/AVR8/Serial_AVR8.o
 .debug_pubnames
                0x00000ecd       0xcd CameraControl_USBEvents.o
 .debug_pubnames
                0x00000f9a      0x134 CameraControl_General.o
 .debug_pubnames
                0x000010ce      0x153 CameraControl_DeviceInfo.o
 .debug_pubnames
                0x00001221       0xd6 CameraControl_StorageInfo.o
 .debug_pubnames
                0x000012f7       0x6e CameraControl_DeviceOperation.o
 .debug_pubnames
                0x00001365       0x3c CameraControl_DeviceEvents.o
 .debug_pubnames
                0x000013a1      0x137 Stabily_Shell.o
 .debug_pubnames
                0x000014d8       0x20 c:/program files (x86)/atmel/avr tools/avr toolchain/bin/../lib/gcc/avr/4.5.1/avr51\libgcc.a(_lshrdi3.o)
 .debug_pubnames
                0x000014f8       0x20 c:/program files (x86)/atmel/avr tools/avr toolchain/bin/../lib/gcc/avr/4.5.1/avr51\libgcc.a(_ashldi3.o)
 .debug_pubnames
                0x00001518       0x1d c:/program files (x86)/atmel/avr tools/avr toolchain/bin/../lib/gcc/avr/4.5.1/../../../../avr/lib/avr51\libc.a(strtok.o)
 .debug_pubnames
                0x00001535       0x1c c:/program files (x86)/atmel/avr tools/avr toolchain/bin/../lib/gcc/avr/4.5.1/../../../../avr/lib/avr51\libc.a(fputc.o)
 .debug_pubnames
                0x00001551       0x1c c:/program files (x86)/atmel/avr tools/avr toolchain/bin/../lib/gcc/avr/4.5.1/../../../../avr/lib/avr51\libc.a(iob.o)
 .debug_pubnames
                0x0000156d       0x1d c:/program files (x86)/atmel/avr tools/avr toolchain/bin/../lib/gcc/avr/4.5.1/../../../../avr/lib/avr51\libc.a(printf.o)
 .debug_pubnames
                0x0000158a       0x1f c:/program files (x86)/atmel/avr tools/avr toolchain/bin/../lib/gcc/avr/4.5.1/../../../../avr/lib/avr51\libc.a(printf_p.o)
 .debug_pubnames
                0x000015a9       0x1b c:/program files (x86)/atmel/avr tools/avr toolchain/bin/../lib/gcc/avr/4.5.1/../../../../avr/lib/avr51\libc.a(puts.o)
 .debug_pubnames
                0x000015c4       0x1d c:/program files (x86)/atmel/avr tools/avr toolchain/bin/../lib/gcc/avr/4.5.1/../../../../avr/lib/avr51\libc.a(puts_p.o)
 .debug_pubnames
                0x000015e1       0x1d c:/program files (x86)/atmel/avr tools/avr toolchain/bin/../lib/gcc/avr/4.5.1/../../../../avr/lib/avr51\libc.a(sscanf.o)
 .debug_pubnames
                0x000015fe       0x1f c:/program files (x86)/atmel/avr tools/avr toolchain/bin/../lib/gcc/avr/4.5.1/../../../../avr/lib/avr51\libc.a(vfprintf_std.o)
 .debug_pubnames
                0x0000161d       0x1e c:/program files (x86)/atmel/avr tools/avr toolchain/bin/../lib/gcc/avr/4.5.1/../../../../avr/lib/avr51\libc.a(vfscanf_std.o)
 .debug_pubnames
                0x0000163b       0x1c c:/program files (x86)/atmel/avr tools/avr toolchain/bin/../lib/gcc/avr/4.5.1/../../../../avr/lib/avr51\libc.a(fgetc.o)
 .debug_pubnames
                0x00001657       0x1d c:/program files (x86)/atmel/avr tools/avr toolchain/bin/../lib/gcc/avr/4.5.1/../../../../avr/lib/avr51\libc.a(ungetc.o)

.debug_info     0x00000000    0x11735
 *(.debug_info)
 .debug_info    0x00000000      0x499 Stabily.o
 .debug_info    0x00000499        0x0 ../LUFA-111009/LUFA/Drivers/USB/Core/AVR8/Device_AVR8.o
 .debug_info    0x00000499        0x0 ../LUFA-111009/LUFA/Drivers/USB/Core/AVR8/Endpoint_AVR8.o
 .debug_info    0x00000499      0xa57 ../LUFA-111009/LUFA/Drivers/USB/Core/AVR8/Host_AVR8.o
 .debug_info    0x00000ef0      0x56b ../LUFA-111009/LUFA/Drivers/USB/Core/AVR8/Pipe_AVR8.o
 .debug_info    0x0000145b      0x3f1 ../LUFA-111009/LUFA/Drivers/USB/Core/AVR8/USBController_AVR8.o
 .debug_info    0x0000184c      0x489 ../LUFA-111009/LUFA/Drivers/USB/Core/AVR8/USBInterrupt_AVR8.o
 .debug_info    0x00001cd5        0x0 ../LUFA-111009/LUFA/Drivers/USB/Core/AVR8/EndpointStream_AVR8.o
 .debug_info    0x00001cd5      0xac6 ../LUFA-111009/LUFA/Drivers/USB/Core/AVR8/PipeStream_AVR8.o
 .debug_info    0x0000279b      0x63f ../LUFA-111009/LUFA/Drivers/USB/Core/ConfigDescriptor.o
 .debug_info    0x00002dda        0x0 ../LUFA-111009/LUFA/Drivers/USB/Core/DeviceStandardReq.o
 .debug_info    0x00002dda       0x85 ../LUFA-111009/LUFA/Drivers/USB/Core/Events.o
 .debug_info    0x00002e5f      0x914 ../LUFA-111009/LUFA/Drivers/USB/Core/HostStandardReq.o
 .debug_info    0x00003773      0x1e8 ../LUFA-111009/LUFA/Drivers/USB/Core/USBTask.o
 .debug_info    0x0000395b      0x6f9 ../LUFA-111009/LUFA/Drivers/USB/Class/Common/HIDParser.o
 .debug_info    0x00004054        0x0 ../LUFA-111009/LUFA/Drivers/USB/Class/Device/Audio.o
 .debug_info    0x00004054        0x0 ../LUFA-111009/LUFA/Drivers/USB/Class/Device/CDC.o
 .debug_info    0x00004054        0x0 ../LUFA-111009/LUFA/Drivers/USB/Class/Device/HID.o
 .debug_info    0x00004054        0x0 ../LUFA-111009/LUFA/Drivers/USB/Class/Device/MassStorage.o
 .debug_info    0x00004054        0x0 ../LUFA-111009/LUFA/Drivers/USB/Class/Device/MIDI.o
 .debug_info    0x00004054        0x0 ../LUFA-111009/LUFA/Drivers/USB/Class/Device/RNDIS.o
 .debug_info    0x00004054      0x799 ../LUFA-111009/LUFA/Drivers/USB/Class/Host/Audio.o
 .debug_info    0x000047ed     0x10a0 ../LUFA-111009/LUFA/Drivers/USB/Class/Host/CDC.o
 .debug_info    0x0000588d     0x101c ../LUFA-111009/LUFA/Drivers/USB/Class/Host/HID.o
 .debug_info    0x000068a9     0x14db ../LUFA-111009/LUFA/Drivers/USB/Class/Host/MassStorage.o
 .debug_info    0x00007d84      0x875 ../LUFA-111009/LUFA/Drivers/USB/Class/Host/MIDI.o
 .debug_info    0x000085f9      0xdd5 ../LUFA-111009/LUFA/Drivers/USB/Class/Host/Printer.o
 .debug_info    0x000093ce     0x1228 ../LUFA-111009/LUFA/Drivers/USB/Class/Host/RNDIS.o
 .debug_info    0x0000a5f6      0xddd ../LUFA-111009/LUFA/Drivers/USB/Class/Host/StillImage.o
 .debug_info    0x0000b3d3      0x413 ../LUFA-111009/LUFA/Drivers/Peripheral/AVR8/Serial_AVR8.o
 .debug_info    0x0000b7e6      0x44f CameraControl_USBEvents.o
 .debug_info    0x0000bc35      0x8b8 CameraControl_General.o
 .debug_info    0x0000c4ed     0x1220 CameraControl_DeviceInfo.o
 .debug_info    0x0000d70d      0x8fa CameraControl_StorageInfo.o
 .debug_info    0x0000e007      0xdf3 CameraControl_DeviceOperation.o
 .debug_info    0x0000edfa      0x535 CameraControl_DeviceEvents.o
 .debug_info    0x0000f32f      0x920 Stabily_Shell.o
 .debug_info    0x0000fc4f      0x184 c:/program files (x86)/atmel/avr tools/avr toolchain/bin/../lib/gcc/avr/4.5.1/avr51\libgcc.a(_lshrdi3.o)
 .debug_info    0x0000fdd3      0x184 c:/program files (x86)/atmel/avr tools/avr toolchain/bin/../lib/gcc/avr/4.5.1/avr51\libgcc.a(_ashldi3.o)
 .debug_info    0x0000ff57       0x8e c:/program files (x86)/atmel/avr tools/avr toolchain/bin/../lib/gcc/avr/4.5.1/../../../../avr/lib/avr51\libc.a(strtok.o)
 .debug_info    0x0000ffe5      0x167 c:/program files (x86)/atmel/avr tools/avr toolchain/bin/../lib/gcc/avr/4.5.1/../../../../avr/lib/avr51\libc.a(fputc.o)
 .debug_info    0x0001014c      0x14f c:/program files (x86)/atmel/avr tools/avr toolchain/bin/../lib/gcc/avr/4.5.1/../../../../avr/lib/avr51\libc.a(iob.o)
 .debug_info    0x0001029b      0x1c6 c:/program files (x86)/atmel/avr tools/avr toolchain/bin/../lib/gcc/avr/4.5.1/../../../../avr/lib/avr51\libc.a(printf.o)
 .debug_info    0x00010461      0x1c6 c:/program files (x86)/atmel/avr tools/avr toolchain/bin/../lib/gcc/avr/4.5.1/../../../../avr/lib/avr51\libc.a(printf_p.o)
 .debug_info    0x00010627      0x1ab c:/program files (x86)/atmel/avr tools/avr toolchain/bin/../lib/gcc/avr/4.5.1/../../../../avr/lib/avr51\libc.a(puts.o)
 .debug_info    0x000107d2      0x1ec c:/program files (x86)/atmel/avr tools/avr toolchain/bin/../lib/gcc/avr/4.5.1/../../../../avr/lib/avr51\libc.a(puts_p.o)
 .debug_info    0x000109be      0x1b7 c:/program files (x86)/atmel/avr tools/avr toolchain/bin/../lib/gcc/avr/4.5.1/../../../../avr/lib/avr51\libc.a(sscanf.o)
 .debug_info    0x00010b75      0x350 c:/program files (x86)/atmel/avr tools/avr toolchain/bin/../lib/gcc/avr/4.5.1/../../../../avr/lib/avr51\libc.a(vfprintf_std.o)
 .debug_info    0x00010ec5      0x59e c:/program files (x86)/atmel/avr tools/avr toolchain/bin/../lib/gcc/avr/4.5.1/../../../../avr/lib/avr51\libc.a(vfscanf_std.o)
 .debug_info    0x00011463      0x168 c:/program files (x86)/atmel/avr tools/avr toolchain/bin/../lib/gcc/avr/4.5.1/../../../../avr/lib/avr51\libc.a(fgetc.o)
 .debug_info    0x000115cb      0x16a c:/program files (x86)/atmel/avr tools/avr toolchain/bin/../lib/gcc/avr/4.5.1/../../../../avr/lib/avr51\libc.a(ungetc.o)
 *(.gnu.linkonce.wi.*)

.debug_abbrev   0x00000000     0x42d6
 *(.debug_abbrev)
 .debug_abbrev  0x00000000      0x23d Stabily.o
 .debug_abbrev  0x0000023d        0x1 ../LUFA-111009/LUFA/Drivers/USB/Core/AVR8/Device_AVR8.o
 .debug_abbrev  0x0000023e        0x1 ../LUFA-111009/LUFA/Drivers/USB/Core/AVR8/Endpoint_AVR8.o
 .debug_abbrev  0x0000023f      0x2c7 ../LUFA-111009/LUFA/Drivers/USB/Core/AVR8/Host_AVR8.o
 .debug_abbrev  0x00000506      0x1e8 ../LUFA-111009/LUFA/Drivers/USB/Core/AVR8/Pipe_AVR8.o
 .debug_abbrev  0x000006ee      0x13d ../LUFA-111009/LUFA/Drivers/USB/Core/AVR8/USBController_AVR8.o
 .debug_abbrev  0x0000082b      0x12a ../LUFA-111009/LUFA/Drivers/USB/Core/AVR8/USBInterrupt_AVR8.o
 .debug_abbrev  0x00000955        0x1 ../LUFA-111009/LUFA/Drivers/USB/Core/AVR8/EndpointStream_AVR8.o
 .debug_abbrev  0x00000956      0x164 ../LUFA-111009/LUFA/Drivers/USB/Core/AVR8/PipeStream_AVR8.o
 .debug_abbrev  0x00000aba      0x1ca ../LUFA-111009/LUFA/Drivers/USB/Core/ConfigDescriptor.o
 .debug_abbrev  0x00000c84        0x1 ../LUFA-111009/LUFA/Drivers/USB/Core/DeviceStandardReq.o
 .debug_abbrev  0x00000c85       0x41 ../LUFA-111009/LUFA/Drivers/USB/Core/Events.o
 .debug_abbrev  0x00000cc6      0x24c ../LUFA-111009/LUFA/Drivers/USB/Core/HostStandardReq.o
 .debug_abbrev  0x00000f12      0x11a ../LUFA-111009/LUFA/Drivers/USB/Core/USBTask.o
 .debug_abbrev  0x0000102c      0x1ec ../LUFA-111009/LUFA/Drivers/USB/Class/Common/HIDParser.o
 .debug_abbrev  0x00001218        0x1 ../LUFA-111009/LUFA/Drivers/USB/Class/Device/Audio.o
 .debug_abbrev  0x00001219        0x1 ../LUFA-111009/LUFA/Drivers/USB/Class/Device/CDC.o
 .debug_abbrev  0x0000121a        0x1 ../LUFA-111009/LUFA/Drivers/USB/Class/Device/HID.o
 .debug_abbrev  0x0000121b        0x1 ../LUFA-111009/LUFA/Drivers/USB/Class/Device/MassStorage.o
 .debug_abbrev  0x0000121c        0x1 ../LUFA-111009/LUFA/Drivers/USB/Class/Device/MIDI.o
 .debug_abbrev  0x0000121d        0x1 ../LUFA-111009/LUFA/Drivers/USB/Class/Device/RNDIS.o
 .debug_abbrev  0x0000121e      0x1b1 ../LUFA-111009/LUFA/Drivers/USB/Class/Host/Audio.o
 .debug_abbrev  0x000013cf      0x311 ../LUFA-111009/LUFA/Drivers/USB/Class/Host/CDC.o
 .debug_abbrev  0x000016e0      0x2be ../LUFA-111009/LUFA/Drivers/USB/Class/Host/HID.o
 .debug_abbrev  0x0000199e      0x2ce ../LUFA-111009/LUFA/Drivers/USB/Class/Host/MassStorage.o
 .debug_abbrev  0x00001c6c      0x1d0 ../LUFA-111009/LUFA/Drivers/USB/Class/Host/MIDI.o
 .debug_abbrev  0x00001e3c      0x2b9 ../LUFA-111009/LUFA/Drivers/USB/Class/Host/Printer.o
 .debug_abbrev  0x000020f5      0x277 ../LUFA-111009/LUFA/Drivers/USB/Class/Host/RNDIS.o
 .debug_abbrev  0x0000236c      0x263 ../LUFA-111009/LUFA/Drivers/USB/Class/Host/StillImage.o
 .debug_abbrev  0x000025cf      0x1d1 ../LUFA-111009/LUFA/Drivers/Peripheral/AVR8/Serial_AVR8.o
 .debug_abbrev  0x000027a0      0x15c CameraControl_USBEvents.o
 .debug_abbrev  0x000028fc      0x18d CameraControl_General.o
 .debug_abbrev  0x00002a89      0x23f CameraControl_DeviceInfo.o
 .debug_abbrev  0x00002cc8      0x1da CameraControl_StorageInfo.o
 .debug_abbrev  0x00002ea2      0x1ea CameraControl_DeviceOperation.o
 .debug_abbrev  0x0000308c      0x186 CameraControl_DeviceEvents.o
 .debug_abbrev  0x00003212      0x27d Stabily_Shell.o
 .debug_abbrev  0x0000348f       0xf0 c:/program files (x86)/atmel/avr tools/avr toolchain/bin/../lib/gcc/avr/4.5.1/avr51\libgcc.a(_lshrdi3.o)
 .debug_abbrev  0x0000357f       0xf0 c:/program files (x86)/atmel/avr tools/avr toolchain/bin/../lib/gcc/avr/4.5.1/avr51\libgcc.a(_ashldi3.o)
 .debug_abbrev  0x0000366f       0x75 c:/program files (x86)/atmel/avr tools/avr toolchain/bin/../lib/gcc/avr/4.5.1/../../../../avr/lib/avr51\libc.a(strtok.o)
 .debug_abbrev  0x000036e4       0xd9 c:/program files (x86)/atmel/avr tools/avr toolchain/bin/../lib/gcc/avr/4.5.1/../../../../avr/lib/avr51\libc.a(fputc.o)
 .debug_abbrev  0x000037bd       0xc5 c:/program files (x86)/atmel/avr tools/avr toolchain/bin/../lib/gcc/avr/4.5.1/../../../../avr/lib/avr51\libc.a(iob.o)
 .debug_abbrev  0x00003882      0x11c c:/program files (x86)/atmel/avr tools/avr toolchain/bin/../lib/gcc/avr/4.5.1/../../../../avr/lib/avr51\libc.a(printf.o)
 .debug_abbrev  0x0000399e      0x11c c:/program files (x86)/atmel/avr tools/avr toolchain/bin/../lib/gcc/avr/4.5.1/../../../../avr/lib/avr51\libc.a(printf_p.o)
 .debug_abbrev  0x00003aba      0x101 c:/program files (x86)/atmel/avr tools/avr toolchain/bin/../lib/gcc/avr/4.5.1/../../../../avr/lib/avr51\libc.a(puts.o)
 .debug_abbrev  0x00003bbb      0x119 c:/program files (x86)/atmel/avr tools/avr toolchain/bin/../lib/gcc/avr/4.5.1/../../../../avr/lib/avr51\libc.a(puts_p.o)
 .debug_abbrev  0x00003cd4       0xfd c:/program files (x86)/atmel/avr tools/avr toolchain/bin/../lib/gcc/avr/4.5.1/../../../../avr/lib/avr51\libc.a(sscanf.o)
 .debug_abbrev  0x00003dd1      0x15f c:/program files (x86)/atmel/avr tools/avr toolchain/bin/../lib/gcc/avr/4.5.1/../../../../avr/lib/avr51\libc.a(vfprintf_std.o)
 .debug_abbrev  0x00003f30      0x1f4 c:/program files (x86)/atmel/avr tools/avr toolchain/bin/../lib/gcc/avr/4.5.1/../../../../avr/lib/avr51\libc.a(vfscanf_std.o)
 .debug_abbrev  0x00004124       0xd9 c:/program files (x86)/atmel/avr tools/avr toolchain/bin/../lib/gcc/avr/4.5.1/../../../../avr/lib/avr51\libc.a(fgetc.o)
 .debug_abbrev  0x000041fd       0xd9 c:/program files (x86)/atmel/avr tools/avr toolchain/bin/../lib/gcc/avr/4.5.1/../../../../avr/lib/avr51\libc.a(ungetc.o)

.debug_line     0x00000000     0xd232
 *(.debug_line)
 .debug_line    0x00000000      0x311 Stabily.o
 .debug_line    0x00000311       0x24 ../LUFA-111009/LUFA/Drivers/USB/Core/AVR8/Device_AVR8.o
 .debug_line    0x00000335       0x24 ../LUFA-111009/LUFA/Drivers/USB/Core/AVR8/Endpoint_AVR8.o
 .debug_line    0x00000359      0x925 ../LUFA-111009/LUFA/Drivers/USB/Core/AVR8/Host_AVR8.o
 .debug_line    0x00000c7e      0x596 ../LUFA-111009/LUFA/Drivers/USB/Core/AVR8/Pipe_AVR8.o
 .debug_line    0x00001214      0x403 ../LUFA-111009/LUFA/Drivers/USB/Core/AVR8/USBController_AVR8.o
 .debug_line    0x00001617      0x454 ../LUFA-111009/LUFA/Drivers/USB/Core/AVR8/USBInterrupt_AVR8.o
 .debug_line    0x00001a6b       0x24 ../LUFA-111009/LUFA/Drivers/USB/Core/AVR8/EndpointStream_AVR8.o
 .debug_line    0x00001a8f      0xce7 ../LUFA-111009/LUFA/Drivers/USB/Core/AVR8/PipeStream_AVR8.o
 .debug_line    0x00002776      0x3d0 ../LUFA-111009/LUFA/Drivers/USB/Core/ConfigDescriptor.o
 .debug_line    0x00002b46       0x24 ../LUFA-111009/LUFA/Drivers/USB/Core/DeviceStandardReq.o
 .debug_line    0x00002b6a       0x89 ../LUFA-111009/LUFA/Drivers/USB/Core/Events.o
 .debug_line    0x00002bf3      0x727 ../LUFA-111009/LUFA/Drivers/USB/Core/HostStandardReq.o
 .debug_line    0x0000331a      0x1d1 ../LUFA-111009/LUFA/Drivers/USB/Core/USBTask.o
 .debug_line    0x000034eb      0x7a2 ../LUFA-111009/LUFA/Drivers/USB/Class/Common/HIDParser.o
 .debug_line    0x00003c8d       0x24 ../LUFA-111009/LUFA/Drivers/USB/Class/Device/Audio.o
 .debug_line    0x00003cb1       0x24 ../LUFA-111009/LUFA/Drivers/USB/Class/Device/CDC.o
 .debug_line    0x00003cd5       0x24 ../LUFA-111009/LUFA/Drivers/USB/Class/Device/HID.o
 .debug_line    0x00003cf9       0x24 ../LUFA-111009/LUFA/Drivers/USB/Class/Device/MassStorage.o
 .debug_line    0x00003d1d       0x24 ../LUFA-111009/LUFA/Drivers/USB/Class/Device/MIDI.o
 .debug_line    0x00003d41       0x24 ../LUFA-111009/LUFA/Drivers/USB/Class/Device/RNDIS.o
 .debug_line    0x00003d65      0x664 ../LUFA-111009/LUFA/Drivers/USB/Class/Host/Audio.o
 .debug_line    0x000043c9      0xc4d ../LUFA-111009/LUFA/Drivers/USB/Class/Host/CDC.o
 .debug_line    0x00005016      0x96c ../LUFA-111009/LUFA/Drivers/USB/Class/Host/HID.o
 .debug_line    0x00005982      0xc59 ../LUFA-111009/LUFA/Drivers/USB/Class/Host/MassStorage.o
 .debug_line    0x000065db      0x70c ../LUFA-111009/LUFA/Drivers/USB/Class/Host/MIDI.o
 .debug_line    0x00006ce7      0xad7 ../LUFA-111009/LUFA/Drivers/USB/Class/Host/Printer.o
 .debug_line    0x000077be      0xb3c ../LUFA-111009/LUFA/Drivers/USB/Class/Host/RNDIS.o
 .debug_line    0x000082fa      0xbd6 ../LUFA-111009/LUFA/Drivers/USB/Class/Host/StillImage.o
 .debug_line    0x00008ed0      0x310 ../LUFA-111009/LUFA/Drivers/Peripheral/AVR8/Serial_AVR8.o
 .debug_line    0x000091e0      0x2e4 CameraControl_USBEvents.o
 .debug_line    0x000094c4      0x60a CameraControl_General.o
 .debug_line    0x00009ace      0x7dc CameraControl_DeviceInfo.o
 .debug_line    0x0000a2aa      0x616 CameraControl_StorageInfo.o
 .debug_line    0x0000a8c0      0x441 CameraControl_DeviceOperation.o
 .debug_line    0x0000ad01      0x35d CameraControl_DeviceEvents.o
 .debug_line    0x0000b05e      0x513 Stabily_Shell.o
 .debug_line    0x0000b571      0x101 c:/program files (x86)/atmel/avr tools/avr toolchain/bin/../lib/gcc/avr/4.5.1/avr51\libgcc.a(_lshrdi3.o)
 .debug_line    0x0000b672      0x101 c:/program files (x86)/atmel/avr tools/avr toolchain/bin/../lib/gcc/avr/4.5.1/avr51\libgcc.a(_ashldi3.o)
 .debug_line    0x0000b773       0xb5 c:/program files (x86)/atmel/avr tools/avr toolchain/bin/../lib/gcc/avr/4.5.1/../../../../avr/lib/avr51\libc.a(strtok.o)
 .debug_line    0x0000b828      0x147 c:/program files (x86)/atmel/avr tools/avr toolchain/bin/../lib/gcc/avr/4.5.1/../../../../avr/lib/avr51\libc.a(fputc.o)
 .debug_line    0x0000b96f       0xeb c:/program files (x86)/atmel/avr tools/avr toolchain/bin/../lib/gcc/avr/4.5.1/../../../../avr/lib/avr51\libc.a(iob.o)
 .debug_line    0x0000ba5a      0x186 c:/program files (x86)/atmel/avr tools/avr toolchain/bin/../lib/gcc/avr/4.5.1/../../../../avr/lib/avr51\libc.a(printf.o)
 .debug_line    0x0000bbe0      0x198 c:/program files (x86)/atmel/avr tools/avr toolchain/bin/../lib/gcc/avr/4.5.1/../../../../avr/lib/avr51\libc.a(printf_p.o)
 .debug_line    0x0000bd78      0x13e c:/program files (x86)/atmel/avr tools/avr toolchain/bin/../lib/gcc/avr/4.5.1/../../../../avr/lib/avr51\libc.a(puts.o)
 .debug_line    0x0000beb6      0x148 c:/program files (x86)/atmel/avr tools/avr toolchain/bin/../lib/gcc/avr/4.5.1/../../../../avr/lib/avr51\libc.a(puts_p.o)
 .debug_line    0x0000bffe      0x19e c:/program files (x86)/atmel/avr tools/avr toolchain/bin/../lib/gcc/avr/4.5.1/../../../../avr/lib/avr51\libc.a(sscanf.o)
 .debug_line    0x0000c19c      0x64d c:/program files (x86)/atmel/avr tools/avr toolchain/bin/../lib/gcc/avr/4.5.1/../../../../avr/lib/avr51\libc.a(vfprintf_std.o)
 .debug_line    0x0000c7e9      0x768 c:/program files (x86)/atmel/avr tools/avr toolchain/bin/../lib/gcc/avr/4.5.1/../../../../avr/lib/avr51\libc.a(vfscanf_std.o)
 .debug_line    0x0000cf51      0x191 c:/program files (x86)/atmel/avr tools/avr toolchain/bin/../lib/gcc/avr/4.5.1/../../../../avr/lib/avr51\libc.a(fgetc.o)
 .debug_line    0x0000d0e2      0x150 c:/program files (x86)/atmel/avr tools/avr toolchain/bin/../lib/gcc/avr/4.5.1/../../../../avr/lib/avr51\libc.a(ungetc.o)

.debug_frame    0x00000000      0xf80
 *(.debug_frame)
 .debug_frame   0x00000000       0x30 Stabily.o
 .debug_frame   0x00000030       0x40 ../LUFA-111009/LUFA/Drivers/USB/Core/AVR8/Host_AVR8.o
 .debug_frame   0x00000070       0x50 ../LUFA-111009/LUFA/Drivers/USB/Core/AVR8/Pipe_AVR8.o
 .debug_frame   0x000000c0       0x40 ../LUFA-111009/LUFA/Drivers/USB/Core/AVR8/USBController_AVR8.o
 .debug_frame   0x00000100       0x40 ../LUFA-111009/LUFA/Drivers/USB/Core/AVR8/USBInterrupt_AVR8.o
 .debug_frame   0x00000140       0xd0 ../LUFA-111009/LUFA/Drivers/USB/Core/AVR8/PipeStream_AVR8.o
 .debug_frame   0x00000210       0x60 ../LUFA-111009/LUFA/Drivers/USB/Core/ConfigDescriptor.o
 .debug_frame   0x00000270       0x20 ../LUFA-111009/LUFA/Drivers/USB/Core/Events.o
 .debug_frame   0x00000290       0x90 ../LUFA-111009/LUFA/Drivers/USB/Core/HostStandardReq.o
 .debug_frame   0x00000320       0x20 ../LUFA-111009/LUFA/Drivers/USB/Core/USBTask.o
 .debug_frame   0x00000340       0x50 ../LUFA-111009/LUFA/Drivers/USB/Class/Common/HIDParser.o
 .debug_frame   0x00000390       0x70 ../LUFA-111009/LUFA/Drivers/USB/Class/Host/Audio.o
 .debug_frame   0x00000400      0x150 ../LUFA-111009/LUFA/Drivers/USB/Class/Host/CDC.o
 .debug_frame   0x00000550       0xc0 ../LUFA-111009/LUFA/Drivers/USB/Class/Host/HID.o
 .debug_frame   0x00000610      0x100 ../LUFA-111009/LUFA/Drivers/USB/Class/Host/MassStorage.o
 .debug_frame   0x00000710       0x80 ../LUFA-111009/LUFA/Drivers/USB/Class/Host/MIDI.o
 .debug_frame   0x00000790       0xf0 ../LUFA-111009/LUFA/Drivers/USB/Class/Host/Printer.o
 .debug_frame   0x00000880       0xe0 ../LUFA-111009/LUFA/Drivers/USB/Class/Host/RNDIS.o
 .debug_frame   0x00000960       0xe0 ../LUFA-111009/LUFA/Drivers/USB/Class/Host/StillImage.o
 .debug_frame   0x00000a40       0x70 ../LUFA-111009/LUFA/Drivers/Peripheral/AVR8/Serial_AVR8.o
 .debug_frame   0x00000ab0       0x60 CameraControl_USBEvents.o
 .debug_frame   0x00000b10       0x90 CameraControl_General.o
 .debug_frame   0x00000ba0       0x80 CameraControl_DeviceInfo.o
 .debug_frame   0x00000c20       0x50 CameraControl_StorageInfo.o
 .debug_frame   0x00000c70       0x30 CameraControl_DeviceOperation.o
 .debug_frame   0x00000ca0       0x20 CameraControl_DeviceEvents.o
 .debug_frame   0x00000cc0       0xd0 Stabily_Shell.o
 .debug_frame   0x00000d90       0x20 c:/program files (x86)/atmel/avr tools/avr toolchain/bin/../lib/gcc/avr/4.5.1/avr51\libgcc.a(_lshrdi3.o)
 .debug_frame   0x00000db0       0x20 c:/program files (x86)/atmel/avr tools/avr toolchain/bin/../lib/gcc/avr/4.5.1/avr51\libgcc.a(_ashldi3.o)
 .debug_frame   0x00000dd0       0x20 c:/program files (x86)/atmel/avr tools/avr toolchain/bin/../lib/gcc/avr/4.5.1/../../../../avr/lib/avr51\libc.a(strtok.o)
 .debug_frame   0x00000df0       0x20 c:/program files (x86)/atmel/avr tools/avr toolchain/bin/../lib/gcc/avr/4.5.1/../../../../avr/lib/avr51\libc.a(fputc.o)
 .debug_frame   0x00000e10       0x20 c:/program files (x86)/atmel/avr tools/avr toolchain/bin/../lib/gcc/avr/4.5.1/../../../../avr/lib/avr51\libc.a(printf.o)
 .debug_frame   0x00000e30       0x20 c:/program files (x86)/atmel/avr tools/avr toolchain/bin/../lib/gcc/avr/4.5.1/../../../../avr/lib/avr51\libc.a(printf_p.o)
 .debug_frame   0x00000e50       0x20 c:/program files (x86)/atmel/avr tools/avr toolchain/bin/../lib/gcc/avr/4.5.1/../../../../avr/lib/avr51\libc.a(puts.o)
 .debug_frame   0x00000e70       0x20 c:/program files (x86)/atmel/avr tools/avr toolchain/bin/../lib/gcc/avr/4.5.1/../../../../avr/lib/avr51\libc.a(puts_p.o)
 .debug_frame   0x00000e90       0x20 c:/program files (x86)/atmel/avr tools/avr toolchain/bin/../lib/gcc/avr/4.5.1/../../../../avr/lib/avr51\libc.a(sscanf.o)
 .debug_frame   0x00000eb0       0x20 c:/program files (x86)/atmel/avr tools/avr toolchain/bin/../lib/gcc/avr/4.5.1/../../../../avr/lib/avr51\libc.a(vfprintf_std.o)
 .debug_frame   0x00000ed0       0x70 c:/program files (x86)/atmel/avr tools/avr toolchain/bin/../lib/gcc/avr/4.5.1/../../../../avr/lib/avr51\libc.a(vfscanf_std.o)
 .debug_frame   0x00000f40       0x20 c:/program files (x86)/atmel/avr tools/avr toolchain/bin/../lib/gcc/avr/4.5.1/../../../../avr/lib/avr51\libc.a(fgetc.o)
 .debug_frame   0x00000f60       0x20 c:/program files (x86)/atmel/avr tools/avr toolchain/bin/../lib/gcc/avr/4.5.1/../../../../avr/lib/avr51\libc.a(ungetc.o)

.debug_str      0x00000000     0x7560
 *(.debug_str)
 .debug_str     0x00000000      0x314 Stabily.o
                                0x37e (size before relaxing)
 .debug_str     0x00000314      0x928 ../LUFA-111009/LUFA/Drivers/USB/Core/AVR8/Host_AVR8.o
                                0xa00 (size before relaxing)
 .debug_str     0x00000c3c      0x28d ../LUFA-111009/LUFA/Drivers/USB/Core/AVR8/Pipe_AVR8.o
                                0x51b (size before relaxing)
 .debug_str     0x00000ec9      0x170 ../LUFA-111009/LUFA/Drivers/USB/Core/AVR8/USBController_AVR8.o
                                0x4c0 (size before relaxing)
 .debug_str     0x00001039       0xb2 ../LUFA-111009/LUFA/Drivers/USB/Core/AVR8/USBInterrupt_AVR8.o
                                0x482 (size before relaxing)
 .debug_str     0x000010eb      0x288 ../LUFA-111009/LUFA/Drivers/USB/Core/AVR8/PipeStream_AVR8.o
                                0x366 (size before relaxing)
 .debug_str     0x00001373      0x41e ../LUFA-111009/LUFA/Drivers/USB/Core/ConfigDescriptor.o
                                0x7e0 (size before relaxing)
 .debug_str     0x00001791       0x3d ../LUFA-111009/LUFA/Drivers/USB/Core/Events.o
                                 0xe1 (size before relaxing)
 .debug_str     0x000017ce      0x2ca ../LUFA-111009/LUFA/Drivers/USB/Core/HostStandardReq.o
                                0x9ac (size before relaxing)
 .debug_str     0x00001a98       0x51 ../LUFA-111009/LUFA/Drivers/USB/Core/USBTask.o
                                0x1b0 (size before relaxing)
 .debug_str     0x00001ae9      0x479 ../LUFA-111009/LUFA/Drivers/USB/Class/Common/HIDParser.o
                                0x5cf (size before relaxing)
 .debug_str     0x00001f62      0x46e ../LUFA-111009/LUFA/Drivers/USB/Class/Host/Audio.o
                                0x96c (size before relaxing)
 .debug_str     0x000023d0      0x5f1 ../LUFA-111009/LUFA/Drivers/USB/Class/Host/CDC.o
                                0xe10 (size before relaxing)
 .debug_str     0x000029c1      0x496 ../LUFA-111009/LUFA/Drivers/USB/Class/Host/HID.o
                               0x11e6 (size before relaxing)
 .debug_str     0x00002e57      0x695 ../LUFA-111009/LUFA/Drivers/USB/Class/Host/MassStorage.o
                                0xfb9 (size before relaxing)
 .debug_str     0x000034ec      0x221 ../LUFA-111009/LUFA/Drivers/USB/Class/Host/MIDI.o
                                0xb50 (size before relaxing)
 .debug_str     0x0000370d      0x380 ../LUFA-111009/LUFA/Drivers/USB/Class/Host/Printer.o
                                0xcbf (size before relaxing)
 .debug_str     0x00003a8d      0x63f ../LUFA-111009/LUFA/Drivers/USB/Class/Host/RNDIS.o
                               0x11cb (size before relaxing)
 .debug_str     0x000040cc      0x397 ../LUFA-111009/LUFA/Drivers/USB/Class/Host/StillImage.o
                                0xc25 (size before relaxing)
 .debug_str     0x00004463      0x100 ../LUFA-111009/LUFA/Drivers/Peripheral/AVR8/Serial_AVR8.o
                                0x22f (size before relaxing)
 .debug_str     0x00004563       0xce CameraControl_USBEvents.o
                                0x58d (size before relaxing)
 .debug_str     0x00004631      0x9d6 CameraControl_General.o
                                0xed8 (size before relaxing)
 .debug_str     0x00005007     0x1acf CameraControl_DeviceInfo.o
                               0x2493 (size before relaxing)
 .debug_str     0x00006ad6      0x22c CameraControl_StorageInfo.o
                                0xc0d (size before relaxing)
 .debug_str     0x00006d02       0xe1 CameraControl_DeviceOperation.o
                               0x2140 (size before relaxing)
 .debug_str     0x00006de3       0x5d CameraControl_DeviceEvents.o
                                0x75f (size before relaxing)
 .debug_str     0x00006e40      0x13f Stabily_Shell.o
                                0x696 (size before relaxing)
 .debug_str     0x00006f7f      0x104 c:/program files (x86)/atmel/avr tools/avr toolchain/bin/../lib/gcc/avr/4.5.1/avr51\libgcc.a(_lshrdi3.o)
                                0x189 (size before relaxing)
 .debug_str     0x00007083        0xa c:/program files (x86)/atmel/avr tools/avr toolchain/bin/../lib/gcc/avr/4.5.1/avr51\libgcc.a(_ashldi3.o)
                                0x189 (size before relaxing)
 .debug_str     0x0000708d       0x5f c:/program files (x86)/atmel/avr tools/avr toolchain/bin/../lib/gcc/avr/4.5.1/../../../../avr/lib/avr51\libc.a(strtok.o)
                                 0x7d (size before relaxing)
 .debug_str     0x000070ec       0x56 c:/program files (x86)/atmel/avr tools/avr toolchain/bin/../lib/gcc/avr/4.5.1/../../../../avr/lib/avr51\libc.a(fputc.o)
                                 0xfb (size before relaxing)
 .debug_str     0x00007142       0x4e c:/program files (x86)/atmel/avr tools/avr toolchain/bin/../lib/gcc/avr/4.5.1/../../../../avr/lib/avr51\libc.a(iob.o)
                                 0xf2 (size before relaxing)
 .debug_str     0x00007190       0x72 c:/program files (x86)/atmel/avr tools/avr toolchain/bin/../lib/gcc/avr/4.5.1/../../../../avr/lib/avr51\libc.a(printf.o)
                                0x125 (size before relaxing)
 .debug_str     0x00007202       0x5c c:/program files (x86)/atmel/avr tools/avr toolchain/bin/../lib/gcc/avr/4.5.1/../../../../avr/lib/avr51\libc.a(printf_p.o)
                                0x129 (size before relaxing)
 .debug_str     0x0000725e       0x54 c:/program files (x86)/atmel/avr tools/avr toolchain/bin/../lib/gcc/avr/4.5.1/../../../../avr/lib/avr51\libc.a(puts.o)
                                 0xf8 (size before relaxing)
 .debug_str     0x000072b2       0x58 c:/program files (x86)/atmel/avr tools/avr toolchain/bin/../lib/gcc/avr/4.5.1/../../../../avr/lib/avr51\libc.a(puts_p.o)
                                0x123 (size before relaxing)
 .debug_str     0x0000730a       0x58 c:/program files (x86)/atmel/avr tools/avr toolchain/bin/../lib/gcc/avr/4.5.1/../../../../avr/lib/avr51\libc.a(sscanf.o)
                                0x11f (size before relaxing)
 .debug_str     0x00007362       0x98 c:/program files (x86)/atmel/avr tools/avr toolchain/bin/../lib/gcc/avr/4.5.1/../../../../avr/lib/avr51\libc.a(vfprintf_std.o)
                                0x177 (size before relaxing)
 .debug_str     0x000073fa       0xb8 c:/program files (x86)/atmel/avr tools/avr toolchain/bin/../lib/gcc/avr/4.5.1/../../../../avr/lib/avr51\libc.a(vfscanf_std.o)
                                0x19d (size before relaxing)
 .debug_str     0x000074b2       0x56 c:/program files (x86)/atmel/avr tools/avr toolchain/bin/../lib/gcc/avr/4.5.1/../../../../avr/lib/avr51\libc.a(fgetc.o)
                                 0xfb (size before relaxing)
 .debug_str     0x00007508       0x58 c:/program files (x86)/atmel/avr tools/avr toolchain/bin/../lib/gcc/avr/4.5.1/../../../../avr/lib/avr51\libc.a(ungetc.o)
                                 0xfd (size before relaxing)

.debug_loc      0x00000000     0x9ad2
 *(.debug_loc)
 .debug_loc     0x00000000      0x348 ../LUFA-111009/LUFA/Drivers/USB/Core/AVR8/Host_AVR8.o
 .debug_loc     0x00000348      0x36d ../LUFA-111009/LUFA/Drivers/USB/Core/AVR8/Pipe_AVR8.o
 .debug_loc     0x000006b5      0x118 ../LUFA-111009/LUFA/Drivers/USB/Core/AVR8/USBInterrupt_AVR8.o
 .debug_loc     0x000007cd      0xfe0 ../LUFA-111009/LUFA/Drivers/USB/Core/AVR8/PipeStream_AVR8.o
 .debug_loc     0x000017ad      0x365 ../LUFA-111009/LUFA/Drivers/USB/Core/ConfigDescriptor.o
 .debug_loc     0x00001b12      0x3ca ../LUFA-111009/LUFA/Drivers/USB/Core/HostStandardReq.o
 .debug_loc     0x00001edc       0x1f ../LUFA-111009/LUFA/Drivers/USB/Core/USBTask.o
 .debug_loc     0x00001efb      0x912 ../LUFA-111009/LUFA/Drivers/USB/Class/Common/HIDParser.o
 .debug_loc     0x0000280d      0x6b8 ../LUFA-111009/LUFA/Drivers/USB/Class/Host/Audio.o
 .debug_loc     0x00002ec5      0xa0a ../LUFA-111009/LUFA/Drivers/USB/Class/Host/CDC.o
 .debug_loc     0x000038cf      0x899 ../LUFA-111009/LUFA/Drivers/USB/Class/Host/HID.o
 .debug_loc     0x00004168      0xd67 ../LUFA-111009/LUFA/Drivers/USB/Class/Host/MassStorage.o
 .debug_loc     0x00004ecf      0x55a ../LUFA-111009/LUFA/Drivers/USB/Class/Host/MIDI.o
 .debug_loc     0x00005429      0x8c9 ../LUFA-111009/LUFA/Drivers/USB/Class/Host/Printer.o
 .debug_loc     0x00005cf2      0x9fe ../LUFA-111009/LUFA/Drivers/USB/Class/Host/RNDIS.o
 .debug_loc     0x000066f0      0xb8f ../LUFA-111009/LUFA/Drivers/USB/Class/Host/StillImage.o
 .debug_loc     0x0000727f      0x15e ../LUFA-111009/LUFA/Drivers/Peripheral/AVR8/Serial_AVR8.o
 .debug_loc     0x000073dd       0x39 CameraControl_USBEvents.o
 .debug_loc     0x00007416      0x277 CameraControl_General.o
 .debug_loc     0x0000768d      0x67c CameraControl_DeviceInfo.o
 .debug_loc     0x00007d09      0x406 CameraControl_StorageInfo.o
 .debug_loc     0x0000810f      0x20e CameraControl_DeviceOperation.o
 .debug_loc     0x0000831d       0x79 CameraControl_DeviceEvents.o
 .debug_loc     0x00008396      0x287 Stabily_Shell.o
 .debug_loc     0x0000861d       0x6d c:/program files (x86)/atmel/avr tools/avr toolchain/bin/../lib/gcc/avr/4.5.1/avr51\libgcc.a(_lshrdi3.o)
 .debug_loc     0x0000868a       0x6d c:/program files (x86)/atmel/avr tools/avr toolchain/bin/../lib/gcc/avr/4.5.1/avr51\libgcc.a(_ashldi3.o)
 .debug_loc     0x000086f7       0x30 c:/program files (x86)/atmel/avr tools/avr toolchain/bin/../lib/gcc/avr/4.5.1/../../../../avr/lib/avr51\libc.a(strtok.o)
 .debug_loc     0x00008727       0x50 c:/program files (x86)/atmel/avr tools/avr toolchain/bin/../lib/gcc/avr/4.5.1/../../../../avr/lib/avr51\libc.a(fputc.o)
 .debug_loc     0x00008777       0xa7 c:/program files (x86)/atmel/avr tools/avr toolchain/bin/../lib/gcc/avr/4.5.1/../../../../avr/lib/avr51\libc.a(puts.o)
 .debug_loc     0x0000881e       0xe0 c:/program files (x86)/atmel/avr tools/avr toolchain/bin/../lib/gcc/avr/4.5.1/../../../../avr/lib/avr51\libc.a(puts_p.o)
 .debug_loc     0x000088fe      0x6b1 c:/program files (x86)/atmel/avr tools/avr toolchain/bin/../lib/gcc/avr/4.5.1/../../../../avr/lib/avr51\libc.a(vfprintf_std.o)
 .debug_loc     0x00008faf      0xaab c:/program files (x86)/atmel/avr tools/avr toolchain/bin/../lib/gcc/avr/4.5.1/../../../../avr/lib/avr51\libc.a(vfscanf_std.o)
 .debug_loc     0x00009a5a       0x60 c:/program files (x86)/atmel/avr tools/avr toolchain/bin/../lib/gcc/avr/4.5.1/../../../../avr/lib/avr51\libc.a(fgetc.o)
 .debug_loc     0x00009aba       0x18 c:/program files (x86)/atmel/avr tools/avr toolchain/bin/../lib/gcc/avr/4.5.1/../../../../avr/lib/avr51\libc.a(ungetc.o)

.debug_macinfo
 *(.debug_macinfo)
OUTPUT(Stabily.elf elf32-avr)
LOAD linker stubs

.debug_pubtypes
                0x00000000     0x2398
 .debug_pubtypes
                0x00000000       0x6f Stabily.o
 .debug_pubtypes
                0x0000006f      0x12a ../LUFA-111009/LUFA/Drivers/USB/Core/AVR8/Host_AVR8.o
 .debug_pubtypes
                0x00000199       0x66 ../LUFA-111009/LUFA/Drivers/USB/Core/AVR8/Pipe_AVR8.o
 .debug_pubtypes
                0x000001ff       0x59 ../LUFA-111009/LUFA/Drivers/USB/Core/AVR8/USBController_AVR8.o
 .debug_pubtypes
                0x00000258       0x88 ../LUFA-111009/LUFA/Drivers/USB/Core/AVR8/USBInterrupt_AVR8.o
 .debug_pubtypes
                0x000002e0       0x4b ../LUFA-111009/LUFA/Drivers/USB/Core/AVR8/PipeStream_AVR8.o
 .debug_pubtypes
                0x0000032b      0x17e ../LUFA-111009/LUFA/Drivers/USB/Core/ConfigDescriptor.o
 .debug_pubtypes
                0x000004a9       0x12 ../LUFA-111009/LUFA/Drivers/USB/Core/Events.o
 .debug_pubtypes
                0x000004bb      0x106 ../LUFA-111009/LUFA/Drivers/USB/Core/HostStandardReq.o
 .debug_pubtypes
                0x000005c1       0x44 ../LUFA-111009/LUFA/Drivers/USB/Core/USBTask.o
 .debug_pubtypes
                0x00000605      0x145 ../LUFA-111009/LUFA/Drivers/USB/Class/Common/HIDParser.o
 .debug_pubtypes
                0x0000074a      0x19c ../LUFA-111009/LUFA/Drivers/USB/Class/Host/Audio.o
 .debug_pubtypes
                0x000008e6      0x21c ../LUFA-111009/LUFA/Drivers/USB/Class/Host/CDC.o
 .debug_pubtypes
                0x00000b02      0x35f ../LUFA-111009/LUFA/Drivers/USB/Class/Host/HID.o
 .debug_pubtypes
                0x00000e61      0x296 ../LUFA-111009/LUFA/Drivers/USB/Class/Host/MassStorage.o
 .debug_pubtypes
                0x000010f7      0x1f3 ../LUFA-111009/LUFA/Drivers/USB/Class/Host/MIDI.o
 .debug_pubtypes
                0x000012ea      0x219 ../LUFA-111009/LUFA/Drivers/USB/Class/Host/Printer.o
 .debug_pubtypes
                0x00001503      0x346 ../LUFA-111009/LUFA/Drivers/USB/Class/Host/RNDIS.o
 .debug_pubtypes
                0x00001849      0x1c8 ../LUFA-111009/LUFA/Drivers/USB/Class/Host/StillImage.o
 .debug_pubtypes
                0x00001a11       0x42 ../LUFA-111009/LUFA/Drivers/Peripheral/AVR8/Serial_AVR8.o
 .debug_pubtypes
                0x00001a53       0xde CameraControl_USBEvents.o
 .debug_pubtypes
                0x00001b31       0xc5 CameraControl_General.o
 .debug_pubtypes
                0x00001bf6       0xf2 CameraControl_DeviceInfo.o
 .debug_pubtypes
                0x00001ce8      0x108 CameraControl_StorageInfo.o
 .debug_pubtypes
                0x00001df0      0x100 CameraControl_DeviceOperation.o
 .debug_pubtypes
                0x00001ef0       0xdb CameraControl_DeviceEvents.o
 .debug_pubtypes
                0x00001fcb       0x75 Stabily_Shell.o
 .debug_pubtypes
                0x00002040       0x62 c:/program files (x86)/atmel/avr tools/avr toolchain/bin/../lib/gcc/avr/4.5.1/avr51\libgcc.a(_lshrdi3.o)
 .debug_pubtypes
                0x000020a2       0x62 c:/program files (x86)/atmel/avr tools/avr toolchain/bin/../lib/gcc/avr/4.5.1/avr51\libgcc.a(_ashldi3.o)
 .debug_pubtypes
                0x00002104       0x12 c:/program files (x86)/atmel/avr tools/avr toolchain/bin/../lib/gcc/avr/4.5.1/../../../../avr/lib/avr51\libc.a(strtok.o)
 .debug_pubtypes
                0x00002116       0x29 c:/program files (x86)/atmel/avr tools/avr toolchain/bin/../lib/gcc/avr/4.5.1/../../../../avr/lib/avr51\libc.a(fputc.o)
 .debug_pubtypes
                0x0000213f       0x29 c:/program files (x86)/atmel/avr tools/avr toolchain/bin/../lib/gcc/avr/4.5.1/../../../../avr/lib/avr51\libc.a(iob.o)
 .debug_pubtypes
                0x00002168       0x48 c:/program files (x86)/atmel/avr tools/avr toolchain/bin/../lib/gcc/avr/4.5.1/../../../../avr/lib/avr51\libc.a(printf.o)
 .debug_pubtypes
                0x000021b0       0x48 c:/program files (x86)/atmel/avr tools/avr toolchain/bin/../lib/gcc/avr/4.5.1/../../../../avr/lib/avr51\libc.a(printf_p.o)
 .debug_pubtypes
                0x000021f8       0x29 c:/program files (x86)/atmel/avr tools/avr toolchain/bin/../lib/gcc/avr/4.5.1/../../../../avr/lib/avr51\libc.a(puts.o)
 .debug_pubtypes
                0x00002221       0x36 c:/program files (x86)/atmel/avr tools/avr toolchain/bin/../lib/gcc/avr/4.5.1/../../../../avr/lib/avr51\libc.a(puts_p.o)
 .debug_pubtypes
                0x00002257       0x48 c:/program files (x86)/atmel/avr tools/avr toolchain/bin/../lib/gcc/avr/4.5.1/../../../../avr/lib/avr51\libc.a(sscanf.o)
 .debug_pubtypes
                0x0000229f       0x53 c:/program files (x86)/atmel/avr tools/avr toolchain/bin/../lib/gcc/avr/4.5.1/../../../../avr/lib/avr51\libc.a(vfprintf_std.o)
 .debug_pubtypes
                0x000022f2       0x54 c:/program files (x86)/atmel/avr tools/avr toolchain/bin/../lib/gcc/avr/4.5.1/../../../../avr/lib/avr51\libc.a(vfscanf_std.o)
 .debug_pubtypes
                0x00002346       0x29 c:/program files (x86)/atmel/avr tools/avr toolchain/bin/../lib/gcc/avr/4.5.1/../../../../avr/lib/avr51\libc.a(fgetc.o)
 .debug_pubtypes
                0x0000236f       0x29 c:/program files (x86)/atmel/avr tools/avr toolchain/bin/../lib/gcc/avr/4.5.1/../../../../avr/lib/avr51\libc.a(ungetc.o)

.debug_ranges   0x00000000      0xd70
 .debug_ranges  0x00000000       0x18 Stabily.o
 .debug_ranges  0x00000018       0x38 ../LUFA-111009/LUFA/Drivers/USB/Core/AVR8/Host_AVR8.o
 .debug_ranges  0x00000050       0x98 ../LUFA-111009/LUFA/Drivers/USB/Core/AVR8/Pipe_AVR8.o
 .debug_ranges  0x000000e8       0x20 ../LUFA-111009/LUFA/Drivers/USB/Core/AVR8/USBController_AVR8.o
 .debug_ranges  0x00000108       0x20 ../LUFA-111009/LUFA/Drivers/USB/Core/AVR8/USBInterrupt_AVR8.o
 .debug_ranges  0x00000128       0x68 ../LUFA-111009/LUFA/Drivers/USB/Core/AVR8/PipeStream_AVR8.o
 .debug_ranges  0x00000190       0x30 ../LUFA-111009/LUFA/Drivers/USB/Core/ConfigDescriptor.o
 .debug_ranges  0x000001c0       0x10 ../LUFA-111009/LUFA/Drivers/USB/Core/Events.o
 .debug_ranges  0x000001d0       0x60 ../LUFA-111009/LUFA/Drivers/USB/Core/HostStandardReq.o
 .debug_ranges  0x00000230       0x10 ../LUFA-111009/LUFA/Drivers/USB/Core/USBTask.o
 .debug_ranges  0x00000240      0x100 ../LUFA-111009/LUFA/Drivers/USB/Class/Common/HIDParser.o
 .debug_ranges  0x00000340       0xc0 ../LUFA-111009/LUFA/Drivers/USB/Class/Host/Audio.o
 .debug_ranges  0x00000400      0x108 ../LUFA-111009/LUFA/Drivers/USB/Class/Host/CDC.o
 .debug_ranges  0x00000508       0xe0 ../LUFA-111009/LUFA/Drivers/USB/Class/Host/HID.o
 .debug_ranges  0x000005e8       0xf8 ../LUFA-111009/LUFA/Drivers/USB/Class/Host/MassStorage.o
 .debug_ranges  0x000006e0       0xa0 ../LUFA-111009/LUFA/Drivers/USB/Class/Host/MIDI.o
 .debug_ranges  0x00000780       0xd8 ../LUFA-111009/LUFA/Drivers/USB/Class/Host/Printer.o
 .debug_ranges  0x00000858       0xd0 ../LUFA-111009/LUFA/Drivers/USB/Class/Host/RNDIS.o
 .debug_ranges  0x00000928       0xe8 ../LUFA-111009/LUFA/Drivers/USB/Class/Host/StillImage.o
 .debug_ranges  0x00000a10       0x50 ../LUFA-111009/LUFA/Drivers/Peripheral/AVR8/Serial_AVR8.o
 .debug_ranges  0x00000a60       0x30 CameraControl_USBEvents.o
 .debug_ranges  0x00000a90       0x48 CameraControl_General.o
 .debug_ranges  0x00000ad8       0x58 CameraControl_DeviceInfo.o
 .debug_ranges  0x00000b30       0x28 CameraControl_StorageInfo.o
 .debug_ranges  0x00000b58       0x18 CameraControl_DeviceOperation.o
 .debug_ranges  0x00000b70       0x10 CameraControl_DeviceEvents.o
 .debug_ranges  0x00000b80       0xb0 Stabily_Shell.o
 .debug_ranges  0x00000c30       0x10 c:/program files (x86)/atmel/avr tools/avr toolchain/bin/../lib/gcc/avr/4.5.1/../../../../avr/lib/avr51\libc.a(strtok.o)
 .debug_ranges  0x00000c40       0x10 c:/program files (x86)/atmel/avr tools/avr toolchain/bin/../lib/gcc/avr/4.5.1/../../../../avr/lib/avr51\libc.a(fputc.o)
 .debug_ranges  0x00000c50       0x10 c:/program files (x86)/atmel/avr tools/avr toolchain/bin/../lib/gcc/avr/4.5.1/../../../../avr/lib/avr51\libc.a(printf.o)
 .debug_ranges  0x00000c60       0x10 c:/program files (x86)/atmel/avr tools/avr toolchain/bin/../lib/gcc/avr/4.5.1/../../../../avr/lib/avr51\libc.a(printf_p.o)
 .debug_ranges  0x00000c70       0x10 c:/program files (x86)/atmel/avr tools/avr toolchain/bin/../lib/gcc/avr/4.5.1/../../../../avr/lib/avr51\libc.a(puts.o)
 .debug_ranges  0x00000c80       0x10 c:/program files (x86)/atmel/avr tools/avr toolchain/bin/../lib/gcc/avr/4.5.1/../../../../avr/lib/avr51\libc.a(puts_p.o)
 .debug_ranges  0x00000c90       0x10 c:/program files (x86)/atmel/avr tools/avr toolchain/bin/../lib/gcc/avr/4.5.1/../../../../avr/lib/avr51\libc.a(sscanf.o)
 .debug_ranges  0x00000ca0       0x28 c:/program files (x86)/atmel/avr tools/avr toolchain/bin/../lib/gcc/avr/4.5.1/../../../../avr/lib/avr51\libc.a(vfprintf_std.o)
 .debug_ranges  0x00000cc8       0x88 c:/program files (x86)/atmel/avr tools/avr toolchain/bin/../lib/gcc/avr/4.5.1/../../../../avr/lib/avr51\libc.a(vfscanf_std.o)
 .debug_ranges  0x00000d50       0x10 c:/program files (x86)/atmel/avr tools/avr toolchain/bin/../lib/gcc/avr/4.5.1/../../../../avr/lib/avr51\libc.a(fgetc.o)
 .debug_ranges  0x00000d60       0x10 c:/program files (x86)/atmel/avr tools/avr toolchain/bin/../lib/gcc/avr/4.5.1/../../../../avr/lib/avr51\libc.a(ungetc.o)

Cross Reference Table

Symbol                                            File
Audio_Host_ConfigurePipes                         ../LUFA-111009/LUFA/Drivers/USB/Class/Host/Audio.o
Audio_Host_GetSetEndpointProperty                 ../LUFA-111009/LUFA/Drivers/USB/Class/Host/Audio.o
Audio_Host_StartStopStreaming                     ../LUFA-111009/LUFA/Drivers/USB/Class/Host/Audio.o
CALLBACK_HIDParser_FilterHIDReportItem            ../LUFA-111009/LUFA/Drivers/USB/Class/Common/HIDParser.o
CDC_Host_BytesReceived                            ../LUFA-111009/LUFA/Drivers/USB/Class/Host/CDC.o
CDC_Host_ConfigurePipes                           ../LUFA-111009/LUFA/Drivers/USB/Class/Host/CDC.o
CDC_Host_CreateBlockingStream                     ../LUFA-111009/LUFA/Drivers/USB/Class/Host/CDC.o
CDC_Host_CreateStream                             ../LUFA-111009/LUFA/Drivers/USB/Class/Host/CDC.o
CDC_Host_Event_Stub                               ../LUFA-111009/LUFA/Drivers/USB/Class/Host/CDC.o
CDC_Host_Flush                                    ../LUFA-111009/LUFA/Drivers/USB/Class/Host/CDC.o
CDC_Host_ReceiveByte                              ../LUFA-111009/LUFA/Drivers/USB/Class/Host/CDC.o
CDC_Host_SendBreak                                ../LUFA-111009/LUFA/Drivers/USB/Class/Host/CDC.o
CDC_Host_SendByte                                 ../LUFA-111009/LUFA/Drivers/USB/Class/Host/CDC.o
CDC_Host_SendControlLineStateChange               ../LUFA-111009/LUFA/Drivers/USB/Class/Host/CDC.o
CDC_Host_SendData                                 ../LUFA-111009/LUFA/Drivers/USB/Class/Host/CDC.o
CDC_Host_SendString                               ../LUFA-111009/LUFA/Drivers/USB/Class/Host/CDC.o
CDC_Host_SetLineEncoding                          ../LUFA-111009/LUFA/Drivers/USB/Class/Host/CDC.o
CDC_Host_USBTask                                  ../LUFA-111009/LUFA/Drivers/USB/Class/Host/CDC.o
CameraControl_CameraConnected                     CameraControl_General.o
                                                  Stabily_Shell.o
CameraControl_CloseSession                        CameraControl_General.o
                                                  Stabily_Shell.o
                                                  CameraControl_DeviceOperation.o
CameraControl_DescribePIPE_RWSTREAMError          CameraControl_General.o
CameraControl_DeviceEvents_PollEvents             CameraControl_DeviceEvents.o
                                                  Stabily.o
CameraControl_DeviceInfo_CopyArray                CameraControl_DeviceInfo.o
CameraControl_DeviceInfo_CopyString               CameraControl_DeviceInfo.o
CameraControl_DeviceInfo_GetInfo                  CameraControl_DeviceInfo.o
CameraControl_DeviceInfo_Parse                    CameraControl_DeviceInfo.o
CameraControl_DeviceInfo_PrintArray               CameraControl_DeviceInfo.o
CameraControl_DeviceInfo_PrintString              CameraControl_DeviceInfo.o
CameraControl_DeviceInfo_Printout                 CameraControl_DeviceInfo.o
                                                  Stabily_Shell.o
CameraControl_DeviceOperation_Capture             CameraControl_DeviceOperation.o
                                                  Stabily_Shell.o
CameraControl_DeviceOperation_GetPropertyDesc     CameraControl_DeviceOperation.o
                                                  Stabily_Shell.o
CameraControl_GetResponseAndCheck                 CameraControl_General.o
                                                  CameraControl_DeviceOperation.o
                                                  CameraControl_StorageInfo.o
                                                  CameraControl_DeviceInfo.o
CameraControl_GetStorageID                        CameraControl_StorageInfo.o
                                                  CameraControl_DeviceOperation.o
CameraControl_GetStorageIDs                       CameraControl_StorageInfo.o
CameraControl_GetStorageInfo                      CameraControl_StorageInfo.o
CameraControl_InitiateTransaction                 CameraControl_General.o
                                                  CameraControl_DeviceOperation.o
                                                  CameraControl_StorageInfo.o
                                                  CameraControl_DeviceInfo.o
CameraControl_OpenSession                         CameraControl_General.o
                                                  Stabily_Shell.o
                                                  CameraControl_DeviceOperation.o
CameraControl_PTPErrorDescription                 CameraControl_General.o
CameraControl_StorageInfo_Printout                CameraControl_StorageInfo.o
                                                  Stabily_Shell.o
DigitalCamera_SI_Interface                        Stabily.o
                                                  Stabily_Shell.o
                                                  CameraControl_USBEvents.o
EVENT_CDC_Host_ControLineStateChanged             ../LUFA-111009/LUFA/Drivers/USB/Class/Host/CDC.o
EVENT_USB_Host_DeviceAttached                     CameraControl_USBEvents.o
                                                  ../LUFA-111009/LUFA/Drivers/USB/Core/Events.o
                                                  ../LUFA-111009/LUFA/Drivers/USB/Core/AVR8/USBInterrupt_AVR8.o
EVENT_USB_Host_DeviceEnumerationComplete          CameraControl_USBEvents.o
                                                  ../LUFA-111009/LUFA/Drivers/USB/Core/Events.o
                                                  ../LUFA-111009/LUFA/Drivers/USB/Core/AVR8/Host_AVR8.o
EVENT_USB_Host_DeviceEnumerationFailed            CameraControl_USBEvents.o
                                                  ../LUFA-111009/LUFA/Drivers/USB/Core/Events.o
                                                  ../LUFA-111009/LUFA/Drivers/USB/Core/AVR8/USBInterrupt_AVR8.o
                                                  ../LUFA-111009/LUFA/Drivers/USB/Core/AVR8/Host_AVR8.o
EVENT_USB_Host_DeviceUnattached                   CameraControl_USBEvents.o
                                                  ../LUFA-111009/LUFA/Drivers/USB/Core/Events.o
                                                  ../LUFA-111009/LUFA/Drivers/USB/Core/AVR8/USBInterrupt_AVR8.o
                                                  ../LUFA-111009/LUFA/Drivers/USB/Core/AVR8/Host_AVR8.o
EVENT_USB_Host_HostError                          CameraControl_USBEvents.o
                                                  ../LUFA-111009/LUFA/Drivers/USB/Core/Events.o
                                                  ../LUFA-111009/LUFA/Drivers/USB/Core/AVR8/USBInterrupt_AVR8.o
EVENT_USB_Host_StartOfFrame                       ../LUFA-111009/LUFA/Drivers/USB/Core/Events.o
                                                  ../LUFA-111009/LUFA/Drivers/USB/Core/AVR8/USBInterrupt_AVR8.o
HID_Host_ConfigurePipes                           ../LUFA-111009/LUFA/Drivers/USB/Class/Host/HID.o
HID_Host_IsReportReceived                         ../LUFA-111009/LUFA/Drivers/USB/Class/Host/HID.o
HID_Host_ReceiveReport                            ../LUFA-111009/LUFA/Drivers/USB/Class/Host/HID.o
HID_Host_ReceiveReportByID                        ../LUFA-111009/LUFA/Drivers/USB/Class/Host/HID.o
HID_Host_SendReportByID                           ../LUFA-111009/LUFA/Drivers/USB/Class/Host/HID.o
HID_Host_SetBootProtocol                          ../LUFA-111009/LUFA/Drivers/USB/Class/Host/HID.o
HID_Host_SetIdlePeriod                            ../LUFA-111009/LUFA/Drivers/USB/Class/Host/HID.o
HID_Host_SetReportProtocol                        ../LUFA-111009/LUFA/Drivers/USB/Class/Host/HID.o